Archive member included because of file (symbol)

C:\Users\ALESSD~1\AppData\Local\Temp\arduino-sketch-DC995295C647EFD0C46A66B334A57BE7/..\arduino-core-cache\core_multi4in1_STM32F1_multistm32f103c_1a4f32500f0d83b6bb8703ebc99ada50.a(exc.S.o)
                              (__exc_hardfault)
C:\Users\ALESSD~1\AppData\Local\Temp\arduino-sketch-DC995295C647EFD0C46A66B334A57BE7/..\arduino-core-cache\core_multi4in1_STM32F1_multistm32f103c_1a4f32500f0d83b6bb8703ebc99ada50.a(isrs.S.o)
                              (__stm32reservedexception7)
C:\Users\ALESSD~1\AppData\Local\Temp\arduino-sketch-DC995295C647EFD0C46A66B334A57BE7/..\arduino-core-cache\core_multi4in1_STM32F1_multistm32f103c_1a4f32500f0d83b6bb8703ebc99ada50.a(vector_table.S.o)
                              (__stm32_vector_table)
C:\Users\ALESSD~1\AppData\Local\Temp\arduino-sketch-DC995295C647EFD0C46A66B334A57BE7/..\arduino-core-cache\core_multi4in1_STM32F1_multistm32f103c_1a4f32500f0d83b6bb8703ebc99ada50.a(adc.c.o)
                              C:\Users\ALESSD~1\AppData\Local\Temp\arduino-sketch-DC995295C647EFD0C46A66B334A57BE7\core\wirish\boards.cpp.o (adc_set_sample_rate)
C:\Users\ALESSD~1\AppData\Local\Temp\arduino-sketch-DC995295C647EFD0C46A66B334A57BE7/..\arduino-core-cache\core_multi4in1_STM32F1_multistm32f103c_1a4f32500f0d83b6bb8703ebc99ada50.a(adc_f1.c.o)
                              C:\Users\ALESSD~1\AppData\Local\Temp\arduino-sketch-DC995295C647EFD0C46A66B334A57BE7\core\wirish\boards.cpp.o (adc_set_prescaler)
C:\Users\ALESSD~1\AppData\Local\Temp\arduino-sketch-DC995295C647EFD0C46A66B334A57BE7/..\arduino-core-cache\core_multi4in1_STM32F1_multistm32f103c_1a4f32500f0d83b6bb8703ebc99ada50.a(dma.c.o)
                              C:\Users\ALESSD~1\AppData\Local\Temp\arduino-sketch-DC995295C647EFD0C46A66B334A57BE7\libraries\SPI\SPI.cpp.o (dma_init)
C:\Users\ALESSD~1\AppData\Local\Temp\arduino-sketch-DC995295C647EFD0C46A66B334A57BE7/..\arduino-core-cache\core_multi4in1_STM32F1_multistm32f103c_1a4f32500f0d83b6bb8703ebc99ada50.a(dma_f1.c.o)
                              C:\Users\ALESSD~1\AppData\Local\Temp\arduino-sketch-DC995295C647EFD0C46A66B334A57BE7\libraries\SPI\SPI.cpp.o (dma_set_priority)
C:\Users\ALESSD~1\AppData\Local\Temp\arduino-sketch-DC995295C647EFD0C46A66B334A57BE7/..\arduino-core-cache\core_multi4in1_STM32F1_multistm32f103c_1a4f32500f0d83b6bb8703ebc99ada50.a(flash.c.o)
                              C:\Users\ALESSD~1\AppData\Local\Temp\arduino-sketch-DC995295C647EFD0C46A66B334A57BE7\core\wirish\boards.cpp.o (flash_set_latency)
C:\Users\ALESSD~1\AppData\Local\Temp\arduino-sketch-DC995295C647EFD0C46A66B334A57BE7/..\arduino-core-cache\core_multi4in1_STM32F1_multistm32f103c_1a4f32500f0d83b6bb8703ebc99ada50.a(gpio_f1.c.o)
                              C:\Users\ALESSD~1\AppData\Local\Temp\arduino-sketch-DC995295C647EFD0C46A66B334A57BE7\core\wirish\boards_setup.cpp.o (gpio_init_all)
C:\Users\ALESSD~1\AppData\Local\Temp\arduino-sketch-DC995295C647EFD0C46A66B334A57BE7/..\arduino-core-cache\core_multi4in1_STM32F1_multistm32f103c_1a4f32500f0d83b6bb8703ebc99ada50.a(nvic.c.o)
                              C:\Users\ALESSD~1\AppData\Local\Temp\arduino-sketch-DC995295C647EFD0C46A66B334A57BE7\core\wirish\boards.cpp.o (nvic_init)
C:\Users\ALESSD~1\AppData\Local\Temp\arduino-sketch-DC995295C647EFD0C46A66B334A57BE7/..\arduino-core-cache\core_multi4in1_STM32F1_multistm32f103c_1a4f32500f0d83b6bb8703ebc99ada50.a(rcc.c.o)
                              C:\Users\ALESSD~1\AppData\Local\Temp\arduino-sketch-DC995295C647EFD0C46A66B334A57BE7\libraries\SPI\SPI.cpp.o (rcc_dev_clk)
C:\Users\ALESSD~1\AppData\Local\Temp\arduino-sketch-DC995295C647EFD0C46A66B334A57BE7/..\arduino-core-cache\core_multi4in1_STM32F1_multistm32f103c_1a4f32500f0d83b6bb8703ebc99ada50.a(rcc_f1.c.o)
                              C:\Users\ALESSD~1\AppData\Local\Temp\arduino-sketch-DC995295C647EFD0C46A66B334A57BE7\core\wirish\boards.cpp.o (rcc_configure_pll)
C:\Users\ALESSD~1\AppData\Local\Temp\arduino-sketch-DC995295C647EFD0C46A66B334A57BE7/..\arduino-core-cache\core_multi4in1_STM32F1_multistm32f103c_1a4f32500f0d83b6bb8703ebc99ada50.a(spi.c.o)
                              C:\Users\ALESSD~1\AppData\Local\Temp\arduino-sketch-DC995295C647EFD0C46A66B334A57BE7\libraries\SPI\SPI.cpp.o (spi_init)
C:\Users\ALESSD~1\AppData\Local\Temp\arduino-sketch-DC995295C647EFD0C46A66B334A57BE7/..\arduino-core-cache\core_multi4in1_STM32F1_multistm32f103c_1a4f32500f0d83b6bb8703ebc99ada50.a(spi_f1.c.o)
                              C:\Users\ALESSD~1\AppData\Local\Temp\arduino-sketch-DC995295C647EFD0C46A66B334A57BE7\libraries\SPI\SPI.cpp.o (spi_config_gpios)
C:\Users\ALESSD~1\AppData\Local\Temp\arduino-sketch-DC995295C647EFD0C46A66B334A57BE7/..\arduino-core-cache\core_multi4in1_STM32F1_multistm32f103c_1a4f32500f0d83b6bb8703ebc99ada50.a(systick.c.o)
                              C:\Users\ALESSD~1\AppData\Local\Temp\arduino-sketch-DC995295C647EFD0C46A66B334A57BE7\core\wirish\boards.cpp.o (systick_init)
[...]
Memory Configuration

Name             Origin             Length             Attributes
ram              0x20000000         0x00005000         xrw
rom              0x08002000         0x0001e000         xr
*default*        0x00000000         0xffffffff

Linker script and memory map

LOAD c:/users/alessdesktop/appdata/local/arduino15/packages/arduino/tools/arm-none-eabi-gcc/4.8.3-2014q1/bin/../lib/gcc/arm-none-eabi/4.8.3/armv7-m/crti.o
LOAD c:/users/alessdesktop/appdata/local/arduino15/packages/arduino/tools/arm-none-eabi-gcc/4.8.3-2014q1/bin/../lib/gcc/arm-none-eabi/4.8.3/armv7-m/crtbegin.o
LOAD c:/users/alessdesktop/appdata/local/arduino15/packages/arduino/tools/arm-none-eabi-gcc/4.8.3-2014q1/bin/../lib/gcc/arm-none-eabi/4.8.3/../../../../arm-none-eabi/lib/armv7-m/crt0.o
LOAD c:/users/alessdesktop/appdata/local/arduino15/packages/arduino/tools/arm-none-eabi-gcc/4.8.3-2014q1/bin/../lib/gcc/arm-none-eabi/4.8.3/armv7-m\libgcc.a
START GROUP
LOAD C:\Users\ALESSD~1\AppData\Local\Temp\arduino-sketch-DC995295C647EFD0C46A66B334A57BE7\sketch\Multiprotocol.ino.cpp.o
LOAD C:\Users\ALESSD~1\AppData\Local\Temp\arduino-sketch-DC995295C647EFD0C46A66B334A57BE7\libraries\SPI\SPI.cpp.o
LOAD C:\Users\ALESSD~1\AppData\Local\Temp\arduino-sketch-DC995295C647EFD0C46A66B334A57BE7\libraries\EEPROM\flash_stm32.c.o
LOAD C:\Users\ALESSD~1\AppData\Local\Temp\arduino-sketch-DC995295C647EFD0C46A66B334A57BE7\libraries\EEPROM\EEPROM.cpp.o
LOAD C:\Users\ALESSD~1\AppData\Local\Temp\arduino-sketch-DC995295C647EFD0C46A66B334A57BE7\core\wirish\start.S.o
LOAD C:\Users\ALESSD~1\AppData\Local\Temp\arduino-sketch-DC995295C647EFD0C46A66B334A57BE7\core\wirish\start_c.c.o
LOAD C:\Users\ALESSD~1\AppData\Local\Temp\arduino-sketch-DC995295C647EFD0C46A66B334A57BE7\core\wirish\syscalls.c.o
LOAD C:\Users\ALESSD~1\AppData\Local\Temp\arduino-sketch-DC995295C647EFD0C46A66B334A57BE7\core\board.cpp.o
LOAD C:\Users\ALESSD~1\AppData\Local\Temp\arduino-sketch-DC995295C647EFD0C46A66B334A57BE7\core\wirish\boards.cpp.o
LOAD C:\Users\ALESSD~1\AppData\Local\Temp\arduino-sketch-DC995295C647EFD0C46A66B334A57BE7\core\wirish\boards_setup.cpp.o
LOAD C:\Users\ALESSD~1\AppData\Local\Temp\arduino-sketch-DC995295C647EFD0C46A66B334A57BE7/..\arduino-core-cache\core_multi4in1_STM32F1_multistm32f103c_1a4f32500f0d83b6bb8703ebc99ada50.a
END GROUP
LOAD c:/users/alessdesktop/appdata/local/arduino15/packages/arduino/tools/arm-none-eabi-gcc/4.8.3-2014q1/bin/../lib/gcc/arm-none-eabi/4.8.3/../../../../arm-none-eabi/lib/armv7-m\libstdc++.a
LOAD c:/users/alessdesktop/appdata/local/arduino15/packages/arduino/tools/arm-none-eabi-gcc/4.8.3-2014q1/bin/../lib/gcc/arm-none-eabi/4.8.3/../../../../arm-none-eabi/lib/armv7-m\libm.a
START GROUP
LOAD c:/users/alessdesktop/appdata/local/arduino15/packages/arduino/tools/arm-none-eabi-gcc/4.8.3-2014q1/bin/../lib/gcc/arm-none-eabi/4.8.3/armv7-m\libgcc.a
LOAD c:/users/alessdesktop/appdata/local/arduino15/packages/arduino/tools/arm-none-eabi-gcc/4.8.3-2014q1/bin/../lib/gcc/arm-none-eabi/4.8.3/../../../../arm-none-eabi/lib/armv7-m\libc.a
END GROUP
LOAD c:/users/alessdesktop/appdata/local/arduino15/packages/arduino/tools/arm-none-eabi-gcc/4.8.3-2014q1/bin/../lib/gcc/arm-none-eabi/4.8.3/armv7-m/crtend.o
LOAD c:/users/alessdesktop/appdata/local/arduino15/packages/arduino/tools/arm-none-eabi-gcc/4.8.3-2014q1/bin/../lib/gcc/arm-none-eabi/4.8.3/armv7-m/crtn.o
START GROUP
LOAD c:/users/alessdesktop/appdata/local/arduino15/packages/arduino/tools/arm-none-eabi-gcc/4.8.3-2014q1/bin/../lib/gcc/arm-none-eabi/4.8.3/armv7-m\libgcc.a
LOAD c:/users/alessdesktop/appdata/local/arduino15/packages/arduino/tools/arm-none-eabi-gcc/4.8.3-2014q1/bin/../lib/gcc/arm-none-eabi/4.8.3/../../../../arm-none-eabi/lib/armv7-m\libc.a
LOAD c:/users/alessdesktop/appdata/local/arduino15/packages/arduino/tools/arm-none-eabi-gcc/4.8.3-2014q1/bin/../lib/gcc/arm-none-eabi/4.8.3/../../../../arm-none-eabi/lib/armv7-m\libm.a
END GROUP
START GROUP
LOAD c:/users/alessdesktop/appdata/local/arduino15/packages/arduino/tools/arm-none-eabi-gcc/4.8.3-2014q1/bin/../lib/gcc/arm-none-eabi/4.8.3/../../../../arm-none-eabi/lib/armv7-m\libnosys.a
END GROUP
                0x20005000                PROVIDE (__msp_init, (ORIGIN (ram) + 0x5000))
                0x08018c14                PROVIDE (__exc_reset, __start__)

.text           0x08002000    0x1a3f0
                0x08002000                __text_start__ = .
 *(.stm32.interrupt_vector)
 .stm32.interrupt_vector
                0x08002000       0xec C:\Users\ALESSD~1\AppData\Local\Temp\arduino-sketch-DC995295C647EFD0C46A66B334A57BE7/..\arduino-core-cache\core_multi4in1_STM32F1_multistm32f103c_1a4f32500f0d83b6bb8703ebc99ada50.a(vector_table.S.o)
                0x08002000                __stm32_vector_table
 *(.text .text.* .gnu.linkonce.t.*)
 .text          0x080020ec       0x54 c:/users/alessdesktop/appdata/local/arduino15/packages/arduino/tools/arm-none-eabi-gcc/4.8.3-2014q1/bin/../lib/gcc/arm-none-eabi/4.8.3/armv7-m/crtbegin.o
 .text._ZL6microsv
                0x08002140       0x34 C:\Users\ALESSD~1\AppData\Local\Temp\arduino-sketch-DC995295C647EFD0C46A66B334A57BE7\sketch\Multiprotocol.ino.cpp.o
 .text._ZL19update_channels_auxv
                0x08002174       0x30 C:\Users\ALESSD~1\AppData\Local\Temp\arduino-sketch-DC995295C647EFD0C46A66B334A57BE7\sketch\Multiprotocol.ino.cpp.o
 .text._ZL14set_rx_tx_addrm
                0x080021a4       0x24 C:\Users\ALESSD~1\AppData\Local\Temp\arduino-sketch-DC995295C647EFD0C46A66B334A57BE7\sketch\Multiprotocol.ino.cpp.o
 .text._ZL16calc_fh_channelsh
                0x080021c8       0xcc C:\Users\ALESSD~1\AppData\Local\Temp\arduino-sketch-DC995295C647EFD0C46A66B334A57BE7\sketch\Multiprotocol.ino.cpp.o
 .text._Z10PPM_decodev
                0x08002294       0x88 C:\Users\ALESSD~1\AppData\Local\Temp\arduino-sketch-DC995295C647EFD0C46A66B334A57BE7\sketch\Multiprotocol.ino.cpp.o
                0x08002294                PPM_decode()
 .text._ZL24Bayang_Rx_check_validityv
                0x0800231c       0x28 C:\Users\ALESSD~1\AppData\Local\Temp\arduino-sketch-DC995295C647EFD0C46A66B334A57BE7\sketch\Multiprotocol.ino.cpp.o
 .text._ZL21FrSkyX_scaleForPXX_FSh
                0x08002344       0x2c C:\Users\ALESSD~1\AppData\Local\Temp\arduino-sketch-DC995295C647EFD0C46A66B334A57BE7\sketch\Multiprotocol.ino.cpp.o
 .text._ZL21DSM_calc_dsmx_channelv
                0x08002370       0xbc C:\Users\ALESSD~1\AppData\Local\Temp\arduino-sketch-DC995295C647EFD0C46A66B334A57BE7\sketch\Multiprotocol.ino.cpp.o
 .text._ZL19DSM_update_channelsv
                0x0800242c       0x5c C:\Users\ALESSD~1\AppData\Local\Temp\arduino-sketch-DC995295C647EFD0C46A66B334A57BE7\sketch\Multiprotocol.ino.cpp.o
 .text._ZL17DEVO_scramble_pktv
                0x08002488       0x24 C:\Users\ALESSD~1\AppData\Local\Temp\arduino-sketch-DC995295C647EFD0C46A66B334A57BE7\sketch\Multiprotocol.ino.cpp.o
 .text._ZL20FrSkyL_encode_packetb
                0x080024ac       0x88 C:\Users\ALESSD~1\AppData\Local\Temp\arduino-sketch-DC995295C647EFD0C46A66B334A57BE7\sketch\Multiprotocol.ino.cpp.o
 .text._ZL17HITEC_RF_channelsv
                0x08002534       0x98 C:\Users\ALESSD~1\AppData\Local\Temp\arduino-sketch-DC995295C647EFD0C46A66B334A57BE7\sketch\Multiprotocol.ino.cpp.o
 .text._ZL17hubsan_update_crcv
                0x080025cc       0x1c C:\Users\ALESSD~1\AppData\Local\Temp\arduino-sketch-DC995295C647EFD0C46A66B334A57BE7\sketch\Multiprotocol.ino.cpp.o
 .text._ZL11bit_reverseh
                0x080025e8       0x1e C:\Users\ALESSD~1\AppData\Local\Temp\arduino-sketch-DC995295C647EFD0C46A66B334A57BE7\sketch\Multiprotocol.ino.cpp.o
 .text._ZL12crc16_updatethh
                0x08002606       0x24 C:\Users\ALESSD~1\AppData\Local\Temp\arduino-sketch-DC995295C647EFD0C46A66B334A57BE7\sketch\Multiprotocol.ino.cpp.o
 *fill*         0x0800262a        0x2 
 .text._ZL18NCC_Decrypt_Packetv
                0x0800262c       0x4c C:\Users\ALESSD~1\AppData\Local\Temp\arduino-sketch-DC995295C647EFD0C46A66B334A57BE7\sketch\Multiprotocol.ino.cpp.o
 .text._ZL15PROPEL_checksumv
                0x08002678      0x110 C:\Users\ALESSD~1\AppData\Local\Temp\arduino-sketch-DC995295C647EFD0C46A66B334A57BE7\sketch\Multiprotocol.ino.cpp.o
 .text._ZL17cx10wd_getButtonsv
                0x08002788       0x90 C:\Users\ALESSD~1\AppData\Local\Temp\arduino-sketch-DC995295C647EFD0C46A66B334A57BE7\sketch\Multiprotocol.ino.cpp.o
 .text._ZL14WK_add_pkt_crch
                0x08002818       0x24 C:\Users\ALESSD~1\AppData\Local\Temp\arduino-sketch-DC995295C647EFD0C46A66B334A57BE7\sketch\Multiprotocol.ino.cpp.o
 .text._ZL17WK_build_bind_pktPKh
                0x0800283c       0x6c C:\Users\ALESSD~1\AppData\Local\Temp\arduino-sketch-DC995295C647EFD0C46A66B334A57BE7\sketch\Multiprotocol.ino.cpp.o
 .text._ZL21BUGSMINI_make_addressv
                0x080028a8       0xd8 C:\Users\ALESSD~1\AppData\Local\Temp\arduino-sketch-DC995295C647EFD0C46A66B334A57BE7\sketch\Multiprotocol.ino.cpp.o
 .text._ZL19DEVO_add_pkt_suffixv
                0x08002980       0xe0 C:\Users\ALESSD~1\AppData\Local\Temp\arduino-sketch-DC995295C647EFD0C46A66B334A57BE7\sketch\Multiprotocol.ino.cpp.o
 .text._Z9ISR_COMPBv
                0x08002a60       0x70 C:\Users\ALESSD~1\AppData\Local\Temp\arduino-sketch-DC995295C647EFD0C46A66B334A57BE7\sketch\Multiprotocol.ino.cpp.o
                0x08002a60                ISR_COMPB()
 .text._ZL25AFHDS2A_build_bind_packetv
                0x08002ad0       0x90 C:\Users\ALESSD~1\AppData\Local\Temp\arduino-sketch-DC995295C647EFD0C46A66B334A57BE7\sketch\Multiprotocol.ino.cpp.o
 .text._ZL20BUGS_most_popular_67h.part.0
                0x08002b60       0x3c C:\Users\ALESSD~1\AppData\Local\Temp\arduino-sketch-DC995295C647EFD0C46A66B334A57BE7\sketch\Multiprotocol.ino.cpp.o
 .text._ZL21BUGS_increment_countsv
                0x08002b9c       0x24 C:\Users\ALESSD~1\AppData\Local\Temp\arduino-sketch-DC995295C647EFD0C46A66B334A57BE7\sketch\Multiprotocol.ino.cpp.o
 .text._ZL10frac2floatlPf.part.3
                0x08002bc0       0x2c C:\Users\ALESSD~1\AppData\Local\Temp\arduino-sketch-DC995295C647EFD0C46A66B334A57BE7\sketch\Multiprotocol.ino.cpp.o
 .text._ZL9HOTT_initv
                0x08002bec       0xbc C:\Users\ALESSD~1\AppData\Local\Temp\arduino-sketch-DC995295C647EFD0C46A66B334A57BE7\sketch\Multiprotocol.ino.cpp.o
 .text._ZL14SYMAX_checksumPh.constprop.41
                0x08002ca8       0x48 C:\Users\ALESSD~1\AppData\Local\Temp\arduino-sketch-DC995295C647EFD0C46A66B334A57BE7\sketch\Multiprotocol.ino.cpp.o
 .text._ZL11FRSKYV_crc8hPhh.constprop.46
                0x08002cf0       0x30 C:\Users\ALESSD~1\AppData\Local\Temp\arduino-sketch-DC995295C647EFD0C46A66B334A57BE7\sketch\Multiprotocol.ino.cpp.o
 .text._ZL9random_idth.constprop.49
                0x08002d20       0x98 C:\Users\ALESSD~1\AppData\Local\Temp\arduino-sketch-DC995295C647EFD0C46A66B334A57BE7\sketch\Multiprotocol.ino.cpp.o
 .text._ZL23SFHSS_build_data_packetv
                0x08002db8      0x154 C:\Users\ALESSD~1\AppData\Local\Temp\arduino-sketch-DC995295C647EFD0C46A66B334A57BE7\sketch\Multiprotocol.ino.cpp.o
 .text._ZL19DEVO_build_data_pktv
                0x08002f0c       0xa0 C:\Users\ALESSD~1\AppData\Local\Temp\arduino-sketch-DC995295C647EFD0C46A66B334A57BE7\sketch\Multiprotocol.ino.cpp.o
 .text._ZL20BUGS_most_popular_45h.part.1
                0x08002fac       0x22 C:\Users\ALESSD~1\AppData\Local\Temp\arduino-sketch-DC995295C647EFD0C46A66B334A57BE7\sketch\Multiprotocol.ino.cpp.o
 *fill*         0x08002fce        0x2 
 .text._ZL17BUGS_most_popularh
                0x08002fd0       0x80 C:\Users\ALESSD~1\AppData\Local\Temp\arduino-sketch-DC995295C647EFD0C46A66B334A57BE7\sketch\Multiprotocol.ino.cpp.o
 .text._Z12PPM_failsafev
                0x08003050       0x7c C:\Users\ALESSD~1\AppData\Local\Temp\arduino-sketch-DC995295C647EFD0C46A66B334A57BE7\sketch\Multiprotocol.ino.cpp.o
                0x08003050                PPM_failsafe()
 .text._Z11bank_switchv
                0x080030cc       0xf8 C:\Users\ALESSD~1\AppData\Local\Temp\arduino-sketch-DC995295C647EFD0C46A66B334A57BE7\sketch\Multiprotocol.ino.cpp.o
                0x080030cc                bank_switch()
 .text._Z8tx_pausev
                0x080031c4       0x10 C:\Users\ALESSD~1\AppData\Local\Temp\arduino-sketch-DC995295C647EFD0C46A66B334A57BE7\sketch\Multiprotocol.ino.cpp.o
                0x080031c4                tx_pause()
 .text._Z9tx_resumev
                0x080031d4       0x20 C:\Users\ALESSD~1\AppData\Local\Temp\arduino-sketch-DC995295C647EFD0C46A66B334A57BE7\sketch\Multiprotocol.ino.cpp.o
                0x080031d4                tx_resume()
 .text._Z18update_serial_datav
                0x080031f4      0x514 C:\Users\ALESSD~1\AppData\Local\Temp\arduino-sketch-DC995295C647EFD0C46A66B334A57BE7\sketch\Multiprotocol.ino.cpp.o
                0x080031f4                update_serial_data()
 .text._Z12usart2_beginmm
                0x08003708       0x58 C:\Users\ALESSD~1\AppData\Local\Temp\arduino-sketch-DC995295C647EFD0C46A66B334A57BE7\sketch\Multiprotocol.ino.cpp.o
                0x08003708                usart2_begin(unsigned long, unsigned long)
 .text._Z12usart3_beginmm
                0x08003760       0x50 C:\Users\ALESSD~1\AppData\Local\Temp\arduino-sketch-DC995295C647EFD0C46A66B334A57BE7\sketch\Multiprotocol.ino.cpp.o
                0x08003760                usart3_begin(unsigned long, unsigned long)
 .text._Z21Mprotocol_serial_inith
                0x080037b0       0x5c C:\Users\ALESSD~1\AppData\Local\Temp\arduino-sketch-DC995295C647EFD0C46A66B334A57BE7\sketch\Multiprotocol.ino.cpp.o
                0x080037b0                Mprotocol_serial_init(unsigned char)
 .text._Z12init_HWTimerv
                0x0800380c       0x90 C:\Users\ALESSD~1\AppData\Local\Temp\arduino-sketch-DC995295C647EFD0C46A66B334A57BE7\sketch\Multiprotocol.ino.cpp.o
                0x0800380c                init_HWTimer()
 .text._Z8pollBootv
                0x0800389c       0x94 C:\Users\ALESSD~1\AppData\Local\Temp\arduino-sketch-DC995295C647EFD0C46A66B334A57BE7\sketch\Multiprotocol.ino.cpp.o
                0x0800389c                pollBoot()
 .text.__irq_usart2
                0x08003930       0xc8 C:\Users\ALESSD~1\AppData\Local\Temp\arduino-sketch-DC995295C647EFD0C46A66B334A57BE7\sketch\Multiprotocol.ino.cpp.o
                0x08003930                __irq_usart2
 .text._Z19convert_channel_ppmh
                0x080039f8       0x18 C:\Users\ALESSD~1\AppData\Local\Temp\arduino-sketch-DC995295C647EFD0C46A66B334A57BE7\sketch\Multiprotocol.ino.cpp.o
                0x080039f8                convert_channel_ppm(unsigned char)
 .text._ZL19flysky_build_packeth
                0x08003a10      0x1ac C:\Users\ALESSD~1\AppData\Local\Temp\arduino-sketch-DC995295C647EFD0C46A66B334A57BE7\sketch\Multiprotocol.ino.cpp.o
 .text._Z19convert_channel_10bh
                0x08003bbc       0x2c C:\Users\ALESSD~1\AppData\Local\Temp\arduino-sketch-DC995295C647EFD0C46A66B334A57BE7\sketch\Multiprotocol.ino.cpp.o
                0x08003bbc                convert_channel_10b(unsigned char)
 .text._ZL18XK_convert_channelh
                0x08003be8       0x2e C:\Users\ALESSD~1\AppData\Local\Temp\arduino-sketch-DC995295C647EFD0C46A66B334A57BE7\sketch\Multiprotocol.ino.cpp.o
 *fill*         0x08003c16        0x2 
 .text._Z18convert_channel_8bh
                0x08003c18       0x2c C:\Users\ALESSD~1\AppData\Local\Temp\arduino-sketch-DC995295C647EFD0C46A66B334A57BE7\sketch\Multiprotocol.ino.cpp.o
                0x08003c18                convert_channel_8b(unsigned char)
 .text._ZL23JJRC345_convert_channelh
                0x08003c44       0x20 C:\Users\ALESSD~1\AppData\Local\Temp\arduino-sketch-DC995295C647EFD0C46A66B334A57BE7\sketch\Multiprotocol.ino.cpp.o
 .text._ZL21TIGER_convert_channelh
                0x08003c64       0x28 C:\Users\ALESSD~1\AppData\Local\Temp\arduino-sketch-DC995295C647EFD0C46A66B334A57BE7\sketch\Multiprotocol.ino.cpp.o
 .text._Z27convert_channel_16b_nolimithss
                0x08003c8c       0x20 C:\Users\ALESSD~1\AppData\Local\Temp\arduino-sketch-DC995295C647EFD0C46A66B334A57BE7\sketch\Multiprotocol.ino.cpp.o
                0x08003c8c                convert_channel_16b_nolimit(unsigned char, short, short)
 .text._ZL14WK_get_channelhlss
                0x08003cac       0x40 C:\Users\ALESSD~1\AppData\Local\Temp\arduino-sketch-DC995295C647EFD0C46A66B334A57BE7\sketch\Multiprotocol.ino.cpp.o
 .text._Z19convert_channel_s8bh
                0x08003cec       0x12 C:\Users\ALESSD~1\AppData\Local\Temp\arduino-sketch-DC995295C647EFD0C46A66B334A57BE7\sketch\Multiprotocol.ino.cpp.o
                0x08003cec                convert_channel_s8b(unsigned char)
 *fill*         0x08003cfe        0x2 
 .text._ZL19SYMAX_read_controlsv
                0x08003d00       0x8c C:\Users\ALESSD~1\AppData\Local\Temp\arduino-sketch-DC995295C647EFD0C46A66B334A57BE7\sketch\Multiprotocol.ino.cpp.o
 .text._Z17limit_channel_100h
                0x08003d8c       0x20 C:\Users\ALESSD~1\AppData\Local\Temp\arduino-sketch-DC995295C647EFD0C46A66B334A57BE7\sketch\Multiprotocol.ino.cpp.o
                0x08003d8c                limit_channel_100(unsigned char)
 .text._Z33convert_channel_8b_limit_deadbandhhhhh
                0x08003dac       0x62 C:\Users\ALESSD~1\AppData\Local\Temp\arduino-sketch-DC995295C647EFD0C46A66B334A57BE7\sketch\Multiprotocol.ino.cpp.o
                0x08003dac                convert_channel_8b_limit_deadband(unsigned char, unsigned char, unsigned char, unsigned char, unsigned char)
 .text._Z25convert_channel_16b_limithss
                0x08003e0e       0x1e C:\Users\ALESSD~1\AppData\Local\Temp\arduino-sketch-DC995295C647EFD0C46A66B334A57BE7\sketch\Multiprotocol.ino.cpp.o
                0x08003e0e                convert_channel_16b_limit(unsigned char, short, short)
 .text._ZL17BUGS_build_packeth
                0x08003e2c      0x1d0 C:\Users\ALESSD~1\AppData\Local\Temp\arduino-sketch-DC995295C647EFD0C46A66B334A57BE7\sketch\Multiprotocol.ino.cpp.o
 .text._Z21convert_channel_HK310hPhS_
                0x08003ffc       0x28 C:\Users\ALESSD~1\AppData\Local\Temp\arduino-sketch-DC995295C647EFD0C46A66B334A57BE7\sketch\Multiprotocol.ino.cpp.o
                0x08003ffc                convert_channel_HK310(unsigned char, unsigned char*, unsigned char*)
 .text._Z22convert_failsafe_HK310hPhS_
                0x08004024       0x28 C:\Users\ALESSD~1\AppData\Local\Temp\arduino-sketch-DC995295C647EFD0C46A66B334A57BE7\sketch\Multiprotocol.ino.cpp.o
                0x08004024                convert_failsafe_HK310(unsigned char, unsigned char*, unsigned char*)
 .text._Z21convert_channel_frskyh
                0x0800404c       0x18 C:\Users\ALESSD~1\AppData\Local\Temp\arduino-sketch-DC995295C647EFD0C46A66B334A57BE7\sketch\Multiprotocol.ino.cpp.o
                0x0800404c                convert_channel_frsky(unsigned char)
 .text._ZL18FrSkyX_scaleForPXXhh
                0x08004064       0x1a C:\Users\ALESSD~1\AppData\Local\Temp\arduino-sketch-DC995295C647EFD0C46A66B334A57BE7\sketch\Multiprotocol.ino.cpp.o
 *fill*         0x0800407e        0x2 
 .text._ZL15FrSkyX_channelsh
                0x08004080      0x144 C:\Users\ALESSD~1\AppData\Local\Temp\arduino-sketch-DC995295C647EFD0C46A66B334A57BE7\sketch\Multiprotocol.ino.cpp.o
 .text._Z27convert_channel_DSM_nolimitl
                0x080041c4       0x1c C:\Users\ALESSD~1\AppData\Local\Temp\arduino-sketch-DC995295C647EFD0C46A66B334A57BE7\sketch\Multiprotocol.ino.cpp.o
                0x080041c4                convert_channel_DSM_nolimit(long)
 .text._ZL29DSM_Rx_build_telemetry_packetv
                0x080041e0       0xf8 C:\Users\ALESSD~1\AppData\Local\Temp\arduino-sketch-DC995295C647EFD0C46A66B334A57BE7\sketch\Multiprotocol.ino.cpp.o
 .text._Z28ESKY150_convert_2bit_channelh
                0x080042d8       0x2c C:\Users\ALESSD~1\AppData\Local\Temp\arduino-sketch-DC995295C647EFD0C46A66B334A57BE7\sketch\Multiprotocol.ino.cpp.o
                0x080042d8                ESKY150_convert_2bit_channel(unsigned char)
 .text._Z14ExpressLRS_rngv
                0x08004304       0x24 C:\Users\ALESSD~1\AppData\Local\Temp\arduino-sketch-DC995295C647EFD0C46A66B334A57BE7\sketch\Multiprotocol.ino.cpp.o
                0x08004304                ExpressLRS_rng()
 .text._Z15ExpressLRS_rngNj
                0x08004328       0x14 C:\Users\ALESSD~1\AppData\Local\Temp\arduino-sketch-DC995295C647EFD0C46A66B334A57BE7\sketch\Multiprotocol.ino.cpp.o
                0x08004328                ExpressLRS_rngN(unsigned int)
 .text._Z26ExpressLRS_FHSSgetCurrFreqv
                0x0800433c       0x1c C:\Users\ALESSD~1\AppData\Local\Temp\arduino-sketch-DC995295C647EFD0C46A66B334A57BE7\sketch\Multiprotocol.ino.cpp.o
                0x0800433c                ExpressLRS_FHSSgetCurrFreq()
 .text._Z27ExpressLRS_resetIsAvailablePh
                0x08004358       0x12 C:\Users\ALESSD~1\AppData\Local\Temp\arduino-sketch-DC995295C647EFD0C46A66B334A57BE7\sketch\Multiprotocol.ino.cpp.o
                0x08004358                ExpressLRS_resetIsAvailable(unsigned char*)
 *fill*         0x0800436a        0x2 
 .text._Z36ExpressLRS_FHSSrandomiseFHSSsequencev
                0x0800436c       0xf8 C:\Users\ALESSD~1\AppData\Local\Temp\arduino-sketch-DC995295C647EFD0C46A66B334A57BE7\sketch\Multiprotocol.ino.cpp.o
                0x0800436c                ExpressLRS_FHSSrandomiseFHSSsequence()
 .text._Z7CalcCRCPhi
                0x08004464       0x24 C:\Users\ALESSD~1\AppData\Local\Temp\arduino-sketch-DC995295C647EFD0C46A66B334A57BE7\sketch\Multiprotocol.ino.cpp.o
                0x08004464                CalcCRC(unsigned char*, int)
 .text._Z33ExpressLRS_GenerateSyncPacketDatav
                0x08004488       0x54 C:\Users\ALESSD~1\AppData\Local\Temp\arduino-sketch-DC995295C647EFD0C46A66B334A57BE7\sketch\Multiprotocol.ino.cpp.o
                0x08004488                ExpressLRS_GenerateSyncPacketData()
 .text._Z37ExpressLRS_Generate4ChannelData_11bitv
                0x080044dc       0x94 C:\Users\ALESSD~1\AppData\Local\Temp\arduino-sketch-DC995295C647EFD0C46A66B334A57BE7\sketch\Multiprotocol.ino.cpp.o
                0x080044dc                ExpressLRS_Generate4ChannelData_11bit()
 .text._Z10FrSkyX_crcPhhh
                0x08004570       0x38 C:\Users\ALESSD~1\AppData\Local\Temp\arduino-sketch-DC995295C647EFD0C46A66B334A57BE7\sketch\Multiprotocol.ino.cpp.o
                0x08004570                FrSkyX_crc(unsigned char*, unsigned char, unsigned char)
 .text._ZL22frskyx_rx_check_crc_idbb
                0x080045a8      0x138 C:\Users\ALESSD~1\AppData\Local\Temp\arduino-sketch-DC995295C647EFD0C46A66B334A57BE7\sketch\Multiprotocol.ino.cpp.o
 .text._Z14Frsky_init_hopv
                0x080046e0       0x78 C:\Users\ALESSD~1\AppData\Local\Temp\arduino-sketch-DC995295C647EFD0C46A66B334A57BE7\sketch\Multiprotocol.ino.cpp.o
                0x080046e0                Frsky_init_hop()
 .text._Z16FrSkyX2_init_hopv
                0x08004758       0xec C:\Users\ALESSD~1\AppData\Local\Temp\arduino-sketch-DC995295C647EFD0C46A66B334A57BE7\sketch\Multiprotocol.ino.cpp.o
                0x08004758                FrSkyX2_init_hop()
 .text._Z16Frsky_init_clonev
                0x08004844       0xa4 C:\Users\ALESSD~1\AppData\Local\Temp\arduino-sketch-DC995295C647EFD0C46A66B334A57BE7\sketch\Multiprotocol.ino.cpp.o
                0x08004844                Frsky_init_clone()
 .text._Z19NRF24L01_Initializev
                0x080048e8       0x20 C:\Users\ALESSD~1\AppData\Local\Temp\arduino-sketch-DC995295C647EFD0C46A66B334A57BE7\sketch\Multiprotocol.ino.cpp.o
                0x080048e8                NRF24L01_Initialize()
 .text._Z20LT8900_BuildOverheadv
                0x08004908       0xa8 C:\Users\ALESSD~1\AppData\Local\Temp\arduino-sketch-DC995295C647EFD0C46A66B334A57BE7\sketch\Multiprotocol.ino.cpp.o
                0x08004908                LT8900_BuildOverhead()
 .text._Z12Q90C_channelhssss
                0x080049b0       0x30 C:\Users\ALESSD~1\AppData\Local\Temp\arduino-sketch-DC995295C647EFD0C46A66B334A57BE7\sketch\Multiprotocol.ino.cpp.o
                0x080049b0                Q90C_channel(unsigned char, short, short, short, short)
 .text._Z8initSPI2v
                0x080049e0       0x40 C:\Users\ALESSD~1\AppData\Local\Temp\arduino-sketch-DC995295C647EFD0C46A66B334A57BE7\sketch\Multiprotocol.ino.cpp.o
                0x080049e0                initSPI2()
 .text._Z9SPI_Writeh
                0x08004a20       0x14 C:\Users\ALESSD~1\AppData\Local\Temp\arduino-sketch-DC995295C647EFD0C46A66B334A57BE7\sketch\Multiprotocol.ino.cpp.o
                0x08004a20                SPI_Write(unsigned char)
 .text._Z14A7105_WriteReghh
                0x08004a34       0x28 C:\Users\ALESSD~1\AppData\Local\Temp\arduino-sketch-DC995295C647EFD0C46A66B334A57BE7\sketch\Multiprotocol.ino.cpp.o
                0x08004a34                A7105_WriteReg(unsigned char, unsigned char)
 .text._Z17A7105_SetTxRxModeh.part.7
                0x08004a5c       0x16 C:\Users\ALESSD~1\AppData\Local\Temp\arduino-sketch-DC995295C647EFD0C46A66B334A57BE7\sketch\Multiprotocol.ino.cpp.o
 .text._Z17A7105_SetTxRxModeh
                0x08004a72       0x2c C:\Users\ALESSD~1\AppData\Local\Temp\arduino-sketch-DC995295C647EFD0C46A66B334A57BE7\sketch\Multiprotocol.ino.cpp.o
                0x08004a72                A7105_SetTxRxMode(unsigned char)
 *fill*         0x08004a9e        0x2 
 .text._Z14A7105_SetPowerv
                0x08004aa0       0x3c C:\Users\ALESSD~1\AppData\Local\Temp\arduino-sketch-DC995295C647EFD0C46A66B334A57BE7\sketch\Multiprotocol.ino.cpp.o
                0x08004aa0                A7105_SetPower()
 .text._Z13A7105_WriteIDm
                0x08004adc       0x3a C:\Users\ALESSD~1\AppData\Local\Temp\arduino-sketch-DC995295C647EFD0C46A66B334A57BE7\sketch\Multiprotocol.ino.cpp.o
                0x08004adc                A7105_WriteID(unsigned long)
 *fill*         0x08004b16        0x2 
 .text._ZL19BUGS_set_radio_datav
                0x08004b18       0xdc C:\Users\ALESSD~1\AppData\Local\Temp\arduino-sketch-DC995295C647EFD0C46A66B334A57BE7\sketch\Multiprotocol.ino.cpp.o
 .text._Z12A7105_Strobeh
                0x08004bf4       0x1e C:\Users\ALESSD~1\AppData\Local\Temp\arduino-sketch-DC995295C647EFD0C46A66B334A57BE7\sketch\Multiprotocol.ino.cpp.o
                0x08004bf4                A7105_Strobe(unsigned char)
 *fill*         0x08004c12        0x2 
 .text._Z15A7105_WriteDatahh
                0x08004c14       0x64 C:\Users\ALESSD~1\AppData\Local\Temp\arduino-sketch-DC995295C647EFD0C46A66B334A57BE7\sketch\Multiprotocol.ino.cpp.o
                0x08004c14                A7105_WriteData(unsigned char, unsigned char)
 .text._Z10ReadFlySkyv
                0x08004c78       0x6c C:\Users\ALESSD~1\AppData\Local\Temp\arduino-sketch-DC995295C647EFD0C46A66B334A57BE7\sketch\Multiprotocol.ino.cpp.o
                0x08004c78                ReadFlySky()
 .text._Z11ReadPelikanv
                0x08004ce4      0x27c C:\Users\ALESSD~1\AppData\Local\Temp\arduino-sketch-DC995295C647EFD0C46A66B334A57BE7\sketch\Multiprotocol.ino.cpp.o
                0x08004ce4                ReadPelikan()
 .text._Z11ReadFlyzonev
                0x08004f60       0xc8 C:\Users\ALESSD~1\AppData\Local\Temp\arduino-sketch-DC995295C647EFD0C46A66B334A57BE7\sketch\Multiprotocol.ino.cpp.o
                0x08004f60                ReadFlyzone()
 .text._Z15CC2500_WriteReghh
                0x08005028       0x28 C:\Users\ALESSD~1\AppData\Local\Temp\arduino-sketch-DC995295C647EFD0C46A66B334A57BE7\sketch\Multiprotocol.ino.cpp.o
                0x08005028                CC2500_WriteReg(unsigned char, unsigned char)
 .text._Z18CC2500_SetTxRxModeh.part.9
                0x08005050       0x16 C:\Users\ALESSD~1\AppData\Local\Temp\arduino-sketch-DC995295C647EFD0C46A66B334A57BE7\sketch\Multiprotocol.ino.cpp.o
 .text._Z18CC2500_SetTxRxModeh
                0x08005066       0x32 C:\Users\ALESSD~1\AppData\Local\Temp\arduino-sketch-DC995295C647EFD0C46A66B334A57BE7\sketch\Multiprotocol.ino.cpp.o
                0x08005066                CC2500_SetTxRxMode(unsigned char)
 .text._Z15CC2500_SetPowerv
                0x08005098       0x50 C:\Users\ALESSD~1\AppData\Local\Temp\arduino-sketch-DC995295C647EFD0C46A66B334A57BE7\sketch\Multiprotocol.ino.cpp.o
                0x08005098                CC2500_SetPower()
 .text._ZL20XN297L_SetFreqOffsetv
                0x080050e8       0x38 C:\Users\ALESSD~1\AppData\Local\Temp\arduino-sketch-DC995295C647EFD0C46A66B334A57BE7\sketch\Multiprotocol.ino.cpp.o
 .text._ZL22FrSkyX_initialize_datah
                0x08005120       0x2c C:\Users\ALESSD~1\AppData\Local\Temp\arduino-sketch-DC995295C647EFD0C46A66B334A57BE7\sketch\Multiprotocol.ino.cpp.o
 .text._Z13CC2500_Strobeh
                0x0800514c       0x1e C:\Users\ALESSD~1\AppData\Local\Temp\arduino-sketch-DC995295C647EFD0C46A66B334A57BE7\sketch\Multiprotocol.ino.cpp.o
                0x0800514c                CC2500_Strobe(unsigned char)
 *fill*         0x0800516a        0x2 
 .text._ZL19REDPINE_set_channelh
                0x0800516c       0x2c C:\Users\ALESSD~1\AppData\Local\Temp\arduino-sketch-DC995295C647EFD0C46A66B334A57BE7\sketch\Multiprotocol.ino.cpp.o
 .text._Z17FRSKY_init_cc2500PKh
                0x08005198       0x5c C:\Users\ALESSD~1\AppData\Local\Temp\arduino-sketch-DC995295C647EFD0C46A66B334A57BE7\sketch\Multiprotocol.ino.cpp.o
                0x08005198                FRSKY_init_cc2500(unsigned char const*)
 .text._Z10initFRSKYVv
                0x080051f4       0x84 C:\Users\ALESSD~1\AppData\Local\Temp\arduino-sketch-DC995295C647EFD0C46A66B334A57BE7\sketch\Multiprotocol.ino.cpp.o
                0x080051f4                initFRSKYV()
 .text._ZL14frsky2way_inith
                0x08005278       0x58 C:\Users\ALESSD~1\AppData\Local\Temp\arduino-sketch-DC995295C647EFD0C46A66B334A57BE7\sketch\Multiprotocol.ino.cpp.o
 .text._Z14initFrSky_2wayv
                0x080052d0       0x80 C:\Users\ALESSD~1\AppData\Local\Temp\arduino-sketch-DC995295C647EFD0C46A66B334A57BE7\sketch\Multiprotocol.ino.cpp.o
                0x080052d0                initFrSky_2way()
 .text._ZL16FrSkyX_set_starth
                0x08005350       0x2c C:\Users\ALESSD~1\AppData\Local\Temp\arduino-sketch-DC995295C647EFD0C46A66B334A57BE7\sketch\Multiprotocol.ino.cpp.o
 .text._ZL18frsky_rx_strobe_rxv
                0x0800537c       0x18 C:\Users\ALESSD~1\AppData\Local\Temp\arduino-sketch-DC995295C647EFD0C46A66B334A57BE7\sketch\Multiprotocol.ino.cpp.o
 .text._ZL20frsky_rx_set_channelh
                0x08005394       0x3c C:\Users\ALESSD~1\AppData\Local\Temp\arduino-sketch-DC995295C647EFD0C46A66B334A57BE7\sketch\Multiprotocol.ino.cpp.o
 .text._ZL14HOTT_tune_chanv
                0x080053d0       0x28 C:\Users\ALESSD~1\AppData\Local\Temp\arduino-sketch-DC995295C647EFD0C46A66B334A57BE7\sketch\Multiprotocol.ino.cpp.o
 .text._Z8initHOTTv
                0x080053f8       0xcc C:\Users\ALESSD~1\AppData\Local\Temp\arduino-sketch-DC995295C647EFD0C46A66B334A57BE7\sketch\Multiprotocol.ino.cpp.o
                0x080053f8                initHOTT()
 .text._ZL15HITEC_tune_chanv
                0x080054c4       0x50 C:\Users\ALESSD~1\AppData\Local\Temp\arduino-sketch-DC995295C647EFD0C46A66B334A57BE7\sketch\Multiprotocol.ino.cpp.o
 .text._ZL15SFHSS_tune_chanv
                0x08005514       0x2c C:\Users\ALESSD~1\AppData\Local\Temp\arduino-sketch-DC995295C647EFD0C46A66B334A57BE7\sketch\Multiprotocol.ino.cpp.o
 .text._Z9initSFHSSv
                0x08005540       0xc0 C:\Users\ALESSD~1\AppData\Local\Temp\arduino-sketch-DC995295C647EFD0C46A66B334A57BE7\sketch\Multiprotocol.ino.cpp.o
                0x08005540                initSFHSS()
 .text._ZL25CC2500_WriteRegisterMultihPKhh
                0x08005600       0x36 C:\Users\ALESSD~1\AppData\Local\Temp\arduino-sketch-DC995295C647EFD0C46A66B334A57BE7\sketch\Multiprotocol.ino.cpp.o
 .text._Z16CC2500_WriteDataPhh
                0x08005636       0x20 C:\Users\ALESSD~1\AppData\Local\Temp\arduino-sketch-DC995295C647EFD0C46A66B334A57BE7\sketch\Multiprotocol.ino.cpp.o
                0x08005636                CC2500_WriteData(unsigned char*, unsigned char)
 *fill*         0x08005656        0x2 
 .text._Z10ReadCORONAv
                0x08005658      0x264 C:\Users\ALESSD~1\AppData\Local\Temp\arduino-sketch-DC995295C647EFD0C46A66B334A57BE7\sketch\Multiprotocol.ino.cpp.o
                0x08005658                ReadCORONA()
 .text._Z10ReadFRSKYVv
                0x080058bc      0x1b8 C:\Users\ALESSD~1\AppData\Local\Temp\arduino-sketch-DC995295C647EFD0C46A66B334A57BE7\sketch\Multiprotocol.ino.cpp.o
                0x080058bc                ReadFRSKYV()
 .text._Z12ReadSKYARTECv
                0x08005a74      0x18c C:\Users\ALESSD~1\AppData\Local\Temp\arduino-sketch-DC995295C647EFD0C46A66B334A57BE7\sketch\Multiprotocol.ino.cpp.o
                0x08005a74                ReadSKYARTEC()
 .text._Z10initCORONAv
                0x08005c00      0x160 C:\Users\ALESSD~1\AppData\Local\Temp\arduino-sketch-DC995295C647EFD0C46A66B334A57BE7\sketch\Multiprotocol.ino.cpp.o
                0x08005c00                initCORONA()
 .text._Z10ReadFrSkyLv
                0x08005d60      0x294 C:\Users\ALESSD~1\AppData\Local\Temp\arduino-sketch-DC995295C647EFD0C46A66B334A57BE7\sketch\Multiprotocol.ino.cpp.o
                0x08005d60                ReadFrSkyL()
 .text._Z18CYRF_WriteRegisterhh
                0x08005ff4       0x28 C:\Users\ALESSD~1\AppData\Local\Temp\arduino-sketch-DC995295C647EFD0C46A66B334A57BE7\sketch\Multiprotocol.ino.cpp.o
                0x08005ff4                CYRF_WriteRegister(unsigned char, unsigned char)
 .text._Z16CYRF_SetTxRxModeh
                0x0800601c       0x48 C:\Users\ALESSD~1\AppData\Local\Temp\arduino-sketch-DC995295C647EFD0C46A66B334A57BE7\sketch\Multiprotocol.ino.cpp.o
                0x0800601c                CYRF_SetTxRxMode(unsigned char)
 .text._Z20CYRF_ConfigRFChannelh
                0x08006064        0x8 C:\Users\ALESSD~1\AppData\Local\Temp\arduino-sketch-DC995295C647EFD0C46A66B334A57BE7\sketch\Multiprotocol.ino.cpp.o
                0x08006064                CYRF_ConfigRFChannel(unsigned char)
 .text._Z13CYRF_SetPowerh
                0x0800606c       0x40 C:\Users\ALESSD~1\AppData\Local\Temp\arduino-sketch-DC995295C647EFD0C46A66B334A57BE7\sketch\Multiprotocol.ino.cpp.o
                0x0800606c                CYRF_SetPower(unsigned char)
 .text._Z18CYRF_ConfigCRCSeedt
                0x080060ac       0x18 C:\Users\ALESSD~1\AppData\Local\Temp\arduino-sketch-DC995295C647EFD0C46A66B334A57BE7\sketch\Multiprotocol.ino.cpp.o
                0x080060ac                CYRF_ConfigCRCSeed(unsigned short)
 .text._ZL19DSM_cyrf_configdatav
                0x080060c4       0x1c C:\Users\ALESSD~1\AppData\Local\Temp\arduino-sketch-DC995295C647EFD0C46A66B334A57BE7\sketch\Multiprotocol.ino.cpp.o
 .text._ZL14DEVO_cyrf_initv
                0x080060e0       0x1c C:\Users\ALESSD~1\AppData\Local\Temp\arduino-sketch-DC995295C647EFD0C46A66B334A57BE7\sketch\Multiprotocol.ino.cpp.o
 .text._ZL23CYRF_WriteRegisterMultihPKhh
                0x080060fc       0x36 C:\Users\ALESSD~1\AppData\Local\Temp\arduino-sketch-DC995295C647EFD0C46A66B334A57BE7\sketch\Multiprotocol.ino.cpp.o
 .text._Z18CYRF_ConfigSOPCodePKh
                0x08006132        0xa C:\Users\ALESSD~1\AppData\Local\Temp\arduino-sketch-DC995295C647EFD0C46A66B334A57BE7\sketch\Multiprotocol.ino.cpp.o
                0x08006132                CYRF_ConfigSOPCode(unsigned char const*)
 .text._ZL26CYRF_PROGMEM_ConfigSOPCodePKh
                0x0800613c       0x1c C:\Users\ALESSD~1\AppData\Local\Temp\arduino-sketch-DC995295C647EFD0C46A66B334A57BE7\sketch\Multiprotocol.ino.cpp.o
 .text._ZL28DEVO_cyrf_set_bound_sop_codev
                0x08006158       0x58 C:\Users\ALESSD~1\AppData\Local\Temp\arduino-sketch-DC995295C647EFD0C46A66B334A57BE7\sketch\Multiprotocol.ino.cpp.o
 .text._Z19CYRF_ConfigDataCodePKhh
                0x080061b0        0xc C:\Users\ALESSD~1\AppData\Local\Temp\arduino-sketch-DC995295C647EFD0C46A66B334A57BE7\sketch\Multiprotocol.ino.cpp.o
                0x080061b0                CYRF_ConfigDataCode(unsigned char const*, unsigned char)
 .text._ZL20DSM_set_sop_data_crcbb
                0x080061bc       0xe8 C:\Users\ALESSD~1\AppData\Local\Temp\arduino-sketch-DC995295C647EFD0C46A66B334A57BE7\sketch\Multiprotocol.ino.cpp.o
 .text._ZL20DSM_abort_channel_rxh
                0x080062a4       0x84 C:\Users\ALESSD~1\AppData\Local\Temp\arduino-sketch-DC995295C647EFD0C46A66B334A57BE7\sketch\Multiprotocol.ino.cpp.o
 .text._ZL23CYRF_WriteDataPacketLenPKhh
                0x08006328       0x2a C:\Users\ALESSD~1\AppData\Local\Temp\arduino-sketch-DC995295C647EFD0C46A66B334A57BE7\sketch\Multiprotocol.ino.cpp.o
 .text._Z20CYRF_WriteDataPacketPKh
                0x08006352        0x6 C:\Users\ALESSD~1\AppData\Local\Temp\arduino-sketch-DC995295C647EFD0C46A66B334A57BE7\sketch\Multiprotocol.ino.cpp.o
                0x08006352                CYRF_WriteDataPacket(unsigned char const*)
 .text._Z18CYRF_WritePreamblem
                0x08006358       0x34 C:\Users\ALESSD~1\AppData\Local\Temp\arduino-sketch-DC995295C647EFD0C46A66B334A57BE7\sketch\Multiprotocol.ino.cpp.o
                0x08006358                CYRF_WritePreamble(unsigned long)
 .text._ZL15DSM_cyrf_configv
                0x0800638c       0x28 C:\Users\ALESSD~1\AppData\Local\Temp\arduino-sketch-DC995295C647EFD0C46A66B334A57BE7\sketch\Multiprotocol.ino.cpp.o
 .text._Z10initDSM_Rxv
                0x080063b4       0xcc C:\Users\ALESSD~1\AppData\Local\Temp\arduino-sketch-DC995295C647EFD0C46A66B334A57BE7\sketch\Multiprotocol.ino.cpp.o
                0x080063b4                initDSM_Rx()
 .text._Z17NRF24L01_WriteReghh
                0x08006480       0x2c C:\Users\ALESSD~1\AppData\Local\Temp\arduino-sketch-DC995295C647EFD0C46A66B334A57BE7\sketch\Multiprotocol.ino.cpp.o
                0x08006480                NRF24L01_WriteReg(unsigned char, unsigned char)
 .text._ZL14XN297L_Hoppingh
                0x080064ac       0x40 C:\Users\ALESSD~1\AppData\Local\Temp\arduino-sketch-DC995295C647EFD0C46A66B334A57BE7\sketch\Multiprotocol.ino.cpp.o
 .text._ZL16XN297L_RFChannelh
                0x080064ec       0x40 C:\Users\ALESSD~1\AppData\Local\Temp\arduino-sketch-DC995295C647EFD0C46A66B334A57BE7\sketch\Multiprotocol.ino.cpp.o
 .text._Z19NRF24L01_SetBitrateh
                0x0800652c       0x30 C:\Users\ALESSD~1\AppData\Local\Temp\arduino-sketch-DC995295C647EFD0C46A66B334A57BE7\sketch\Multiprotocol.ino.cpp.o
                0x0800652c                NRF24L01_SetBitrate(unsigned char)
 .text._Z17NRF24L01_SetPowerv
                0x0800655c       0x60 C:\Users\ALESSD~1\AppData\Local\Temp\arduino-sketch-DC995295C647EFD0C46A66B334A57BE7\sketch\Multiprotocol.ino.cpp.o
                0x0800655c                NRF24L01_SetPower()
 .text._ZL15XN297L_SetPowerv
                0x080065bc       0x14 C:\Users\ALESSD~1\AppData\Local\Temp\arduino-sketch-DC995295C647EFD0C46A66B334A57BE7\sketch\Multiprotocol.ino.cpp.o
 .text._Z20NRF24L01_SetTxRxMode10TXRX_State.part.15
                0x080065d0       0x1c C:\Users\ALESSD~1\AppData\Local\Temp\arduino-sketch-DC995295C647EFD0C46A66B334A57BE7\sketch\Multiprotocol.ino.cpp.o
 .text._Z20NRF24L01_SetTxRxMode10TXRX_State
                0x080065ec       0x38 C:\Users\ALESSD~1\AppData\Local\Temp\arduino-sketch-DC995295C647EFD0C46A66B334A57BE7\sketch\Multiprotocol.ino.cpp.o
                0x080065ec                NRF24L01_SetTxRxMode(TXRX_State)
 .text._Z15XN297_Configureh
                0x08006624       0x18 C:\Users\ALESSD~1\AppData\Local\Temp\arduino-sketch-DC995295C647EFD0C46A66B334A57BE7\sketch\Multiprotocol.ino.cpp.o
                0x08006624                XN297_Configure(unsigned char)
 .text._Z16HS6200_Configureh
                0x0800663c       0x18 C:\Users\ALESSD~1\AppData\Local\Temp\arduino-sketch-DC995295C647EFD0C46A66B334A57BE7\sketch\Multiprotocol.ino.cpp.o
                0x0800663c                HS6200_Configure(unsigned char)
 .text._Z17LT8900_SetChannelh
                0x08006654        0xa C:\Users\ALESSD~1\AppData\Local\Temp\arduino-sketch-DC995295C647EFD0C46A66B334A57BE7\sketch\Multiprotocol.ino.cpp.o
                0x08006654                LT8900_SetChannel(unsigned char)
 .text._Z18LT8900_SetTxRxMode10TXRX_State.part.24
                0x0800665e       0x18 C:\Users\ALESSD~1\AppData\Local\Temp\arduino-sketch-DC995295C647EFD0C46A66B334A57BE7\sketch\Multiprotocol.ino.cpp.o
 .text._Z27NRF24L01_WriteRegisterMultihPhh
                0x08006676       0x3a C:\Users\ALESSD~1\AppData\Local\Temp\arduino-sketch-DC995295C647EFD0C46A66B334A57BE7\sketch\Multiprotocol.ino.cpp.o
                0x08006676                NRF24L01_WriteRegisterMulti(unsigned char, unsigned char*, unsigned char)
 .text._ZL21ESKY_set_data_addressv
                0x080066b0       0x28 C:\Users\ALESSD~1\AppData\Local\Temp\arduino-sketch-DC995295C647EFD0C46A66B334A57BE7\sketch\Multiprotocol.ino.cpp.o
 .text._Z9initHiSkyv
                0x080066d8      0x1e8 C:\Users\ALESSD~1\AppData\Local\Temp\arduino-sketch-DC995295C647EFD0C46A66B334A57BE7\sketch\Multiprotocol.ino.cpp.o
                0x080066d8                initHiSky()
 .text._Z15XN297_SetTXAddrPKhh
                0x080068c0       0x78 C:\Users\ALESSD~1\AppData\Local\Temp\arduino-sketch-DC995295C647EFD0C46A66B334A57BE7\sketch\Multiprotocol.ino.cpp.o
                0x080068c0                XN297_SetTXAddr(unsigned char const*, unsigned char)
 .text._ZL16XN297L_SetTXAddrPKhh.constprop.55
                0x08006938       0x28 C:\Users\ALESSD~1\AppData\Local\Temp\arduino-sketch-DC995295C647EFD0C46A66B334A57BE7\sketch\Multiprotocol.ino.cpp.o
 .text._Z15XN297_SetRXAddrPKhh
                0x08006960       0x88 C:\Users\ALESSD~1\AppData\Local\Temp\arduino-sketch-DC995295C647EFD0C46A66B334A57BE7\sketch\Multiprotocol.ino.cpp.o
                0x08006960                XN297_SetRXAddr(unsigned char const*, unsigned char)
 .text._Z16HS6200_SetTXAddrPKhh
                0x080069e8       0x6c C:\Users\ALESSD~1\AppData\Local\Temp\arduino-sketch-DC995295C647EFD0C46A66B334A57BE7\sketch\Multiprotocol.ino.cpp.o
                0x080069e8                HS6200_SetTXAddr(unsigned char const*, unsigned char)
 .text._Z17LT8900_SetAddressPhh
                0x08006a54       0x74 C:\Users\ALESSD~1\AppData\Local\Temp\arduino-sketch-DC995295C647EFD0C46A66B334A57BE7\sketch\Multiprotocol.ino.cpp.o
                0x08006a54                LT8900_SetAddress(unsigned char*, unsigned char)
 .text._ZL17NRF250K_SetTXAddrPhh.constprop.58
                0x08006ac8       0x3c C:\Users\ALESSD~1\AppData\Local\Temp\arduino-sketch-DC995295C647EFD0C46A66B334A57BE7\sketch\Multiprotocol.ino.cpp.o
 .text._Z21NRF24L01_WritePayloadPhh
                0x08006b04       0x32 C:\Users\ALESSD~1\AppData\Local\Temp\arduino-sketch-DC995295C647EFD0C46A66B334A57BE7\sketch\Multiprotocol.ino.cpp.o
                0x08006b04                NRF24L01_WritePayload(unsigned char*, unsigned char)
 *fill*         0x08006b36        0x2 
 .text._Z11kn_callbackv
                0x08006b38      0x200 C:\Users\ALESSD~1\AppData\Local\Temp\arduino-sketch-DC995295C647EFD0C46A66B334A57BE7\sketch\Multiprotocol.ino.cpp.o
                0x08006b38                kn_callback()
 .text._Z18XN297_WritePayloadPhh
                0x08006d38      0x120 C:\Users\ALESSD~1\AppData\Local\Temp\arduino-sketch-DC995295C647EFD0C46A66B334A57BE7\sketch\Multiprotocol.ino.cpp.o
                0x08006d38                XN297_WritePayload(unsigned char*, unsigned char)
 .text._Z26XN297_WriteEnhancedPayloadPhhh
                0x08006e58      0x210 C:\Users\ALESSD~1\AppData\Local\Temp\arduino-sketch-DC995295C647EFD0C46A66B334A57BE7\sketch\Multiprotocol.ino.cpp.o
                0x08006e58                XN297_WriteEnhancedPayload(unsigned char*, unsigned char, unsigned char)
 .text._Z19HS6200_WritePayloadPhh
                0x08007068      0x184 C:\Users\ALESSD~1\AppData\Local\Temp\arduino-sketch-DC995295C647EFD0C46A66B334A57BE7\sketch\Multiprotocol.ino.cpp.o
                0x08007068                HS6200_WritePayload(unsigned char*, unsigned char)
 .text._Z19LT8900_WritePayloadPhh
                0x080071ec      0x11c C:\Users\ALESSD~1\AppData\Local\Temp\arduino-sketch-DC995295C647EFD0C46A66B334A57BE7\sketch\Multiprotocol.ino.cpp.o
                0x080071ec                LT8900_WritePayload(unsigned char*, unsigned char)
 .text._ZL15NRF24L01_Strobeh
                0x08007308       0x1e C:\Users\ALESSD~1\AppData\Local\Temp\arduino-sketch-DC995295C647EFD0C46A66B334A57BE7\sketch\Multiprotocol.ino.cpp.o
 .text._Z16NRF24L01_FlushTxv
                0x08007326        0x6 C:\Users\ALESSD~1\AppData\Local\Temp\arduino-sketch-DC995295C647EFD0C46A66B334A57BE7\sketch\Multiprotocol.ino.cpp.o
                0x08007326                NRF24L01_FlushTx()
 .text._ZL18send_search_packetv
                0x0800732c       0x64 C:\Users\ALESSD~1\AppData\Local\Temp\arduino-sketch-DC995295C647EFD0C46A66B334A57BE7\sketch\Multiprotocol.ino.cpp.o
 .text._Z17ASSAN_send_packetv
                0x08007390       0x54 C:\Users\ALESSD~1\AppData\Local\Temp\arduino-sketch-DC995295C647EFD0C46A66B334A57BE7\sketch\Multiprotocol.ino.cpp.o
                0x08007390                ASSAN_send_packet()
 .text._ZL20BUGSMINI_send_packeth
                0x080073e4      0x1e8 C:\Users\ALESSD~1\AppData\Local\Temp\arduino-sketch-DC995295C647EFD0C46A66B334A57BE7\sketch\Multiprotocol.ino.cpp.o
 .text._ZL18BAYANG_send_packetv
                0x080075cc      0x270 C:\Users\ALESSD~1\AppData\Local\Temp\arduino-sketch-DC995295C647EFD0C46A66B334A57BE7\sketch\Multiprotocol.ino.cpp.o
 .text._ZL17CG023_send_packeth
                0x0800783c      0x158 C:\Users\ALESSD~1\AppData\Local\Temp\arduino-sketch-DC995295C647EFD0C46A66B334A57BE7\sketch\Multiprotocol.ino.cpp.o
 .text._Z14CG023_callbackv
                0x08007994       0x40 C:\Users\ALESSD~1\AppData\Local\Temp\arduino-sketch-DC995295C647EFD0C46A66B334A57BE7\sketch\Multiprotocol.ino.cpp.o
                0x08007994                CG023_callback()
 .text._ZL17CX10_Write_Packeth
                0x080079d4      0x318 C:\Users\ALESSD~1\AppData\Local\Temp\arduino-sketch-DC995295C647EFD0C46A66B334A57BE7\sketch\Multiprotocol.ino.cpp.o
 .text._ZL17DM002_send_packeth
                0x08007cec      0x14c C:\Users\ALESSD~1\AppData\Local\Temp\arduino-sketch-DC995295C647EFD0C46A66B334A57BE7\sketch\Multiprotocol.ino.cpp.o
 .text._Z14DM002_callbackv
                0x08007e38       0x48 C:\Users\ALESSD~1\AppData\Local\Temp\arduino-sketch-DC995295C647EFD0C46A66B334A57BE7\sketch\Multiprotocol.ino.cpp.o
                0x08007e38                DM002_callback()
 .text._ZL16E01X_send_packeth
                0x08007e80      0x39c C:\Users\ALESSD~1\AppData\Local\Temp\arduino-sketch-DC995295C647EFD0C46A66B334A57BE7\sketch\Multiprotocol.ino.cpp.o
 .text._Z13E01X_callbackv
                0x0800821c       0x60 C:\Users\ALESSD~1\AppData\Local\Temp\arduino-sketch-DC995295C647EFD0C46A66B334A57BE7\sketch\Multiprotocol.ino.cpp.o
                0x0800821c                E01X_callback()
 .text._Z16ESKY150_callbackv
                0x0800827c      0x188 C:\Users\ALESSD~1\AppData\Local\Temp\arduino-sketch-DC995295C647EFD0C46A66B334A57BE7\sketch\Multiprotocol.ino.cpp.o
                0x0800827c                ESKY150_callback()
 .text._Z8initESKYv
                0x08008404      0x158 C:\Users\ALESSD~1\AppData\Local\Temp\arduino-sketch-DC995295C647EFD0C46A66B334A57BE7\sketch\Multiprotocol.ino.cpp.o
                0x08008404                initESKY()
 .text._ZL17FQ777_send_packeth
                0x0800855c      0x254 C:\Users\ALESSD~1\AppData\Local\Temp\arduino-sketch-DC995295C647EFD0C46A66B334A57BE7\sketch\Multiprotocol.ino.cpp.o
 .text._Z14FQ777_callbackv
                0x080087b0       0x44 C:\Users\ALESSD~1\AppData\Local\Temp\arduino-sketch-DC995295C647EFD0C46A66B334A57BE7\sketch\Multiprotocol.ino.cpp.o
                0x080087b0                FQ777_callback()
 .text._Z14FX816_callbackv
                0x080087f4       0xcc C:\Users\ALESSD~1\AppData\Local\Temp\arduino-sketch-DC995295C647EFD0C46A66B334A57BE7\sketch\Multiprotocol.ino.cpp.o
                0x080087f4                FX816_callback()
 .text._ZL17FY326_send_packeth
                0x080088c0      0x160 C:\Users\ALESSD~1\AppData\Local\Temp\arduino-sketch-DC995295C647EFD0C46A66B334A57BE7\sketch\Multiprotocol.ino.cpp.o
 .text._ZL17GW008_send_packeth
                0x08008a20       0xe4 C:\Users\ALESSD~1\AppData\Local\Temp\arduino-sketch-DC995295C647EFD0C46A66B334A57BE7\sketch\Multiprotocol.ino.cpp.o
 .text._ZL17H8_3D_send_packeth
                0x08008b04      0x23c C:\Users\ALESSD~1\AppData\Local\Temp\arduino-sketch-DC995295C647EFD0C46A66B334A57BE7\sketch\Multiprotocol.ino.cpp.o
 .text._Z14H8_3D_callbackv
                0x08008d40       0x48 C:\Users\ALESSD~1\AppData\Local\Temp\arduino-sketch-DC995295C647EFD0C46A66B334A57BE7\sketch\Multiprotocol.ino.cpp.o
                0x08008d40                H8_3D_callback()
 .text._Z8hisky_cbv
                0x08008d88      0x1f0 C:\Users\ALESSD~1\AppData\Local\Temp\arduino-sketch-DC995295C647EFD0C46A66B334A57BE7\sketch\Multiprotocol.ino.cpp.o
                0x08008d88                hisky_cb()
 .text._ZL18HONTAI_send_packeth
                0x08008f78      0x2e4 C:\Users\ALESSD~1\AppData\Local\Temp\arduino-sketch-DC995295C647EFD0C46A66B334A57BE7\sketch\Multiprotocol.ino.cpp.o
 .text._Z15HONTAI_callbackv
                0x0800925c       0xd4 C:\Users\ALESSD~1\AppData\Local\Temp\arduino-sketch-DC995295C647EFD0C46A66B334A57BE7\sketch\Multiprotocol.ino.cpp.o
                0x0800925c                HONTAI_callback()
 .text._Z16JJRC345_callbackv
                0x08009330      0x148 C:\Users\ALESSD~1\AppData\Local\Temp\arduino-sketch-DC995295C647EFD0C46A66B334A57BE7\sketch\Multiprotocol.ino.cpp.o
                0x08009330                JJRC345_callback()
 .text._Z15MT99XX_callbackv
                0x08009478      0x300 C:\Users\ALESSD~1\AppData\Local\Temp\arduino-sketch-DC995295C647EFD0C46A66B334A57BE7\sketch\Multiprotocol.ino.cpp.o
                0x08009478                MT99XX_callback()
 .text._Z10initMT99XXv
                0x08009778      0x18c C:\Users\ALESSD~1\AppData\Local\Temp\arduino-sketch-DC995295C647EFD0C46A66B334A57BE7\sketch\Multiprotocol.ino.cpp.o
                0x08009778                initMT99XX()
 .text._ZL16NCC_Write_Packetv
                0x08009904      0x128 C:\Users\ALESSD~1\AppData\Local\Temp\arduino-sketch-DC995295C647EFD0C46A66B334A57BE7\sketch\Multiprotocol.ino.cpp.o
 .text._Z17POTENSIC_callbackv
                0x08009a2c      0x174 C:\Users\ALESSD~1\AppData\Local\Temp\arduino-sketch-DC995295C647EFD0C46A66B334A57BE7\sketch\Multiprotocol.ino.cpp.o
                0x08009a2c                POTENSIC_callback()
 .text._ZL16Q303_send_packeth
                0x08009ba0      0x3bc C:\Users\ALESSD~1\AppData\Local\Temp\arduino-sketch-DC995295C647EFD0C46A66B334A57BE7\sketch\Multiprotocol.ino.cpp.o
 .text._Z13Q303_callbackv
                0x08009f5c       0x58 C:\Users\ALESSD~1\AppData\Local\Temp\arduino-sketch-DC995295C647EFD0C46A66B334A57BE7\sketch\Multiprotocol.ino.cpp.o
                0x08009f5c                Q303_callback()
 .text._ZL17SYMAX_send_packeth
                0x08009fb4      0x214 C:\Users\ALESSD~1\AppData\Local\Temp\arduino-sketch-DC995295C647EFD0C46A66B334A57BE7\sketch\Multiprotocol.ino.cpp.o
 .text._Z14symax_callbackv
                0x0800a1c8      0x210 C:\Users\ALESSD~1\AppData\Local\Temp\arduino-sketch-DC995295C647EFD0C46A66B334A57BE7\sketch\Multiprotocol.ino.cpp.o
                0x0800a1c8                symax_callback()
 .text._Z14TIGER_callbackv
                0x0800a3d8       0xf0 C:\Users\ALESSD~1\AppData\Local\Temp\arduino-sketch-DC995295C647EFD0C46A66B334A57BE7\sketch\Multiprotocol.ino.cpp.o
                0x0800a3d8                TIGER_callback()
 .text._ZL16V2X2_send_packeth
                0x0800a4c8      0x170 C:\Users\ALESSD~1\AppData\Local\Temp\arduino-sketch-DC995295C647EFD0C46A66B334A57BE7\sketch\Multiprotocol.ino.cpp.o
 .text._ZL16V761_send_packetv
                0x0800a638      0x134 C:\Users\ALESSD~1\AppData\Local\Temp\arduino-sketch-DC995295C647EFD0C46A66B334A57BE7\sketch\Multiprotocol.ino.cpp.o
 .text._Z13V761_callbackv
                0x0800a76c       0xbc C:\Users\ALESSD~1\AppData\Local\Temp\arduino-sketch-DC995295C647EFD0C46A66B334A57BE7\sketch\Multiprotocol.ino.cpp.o
                0x0800a76c                V761_callback()
 .text._ZL17yd717_send_packeth
                0x0800a828      0x158 C:\Users\ALESSD~1\AppData\Local\Temp\arduino-sketch-DC995295C647EFD0C46A66B334A57BE7\sketch\Multiprotocol.ino.cpp.o
 .text._Z14yd717_callbackv
                0x0800a980       0x5c C:\Users\ALESSD~1\AppData\Local\Temp\arduino-sketch-DC995295C647EFD0C46A66B334A57BE7\sketch\Multiprotocol.ino.cpp.o
                0x0800a980                yd717_callback()
 .text._Z12ZSX_callbackv
                0x0800a9dc       0xb0 C:\Users\ALESSD~1\AppData\Local\Temp\arduino-sketch-DC995295C647EFD0C46A66B334A57BE7\sketch\Multiprotocol.ino.cpp.o
                0x0800a9dc                ZSX_callback()
 .text._ZL27XN297L_WriteEnhancedPayloadPhhh.constprop.42
                0x0800aa8c      0x24c C:\Users\ALESSD~1\AppData\Local\Temp\arduino-sketch-DC995295C647EFD0C46A66B334A57BE7\sketch\Multiprotocol.ino.cpp.o
 .text._Z13Q90C_callbackv
                0x0800acd8      0x1e8 C:\Users\ALESSD~1\AppData\Local\Temp\arduino-sketch-DC995295C647EFD0C46A66B334A57BE7\sketch\Multiprotocol.ino.cpp.o
                0x0800acd8                Q90C_callback()
 .text._ZL19XN297L_WritePayloadPhh.constprop.44
                0x0800aec0      0x138 C:\Users\ALESSD~1\AppData\Local\Temp\arduino-sketch-DC995295C647EFD0C46A66B334A57BE7\sketch\Multiprotocol.ino.cpp.o
 .text._ZL17V911S_send_packeth
                0x0800aff8      0x178 C:\Users\ALESSD~1\AppData\Local\Temp\arduino-sketch-DC995295C647EFD0C46A66B334A57BE7\sketch\Multiprotocol.ino.cpp.o
 .text._Z14V911S_callbackv
                0x0800b170       0x5c C:\Users\ALESSD~1\AppData\Local\Temp\arduino-sketch-DC995295C647EFD0C46A66B334A57BE7\sketch\Multiprotocol.ino.cpp.o
                0x0800b170                V911S_callback()
 .text._ZL16MJXQ_send_packeth
                0x0800b1cc      0x2c4 C:\Users\ALESSD~1\AppData\Local\Temp\arduino-sketch-DC995295C647EFD0C46A66B334A57BE7\sketch\Multiprotocol.ino.cpp.o
 .text._Z11XK_callbackv
                0x0800b490      0x16c C:\Users\ALESSD~1\AppData\Local\Temp\arduino-sketch-DC995295C647EFD0C46A66B334A57BE7\sketch\Multiprotocol.ino.cpp.o
                0x0800b490                XK_callback()
 .text._Z14KF606_callbackv
                0x0800b5fc       0xa8 C:\Users\ALESSD~1\AppData\Local\Temp\arduino-sketch-DC995295C647EFD0C46A66B334A57BE7\sketch\Multiprotocol.ino.cpp.o
                0x0800b5fc                KF606_callback()
 .text._Z14GD00X_callbackv
                0x0800b6a4      0x22c C:\Users\ALESSD~1\AppData\Local\Temp\arduino-sketch-DC995295C647EFD0C46A66B334A57BE7\sketch\Multiprotocol.ino.cpp.o
                0x0800b6a4                GD00X_callback()
 .text._Z13ESKY_callbackv
                0x0800b8d0      0x118 C:\Users\ALESSD~1\AppData\Local\Temp\arduino-sketch-DC995295C647EFD0C46A66B334A57BE7\sketch\Multiprotocol.ino.cpp.o
                0x0800b8d0                ESKY_callback()
 .text._Z16NRF24L01_FlushRxv
                0x0800b9e8        0x6 C:\Users\ALESSD~1\AppData\Local\Temp\arduino-sketch-DC995295C647EFD0C46A66B334A57BE7\sketch\Multiprotocol.ino.cpp.o
                0x0800b9e8                NRF24L01_FlushRx()
 *fill*         0x0800b9ee        0x2 
 .text._ZL11send_packetv
                0x0800b9f0       0x2c C:\Users\ALESSD~1\AppData\Local\Temp\arduino-sketch-DC995295C647EFD0C46A66B334A57BE7\sketch\Multiprotocol.ino.cpp.o
 .text._ZL21send_crtp_rpyt_packetv
                0x0800ba1c       0xd0 C:\Users\ALESSD~1\AppData\Local\Temp\arduino-sketch-DC995295C647EFD0C46A66B334A57BE7\sketch\Multiprotocol.ino.cpp.o
 .text._Z10ASSAN_initv
                0x0800baec       0x58 C:\Users\ALESSD~1\AppData\Local\Temp\arduino-sketch-DC995295C647EFD0C46A66B334A57BE7\sketch\Multiprotocol.ino.cpp.o
                0x0800baec                ASSAN_init()
 .text._Z9initASSANv
                0x0800bb44       0xa4 C:\Users\ALESSD~1\AppData\Local\Temp\arduino-sketch-DC995295C647EFD0C46A66B334A57BE7\sketch\Multiprotocol.ino.cpp.o
                0x0800bb44                initASSAN()
 .text._Z9initCG023v
                0x0800bbe8       0xa8 C:\Users\ALESSD~1\AppData\Local\Temp\arduino-sketch-DC995295C647EFD0C46A66B334A57BE7\sketch\Multiprotocol.ino.cpp.o
                0x0800bbe8                initCG023()
 .text._Z8initCX10v
                0x0800bc90      0x138 C:\Users\ALESSD~1\AppData\Local\Temp\arduino-sketch-DC995295C647EFD0C46A66B334A57BE7\sketch\Multiprotocol.ino.cpp.o
                0x0800bc90                initCX10()
 .text._Z9initDM002v
                0x0800bdc8       0xc0 C:\Users\ALESSD~1\AppData\Local\Temp\arduino-sketch-DC995295C647EFD0C46A66B334A57BE7\sketch\Multiprotocol.ino.cpp.o
                0x0800bdc8                initDM002()
 .text._Z9initH8_3Dv
                0x0800be88      0x140 C:\Users\ALESSD~1\AppData\Local\Temp\arduino-sketch-DC995295C647EFD0C46A66B334A57BE7\sketch\Multiprotocol.ino.cpp.o
                0x0800be88                initH8_3D()
 .text._Z11initJJRC345v
                0x0800bfc8       0x6c C:\Users\ALESSD~1\AppData\Local\Temp\arduino-sketch-DC995295C647EFD0C46A66B334A57BE7\sketch\Multiprotocol.ino.cpp.o
                0x0800bfc8                initJJRC345()
 .text._Z7initNCCv
                0x0800c034       0xec C:\Users\ALESSD~1\AppData\Local\Temp\arduino-sketch-DC995295C647EFD0C46A66B334A57BE7\sketch\Multiprotocol.ino.cpp.o
                0x0800c034                initNCC()
 .text._Z18LT8900_SetTxRxMode10TXRX_State
                0x0800c120       0x48 C:\Users\ALESSD~1\AppData\Local\Temp\arduino-sketch-DC995295C647EFD0C46A66B334A57BE7\sketch\Multiprotocol.ino.cpp.o
                0x0800c120                LT8900_SetTxRxMode(TXRX_State)
 .text._Z11SHENQI_initv
                0x0800c168       0x6c C:\Users\ALESSD~1\AppData\Local\Temp\arduino-sketch-DC995295C647EFD0C46A66B334A57BE7\sketch\Multiprotocol.ino.cpp.o
                0x0800c168                SHENQI_init()
 .text._Z10initSHENQIv
                0x0800c1d4       0x38 C:\Users\ALESSD~1\AppData\Local\Temp\arduino-sketch-DC995295C647EFD0C46A66B334A57BE7\sketch\Multiprotocol.ino.cpp.o
                0x0800c1d4                initSHENQI()
 .text._ZL18PROPEL_bind_packetb
                0x0800c20c       0x68 C:\Users\ALESSD~1\AppData\Local\Temp\arduino-sketch-DC995295C647EFD0C46A66B334A57BE7\sketch\Multiprotocol.ino.cpp.o
 .text._Z17NRF24L01_Activateh
                0x0800c274       0x24 C:\Users\ALESSD~1\AppData\Local\Temp\arduino-sketch-DC995295C647EFD0C46A66B334A57BE7\sketch\Multiprotocol.ino.cpp.o
                0x0800c274                NRF24L01_Activate(unsigned char)
 .text._Z12initBUGSMINIv
                0x0800c298      0x140 C:\Users\ALESSD~1\AppData\Local\Temp\arduino-sketch-DC995295C647EFD0C46A66B334A57BE7\sketch\Multiprotocol.ino.cpp.o
                0x0800c298                initBUGSMINI()
 .text._Z13initBayang_Rxv
                0x0800c3d8      0x110 C:\Users\ALESSD~1\AppData\Local\Temp\arduino-sketch-DC995295C647EFD0C46A66B334A57BE7\sketch\Multiprotocol.ino.cpp.o
                0x0800c3d8                initBayang_Rx()
 .text._Z10initBAYANGv
                0x0800c4e8       0xfc C:\Users\ALESSD~1\AppData\Local\Temp\arduino-sketch-DC995295C647EFD0C46A66B334A57BE7\sketch\Multiprotocol.ino.cpp.o
                0x0800c4e8                initBAYANG()
 .text._Z8initE01Xv
                0x0800c5e4      0x15c C:\Users\ALESSD~1\AppData\Local\Temp\arduino-sketch-DC995295C647EFD0C46A66B334A57BE7\sketch\Multiprotocol.ino.cpp.o
                0x0800c5e4                initE01X()
 .text._Z11initESKY150v
                0x0800c740      0x128 C:\Users\ALESSD~1\AppData\Local\Temp\arduino-sketch-DC995295C647EFD0C46A66B334A57BE7\sketch\Multiprotocol.ino.cpp.o
                0x0800c740                initESKY150()
 .text._Z9initFQ777v
                0x0800c868       0xc0 C:\Users\ALESSD~1\AppData\Local\Temp\arduino-sketch-DC995295C647EFD0C46A66B334A57BE7\sketch\Multiprotocol.ino.cpp.o
                0x0800c868                initFQ777()
 .text._Z9initFX816v
                0x0800c928       0xc8 C:\Users\ALESSD~1\AppData\Local\Temp\arduino-sketch-DC995295C647EFD0C46A66B334A57BE7\sketch\Multiprotocol.ino.cpp.o
                0x0800c928                initFX816()
 .text._Z9initFY326v
                0x0800c9f0      0x124 C:\Users\ALESSD~1\AppData\Local\Temp\arduino-sketch-DC995295C647EFD0C46A66B334A57BE7\sketch\Multiprotocol.ino.cpp.o
                0x0800c9f0                initFY326()
 .text._Z9initGW008v
                0x0800cb14       0xdc C:\Users\ALESSD~1\AppData\Local\Temp\arduino-sketch-DC995295C647EFD0C46A66B334A57BE7\sketch\Multiprotocol.ino.cpp.o
                0x0800cb14                initGW008()
 .text._Z10initHONTAIv
                0x0800cbf0       0xf4 C:\Users\ALESSD~1\AppData\Local\Temp\arduino-sketch-DC995295C647EFD0C46A66B334A57BE7\sketch\Multiprotocol.ino.cpp.o
                0x0800cbf0                initHONTAI()
 .text._Z6initKNv
                0x0800cce4      0x1bc C:\Users\ALESSD~1\AppData\Local\Temp\arduino-sketch-DC995295C647EFD0C46A66B334A57BE7\sketch\Multiprotocol.ino.cpp.o
                0x0800cce4                initKN()
 .text._Z12initPOTENSICv
                0x0800cea0       0xa4 C:\Users\ALESSD~1\AppData\Local\Temp\arduino-sketch-DC995295C647EFD0C46A66B334A57BE7\sketch\Multiprotocol.ino.cpp.o
                0x0800cea0                initPOTENSIC()
 .text._Z10initPROPELv
                0x0800cf44       0xe8 C:\Users\ALESSD~1\AppData\Local\Temp\arduino-sketch-DC995295C647EFD0C46A66B334A57BE7\sketch\Multiprotocol.ino.cpp.o
                0x0800cf44                initPROPEL()
 .text._Z8initQ303v
                0x0800d02c      0x190 C:\Users\ALESSD~1\AppData\Local\Temp\arduino-sketch-DC995295C647EFD0C46A66B334A57BE7\sketch\Multiprotocol.ino.cpp.o
                0x0800d02c                initQ303()
 .text._Z8SPI_Readv
                0x0800d1bc       0x14 C:\Users\ALESSD~1\AppData\Local\Temp\arduino-sketch-DC995295C647EFD0C46A66B334A57BE7\sketch\Multiprotocol.ino.cpp.o
                0x0800d1bc                SPI_Read()
 .text._ZL20NRF24L01_ReadPayloadPhh
                0x0800d1d0       0x32 C:\Users\ALESSD~1\AppData\Local\Temp\arduino-sketch-DC995295C647EFD0C46A66B334A57BE7\sketch\Multiprotocol.ino.cpp.o
 *fill*         0x0800d202        0x2 
 .text._Z17XN297_ReadPayloadPhh
                0x0800d204       0xe8 C:\Users\ALESSD~1\AppData\Local\Temp\arduino-sketch-DC995295C647EFD0C46A66B334A57BE7\sketch\Multiprotocol.ino.cpp.o
                0x0800d204                XN297_ReadPayload(unsigned char*, unsigned char)
 .text._Z25XN297_ReadEnhancedPayloadPhh
                0x0800d2ec      0x140 C:\Users\ALESSD~1\AppData\Local\Temp\arduino-sketch-DC995295C647EFD0C46A66B334A57BE7\sketch\Multiprotocol.ino.cpp.o
                0x0800d2ec                XN297_ReadEnhancedPayload(unsigned char*, unsigned char)
 .text._Z18LT8900_ReadPayloadPhh
                0x0800d42c      0x140 C:\Users\ALESSD~1\AppData\Local\Temp\arduino-sketch-DC995295C647EFD0C46A66B334A57BE7\sketch\Multiprotocol.ino.cpp.o
                0x0800d42c                LT8900_ReadPayload(unsigned char*, unsigned char)
 .text._ZL14CC2500_ReadRegh
                0x0800d56c       0x26 C:\Users\ALESSD~1\AppData\Local\Temp\arduino-sketch-DC995295C647EFD0C46A66B334A57BE7\sketch\Multiprotocol.ino.cpp.o
 .text._Z12CC2500_Resetv
                0x0800d592       0x24 C:\Users\ALESSD~1\AppData\Local\Temp\arduino-sketch-DC995295C647EFD0C46A66B334A57BE7\sketch\Multiprotocol.ino.cpp.o
                0x0800d592                CC2500_Reset()
 *fill*         0x0800d5b6        0x2 
 .text._ZL11XN297L_Initv
                0x0800d5b8      0x130 C:\Users\ALESSD~1\AppData\Local\Temp\arduino-sketch-DC995295C647EFD0C46A66B334A57BE7\sketch\Multiprotocol.ino.cpp.o
 .text._ZL26frsky_rx_initialise_cc2500v
                0x0800d6e8      0x110 C:\Users\ALESSD~1\AppData\Local\Temp\arduino-sketch-DC995295C647EFD0C46A66B334A57BE7\sketch\Multiprotocol.ino.cpp.o
 .text._ZL12REDPINE_inith
                0x0800d7f8       0x80 C:\Users\ALESSD~1\AppData\Local\Temp\arduino-sketch-DC995295C647EFD0C46A66B334A57BE7\sketch\Multiprotocol.ino.cpp.o
 .text._ZL11ReadREDPINEv
                0x0800d878      0x278 C:\Users\ALESSD~1\AppData\Local\Temp\arduino-sketch-DC995295C647EFD0C46A66B334A57BE7\sketch\Multiprotocol.ino.cpp.o
 .text._ZL19XN297L_HoppingCalibh
                0x0800daf0       0x54 C:\Users\ALESSD~1\AppData\Local\Temp\arduino-sketch-DC995295C647EFD0C46A66B334A57BE7\sketch\Multiprotocol.ino.cpp.o
 .text._Z13initESKY150V2v
                0x0800db44       0xb0 C:\Users\ALESSD~1\AppData\Local\Temp\arduino-sketch-DC995295C647EFD0C46A66B334A57BE7\sketch\Multiprotocol.ino.cpp.o
                0x0800db44                initESKY150V2()
 .text._Z9initGD00Xv
                0x0800dbf4      0x124 C:\Users\ALESSD~1\AppData\Local\Temp\arduino-sketch-DC995295C647EFD0C46A66B334A57BE7\sketch\Multiprotocol.ino.cpp.o
                0x0800dbf4                initGD00X()
 .text._Z9initKF606v
                0x0800dd18       0x64 C:\Users\ALESSD~1\AppData\Local\Temp\arduino-sketch-DC995295C647EFD0C46A66B334A57BE7\sketch\Multiprotocol.ino.cpp.o
                0x0800dd18                initKF606()
 .text._Z13MJXQ_callbackv
                0x0800dd7c       0xd0 C:\Users\ALESSD~1\AppData\Local\Temp\arduino-sketch-DC995295C647EFD0C46A66B334A57BE7\sketch\Multiprotocol.ino.cpp.o
                0x0800dd7c                MJXQ_callback()
 .text._Z8initMJXQv
                0x0800de4c      0x194 C:\Users\ALESSD~1\AppData\Local\Temp\arduino-sketch-DC995295C647EFD0C46A66B334A57BE7\sketch\Multiprotocol.ino.cpp.o
                0x0800de4c                initMJXQ()
 .text._Z8initQ90Cv
                0x0800dfe0       0xa4 C:\Users\ALESSD~1\AppData\Local\Temp\arduino-sketch-DC995295C647EFD0C46A66B334A57BE7\sketch\Multiprotocol.ino.cpp.o
                0x0800dfe0                initQ90C()
 .text._Z7initSLTv
                0x0800e084      0x114 C:\Users\ALESSD~1\AppData\Local\Temp\arduino-sketch-DC995295C647EFD0C46A66B334A57BE7\sketch\Multiprotocol.ino.cpp.o
                0x0800e084                initSLT()
 .text._ZL11FrSkyX_initv
                0x0800e198       0x98 C:\Users\ALESSD~1\AppData\Local\Temp\arduino-sketch-DC995295C647EFD0C46A66B334A57BE7\sketch\Multiprotocol.ino.cpp.o
 .text._Z10initFrSkyLv
                0x0800e230       0xa0 C:\Users\ALESSD~1\AppData\Local\Temp\arduino-sketch-DC995295C647EFD0C46A66B334A57BE7\sketch\Multiprotocol.ino.cpp.o
                0x0800e230                initFrSkyL()
 .text._Z10initFrSkyXv
                0x0800e2d0       0xec C:\Users\ALESSD~1\AppData\Local\Temp\arduino-sketch-DC995295C647EFD0C46A66B334A57BE7\sketch\Multiprotocol.ino.cpp.o
                0x0800e2d0                initFrSkyX()
 .text._ZL13frsky_rx_datav
                0x0800e3bc      0x118 C:\Users\ALESSD~1\AppData\Local\Temp\arduino-sketch-DC995295C647EFD0C46A66B334A57BE7\sketch\Multiprotocol.ino.cpp.o
 .text._Z12initFrSky_Rxv
                0x0800e4d4       0x6c C:\Users\ALESSD~1\AppData\Local\Temp\arduino-sketch-DC995295C647EFD0C46A66B334A57BE7\sketch\Multiprotocol.ino.cpp.o
                0x0800e4d4                initFrSky_Rx()
 .text._Z9ReadSFHSSv
                0x0800e540      0x11c C:\Users\ALESSD~1\AppData\Local\Temp\arduino-sketch-DC995295C647EFD0C46A66B334A57BE7\sketch\Multiprotocol.ino.cpp.o
                0x0800e540                ReadSFHSS()
 .text._ZL20NRF250K_WritePayloadPhh.constprop.47
                0x0800e65c      0x140 C:\Users\ALESSD~1\AppData\Local\Temp\arduino-sketch-DC995295C647EFD0C46A66B334A57BE7\sketch\Multiprotocol.ino.cpp.o
 .text._Z18ESKY150V2_callbackv
                0x0800e79c       0xd0 C:\Users\ALESSD~1\AppData\Local\Temp\arduino-sketch-DC995295C647EFD0C46A66B334A57BE7\sketch\Multiprotocol.ino.cpp.o
                0x0800e79c                ESKY150V2_callback()
 .text._Z17CYRF_ReadRegisterh
                0x0800e86c       0x24 C:\Users\ALESSD~1\AppData\Local\Temp\arduino-sketch-DC995295C647EFD0C46A66B334A57BE7\sketch\Multiprotocol.ino.cpp.o
                0x0800e86c                CYRF_ReadRegister(unsigned char)
 .text._Z10CYRF_Resetv
                0x0800e890       0x52 C:\Users\ALESSD~1\AppData\Local\Temp\arduino-sketch-DC995295C647EFD0C46A66B334A57BE7\sketch\Multiprotocol.ino.cpp.o
                0x0800e890                CYRF_Reset()
 .text._Z21CYRF_FindBestChannelsPhhhhh
                0x0800e8e2      0x104 C:\Users\ALESSD~1\AppData\Local\Temp\arduino-sketch-DC995295C647EFD0C46A66B334A57BE7\sketch\Multiprotocol.ino.cpp.o
                0x0800e8e2                CYRF_FindBestChannels(unsigned char*, unsigned char, unsigned char, unsigned char, unsigned char)
 *fill*         0x0800e9e6        0x2 
 .text._Z5WK_cbv
                0x0800e9e8      0x660 C:\Users\ALESSD~1\AppData\Local\Temp\arduino-sketch-DC995295C647EFD0C46A66B334A57BE7\sketch\Multiprotocol.ino.cpp.o
                0x0800e9e8                WK_cb()
 .text._ZL22CYRF_ReadRegisterMultihPhh
                0x0800f048       0x34 C:\Users\ALESSD~1\AppData\Local\Temp\arduino-sketch-DC995295C647EFD0C46A66B334A57BE7\sketch\Multiprotocol.ino.cpp.o
 .text._Z15CYRF_GetMfgDataPh
                0x0800f07c       0x22 C:\Users\ALESSD~1\AppData\Local\Temp\arduino-sketch-DC995295C647EFD0C46A66B334A57BE7\sketch\Multiprotocol.ino.cpp.o
                0x0800f07c                CYRF_GetMfgData(unsigned char*)
 *fill*         0x0800f09e        0x2 
 .text._Z7initDsmv
                0x0800f0a0      0x1ec C:\Users\ALESSD~1\AppData\Local\Temp\arduino-sketch-DC995295C647EFD0C46A66B334A57BE7\sketch\Multiprotocol.ino.cpp.o
                0x0800f0a0                initDsm()
 .text._Z8DevoInitv
                0x0800f28c      0x114 C:\Users\ALESSD~1\AppData\Local\Temp\arduino-sketch-DC995295C647EFD0C46A66B334A57BE7\sketch\Multiprotocol.ino.cpp.o
                0x0800f28c                DevoInit()
 .text._Z9initJ6Prov
                0x0800f3a0       0xa8 C:\Users\ALESSD~1\AppData\Local\Temp\arduino-sketch-DC995295C647EFD0C46A66B334A57BE7\sketch\Multiprotocol.ino.cpp.o
                0x0800f3a0                initJ6Pro()
 .text._Z22CYRF_ReadDataPacketLenPhh
                0x0800f448        0xc C:\Users\ALESSD~1\AppData\Local\Temp\arduino-sketch-DC995295C647EFD0C46A66B334A57BE7\sketch\Multiprotocol.ino.cpp.o
                0x0800f448                CYRF_ReadDataPacketLen(unsigned char*, unsigned char)
 .text._ZL19DSM_Rx_check_packetv
                0x0800f454       0x90 C:\Users\ALESSD~1\AppData\Local\Temp\arduino-sketch-DC995295C647EFD0C46A66B334A57BE7\sketch\Multiprotocol.ino.cpp.o
 .text._Z15DSM_Rx_callbackv
                0x0800f4e4      0x4b0 C:\Users\ALESSD~1\AppData\Local\Temp\arduino-sketch-DC995295C647EFD0C46A66B334A57BE7\sketch\Multiprotocol.ino.cpp.o
                0x0800f4e4                DSM_Rx_callback()
 .text._Z7ReadDsmv
                0x0800f994      0x4e0 C:\Users\ALESSD~1\AppData\Local\Temp\arduino-sketch-DC995295C647EFD0C46A66B334A57BE7\sketch\Multiprotocol.ino.cpp.o
                0x0800f994                ReadDsm()
 .text._Z13devo_callbackv
                0x0800fe74      0x358 C:\Users\ALESSD~1\AppData\Local\Temp\arduino-sketch-DC995295C647EFD0C46A66B334A57BE7\sketch\Multiprotocol.ino.cpp.o
                0x0800fe74                devo_callback()
 .text._Z9ReadJ6Prov
                0x080101cc      0x264 C:\Users\ALESSD~1\AppData\Local\Temp\arduino-sketch-DC995295C647EFD0C46A66B334A57BE7\sketch\Multiprotocol.ino.cpp.o
                0x080101cc                ReadJ6Pro()
 .text._Z11ReadTRAXXASv
                0x08010430      0x1f0 C:\Users\ALESSD~1\AppData\Local\Temp\arduino-sketch-DC995295C647EFD0C46A66B334A57BE7\sketch\Multiprotocol.ino.cpp.o
                0x08010430                ReadTRAXXAS()
 .text._Z8ReadWFLYv
                0x08010620      0x3a8 C:\Users\ALESSD~1\AppData\Local\Temp\arduino-sketch-DC995295C647EFD0C46A66B334A57BE7\sketch\Multiprotocol.ino.cpp.o
                0x08010620                ReadWFLY()
 .text._Z16NRF24L01_ReadRegh
                0x080109c8       0x26 C:\Users\ALESSD~1\AppData\Local\Temp\arduino-sketch-DC995295C647EFD0C46A66B334A57BE7\sketch\Multiprotocol.ino.cpp.o
                0x080109c8                NRF24L01_ReadReg(unsigned char)
 *fill*         0x080109ee        0x2 
 .text._ZL10packet_ackv
                0x080109f0       0x6c C:\Users\ALESSD~1\AppData\Local\Temp\arduino-sketch-DC995295C647EFD0C46A66B334A57BE7\sketch\Multiprotocol.ino.cpp.o
 .text._ZL14cflie_callbackv
                0x08010a5c      0x2b0 C:\Users\ALESSD~1\AppData\Local\Temp\arduino-sketch-DC995295C647EFD0C46A66B334A57BE7\sketch\Multiprotocol.ino.cpp.o
 .text._Z14ASSAN_callbackv
                0x08010d0c      0x14c C:\Users\ALESSD~1\AppData\Local\Temp\arduino-sketch-DC995295C647EFD0C46A66B334A57BE7\sketch\Multiprotocol.ino.cpp.o
                0x08010d0c                ASSAN_callback()
 .text._Z17BUGSMINI_callbackv
                0x08010e58      0x17c C:\Users\ALESSD~1\AppData\Local\Temp\arduino-sketch-DC995295C647EFD0C46A66B334A57BE7\sketch\Multiprotocol.ino.cpp.o
                0x08010e58                BUGSMINI_callback()
 .text._Z18Bayang_Rx_callbackv
                0x08010fd4      0x2b0 C:\Users\ALESSD~1\AppData\Local\Temp\arduino-sketch-DC995295C647EFD0C46A66B334A57BE7\sketch\Multiprotocol.ino.cpp.o
                0x08010fd4                Bayang_Rx_callback()
 .text._Z15BAYANG_callbackv
                0x08011284      0x184 C:\Users\ALESSD~1\AppData\Local\Temp\arduino-sketch-DC995295C647EFD0C46A66B334A57BE7\sketch\Multiprotocol.ino.cpp.o
                0x08011284                BAYANG_callback()
 .text._ZL15CABELL_SetPowerv
                0x08011408       0x4c C:\Users\ALESSD~1\AppData\Local\Temp\arduino-sketch-DC995295C647EFD0C46A66B334A57BE7\sketch\Multiprotocol.ino.cpp.o
 *fill*         0x08011454        0x4 
 .text._ZL11CABELL_initv
                0x08011458      0x1f0 C:\Users\ALESSD~1\AppData\Local\Temp\arduino-sketch-DC995295C647EFD0C46A66B334A57BE7\sketch\Multiprotocol.ino.cpp.o
 .text._Z10initCABELLv
                0x08011648       0x30 C:\Users\ALESSD~1\AppData\Local\Temp\arduino-sketch-DC995295C647EFD0C46A66B334A57BE7\sketch\Multiprotocol.ino.cpp.o
                0x08011648                initCABELL()
 .text._ZL18CABELL_send_packeth
                0x08011678      0x33c C:\Users\ALESSD~1\AppData\Local\Temp\arduino-sketch-DC995295C647EFD0C46A66B334A57BE7\sketch\Multiprotocol.ino.cpp.o
 .text._Z15CABELL_callbackv
                0x080119b4       0x48 C:\Users\ALESSD~1\AppData\Local\Temp\arduino-sketch-DC995295C647EFD0C46A66B334A57BE7\sketch\Multiprotocol.ino.cpp.o
                0x080119b4                CABELL_callback()
 .text._Z9initCFliev
                0x080119fc       0xe0 C:\Users\ALESSD~1\AppData\Local\Temp\arduino-sketch-DC995295C647EFD0C46A66B334A57BE7\sketch\Multiprotocol.ino.cpp.o
                0x080119fc                initCFlie()
 .text._Z13CX10_callbackv
                0x08011adc       0xc8 C:\Users\ALESSD~1\AppData\Local\Temp\arduino-sketch-DC995295C647EFD0C46A66B334A57BE7\sketch\Multiprotocol.ino.cpp.o
                0x08011adc                CX10_callback()
 .text._Z14FY326_callbackv
                0x08011ba4      0x144 C:\Users\ALESSD~1\AppData\Local\Temp\arduino-sketch-DC995295C647EFD0C46A66B334A57BE7\sketch\Multiprotocol.ino.cpp.o
                0x08011ba4                FY326_callback()
 .text._Z14GW008_callbackv
                0x08011ce8       0xb4 C:\Users\ALESSD~1\AppData\Local\Temp\arduino-sketch-DC995295C647EFD0C46A66B334A57BE7\sketch\Multiprotocol.ino.cpp.o
                0x08011ce8                GW008_callback()
 .text._Z12NCC_callbackv
                0x08011d9c      0x1cc C:\Users\ALESSD~1\AppData\Local\Temp\arduino-sketch-DC995295C647EFD0C46A66B334A57BE7\sketch\Multiprotocol.ino.cpp.o
                0x08011d9c                NCC_callback()
 .text._Z14NRF24L01_Resetv
                0x08011f68       0x42 C:\Users\ALESSD~1\AppData\Local\Temp\arduino-sketch-DC995295C647EFD0C46A66B334A57BE7\sketch\Multiprotocol.ino.cpp.o
                0x08011f68                NRF24L01_Reset()
 .text._Z19NRF24L01_packet_ackv
                0x08011faa       0x1e C:\Users\ALESSD~1\AppData\Local\Temp\arduino-sketch-DC995295C647EFD0C46A66B334A57BE7\sketch\Multiprotocol.ino.cpp.o
                0x08011faa                NRF24L01_packet_ack()
 .text._Z18SHENQI_send_packetv
                0x08011fc8       0xe8 C:\Users\ALESSD~1\AppData\Local\Temp\arduino-sketch-DC995295C647EFD0C46A66B334A57BE7\sketch\Multiprotocol.ino.cpp.o
                0x08011fc8                SHENQI_send_packet()
 .text._Z8ReadV2x2v
                0x080120b0       0xa8 C:\Users\ALESSD~1\AppData\Local\Temp\arduino-sketch-DC995295C647EFD0C46A66B334A57BE7\sketch\Multiprotocol.ino.cpp.o
                0x080120b0                ReadV2x2()
 .text._Z15PROPEL_callbackv
                0x08012158      0x2a4 C:\Users\ALESSD~1\AppData\Local\Temp\arduino-sketch-DC995295C647EFD0C46A66B334A57BE7\sketch\Multiprotocol.ino.cpp.o
                0x08012158                PROPEL_callback()
 .text._Z15SHENQI_callbackv
                0x080123fc       0x60 C:\Users\ALESSD~1\AppData\Local\Temp\arduino-sketch-DC995295C647EFD0C46A66B334A57BE7\sketch\Multiprotocol.ino.cpp.o
                0x080123fc                SHENQI_callback()
 .text._ZL14SLT_wait_radiov
                0x0801245c       0x2c C:\Users\ALESSD~1\AppData\Local\Temp\arduino-sketch-DC995295C647EFD0C46A66B334A57BE7\sketch\Multiprotocol.ino.cpp.o
 .text._ZL15SLT_send_packeth
                0x08012488       0x1c C:\Users\ALESSD~1\AppData\Local\Temp\arduino-sketch-DC995295C647EFD0C46A66B334A57BE7\sketch\Multiprotocol.ino.cpp.o
 .text._ZL20SLT_send_bind_packetv
                0x080124a4       0x58 C:\Users\ALESSD~1\AppData\Local\Temp\arduino-sketch-DC995295C647EFD0C46A66B334A57BE7\sketch\Multiprotocol.ino.cpp.o
 .text._Z12SLT_callbackv
                0x080124fc      0x234 C:\Users\ALESSD~1\AppData\Local\Temp\arduino-sketch-DC995295C647EFD0C46A66B334A57BE7\sketch\Multiprotocol.ino.cpp.o
                0x080124fc                SLT_callback()
 .text._Z15CC2500_ReadDataPhh
                0x08012730       0x32 C:\Users\ALESSD~1\AppData\Local\Temp\arduino-sketch-DC995295C647EFD0C46A66B334A57BE7\sketch\Multiprotocol.ino.cpp.o
                0x08012730                CC2500_ReadData(unsigned char*, unsigned char)
 *fill*         0x08012762        0x2 
 .text._Z17FrSky_Rx_callbackv
                0x08012764      0x610 C:\Users\ALESSD~1\AppData\Local\Temp\arduino-sketch-DC995295C647EFD0C46A66B334A57BE7\sketch\Multiprotocol.ino.cpp.o
                0x08012764                FrSky_Rx_callback()
 .text._Z8ReadHOTTv
                0x08012d74      0x5b8 C:\Users\ALESSD~1\AppData\Local\Temp\arduino-sketch-DC995295C647EFD0C46A66B334A57BE7\sketch\Multiprotocol.ino.cpp.o
                0x08012d74                ReadHOTT()
 .text._Z9ReadHITECv
                0x0801332c      0x4c4 C:\Users\ALESSD~1\AppData\Local\Temp\arduino-sketch-DC995295C647EFD0C46A66B334A57BE7\sketch\Multiprotocol.ino.cpp.o
                0x0801332c                ReadHITEC()
 .text._Z10SPI_ENABLEv
                0x080137f0       0x10 C:\Users\ALESSD~1\AppData\Local\Temp\arduino-sketch-DC995295C647EFD0C46A66B334A57BE7\sketch\Multiprotocol.ino.cpp.o
                0x080137f0                SPI_ENABLE()
 .text._Z11SPI_DISABLEv
                0x08013800       0x10 C:\Users\ALESSD~1\AppData\Local\Temp\arduino-sketch-DC995295C647EFD0C46A66B334A57BE7\sketch\Multiprotocol.ino.cpp.o
                0x08013800                SPI_DISABLE()
 .text._Z21SPI_SET_BIDIRECTIONALv
                0x08013810       0x18 C:\Users\ALESSD~1\AppData\Local\Temp\arduino-sketch-DC995295C647EFD0C46A66B334A57BE7\sketch\Multiprotocol.ino.cpp.o
                0x08013810                SPI_SET_BIDIRECTIONAL()
 .text._Z22SPI_SET_UNIDIRECTIONALv
                0x08013828       0x10 C:\Users\ALESSD~1\AppData\Local\Temp\arduino-sketch-DC995295C647EFD0C46A66B334A57BE7\sketch\Multiprotocol.ino.cpp.o
                0x08013828                SPI_SET_UNIDIRECTIONAL()
 .text._Z12SPI_SDI_Readv
                0x08013838       0x50 C:\Users\ALESSD~1\AppData\Local\Temp\arduino-sketch-DC995295C647EFD0C46A66B334A57BE7\sketch\Multiprotocol.ino.cpp.o
                0x08013838                SPI_SDI_Read()
 .text._Z14A7105_ReadDatah
                0x08013888       0x3c C:\Users\ALESSD~1\AppData\Local\Temp\arduino-sketch-DC995295C647EFD0C46A66B334A57BE7\sketch\Multiprotocol.ino.cpp.o
                0x08013888                A7105_ReadData(unsigned char)
 .text._Z13A7105_ReadRegh
                0x080138c4       0x26 C:\Users\ALESSD~1\AppData\Local\Temp\arduino-sketch-DC995295C647EFD0C46A66B334A57BE7\sketch\Multiprotocol.ino.cpp.o
                0x080138c4                A7105_ReadReg(unsigned char)
 .text._Z11A7105_Resetv
                0x080138ea       0x2e C:\Users\ALESSD~1\AppData\Local\Temp\arduino-sketch-DC995295C647EFD0C46A66B334A57BE7\sketch\Multiprotocol.ino.cpp.o
                0x080138ea                A7105_Reset()
 .text._Z13modules_resetv
                0x08013918       0x24 C:\Users\ALESSD~1\AppData\Local\Temp\arduino-sketch-DC995295C647EFD0C46A66B334A57BE7\sketch\Multiprotocol.ino.cpp.o
                0x08013918                modules_reset()
 .text._Z10A7105_Initv
                0x0801393c      0x194 C:\Users\ALESSD~1\AppData\Local\Temp\arduino-sketch-DC995295C647EFD0C46A66B334A57BE7\sketch\Multiprotocol.ino.cpp.o
                0x0801393c                A7105_Init()
 .text._Z14initAFHDS2A_Rxv
                0x08013ad0       0xa0 C:\Users\ALESSD~1\AppData\Local\Temp\arduino-sketch-DC995295C647EFD0C46A66B334A57BE7\sketch\Multiprotocol.ino.cpp.o
                0x08013ad0                initAFHDS2A_Rx()
 .text._Z11initAFHDS2Av
                0x08013b70       0xf8 C:\Users\ALESSD~1\AppData\Local\Temp\arduino-sketch-DC995295C647EFD0C46A66B334A57BE7\sketch\Multiprotocol.ino.cpp.o
                0x08013b70                initAFHDS2A()
 .text._Z8initBUGSv
                0x08013c68       0xa0 C:\Users\ALESSD~1\AppData\Local\Temp\arduino-sketch-DC995295C647EFD0C46A66B334A57BE7\sketch\Multiprotocol.ino.cpp.o
                0x08013c68                initBUGS()
 .text._Z10initFlySkyv
                0x08013d08       0xd8 C:\Users\ALESSD~1\AppData\Local\Temp\arduino-sketch-DC995295C647EFD0C46A66B334A57BE7\sketch\Multiprotocol.ino.cpp.o
                0x08013d08                initFlySky()
 .text._Z11initFlyzonev
                0x08013de0       0x3c C:\Users\ALESSD~1\AppData\Local\Temp\arduino-sketch-DC995295C647EFD0C46A66B334A57BE7\sketch\Multiprotocol.ino.cpp.o
                0x08013de0                initFlyzone()
 .text._Z10initHubsanv
                0x08013e1c       0xa0 C:\Users\ALESSD~1\AppData\Local\Temp\arduino-sketch-DC995295C647EFD0C46A66B334A57BE7\sketch\Multiprotocol.ino.cpp.o
                0x08013e1c                initHubsan()
 .text._Z11initPelikanv
                0x08013ebc      0x1a4 C:\Users\ALESSD~1\AppData\Local\Temp\arduino-sketch-DC995295C647EFD0C46A66B334A57BE7\sketch\Multiprotocol.ino.cpp.o
                0x08013ebc                initPelikan()
 .text._ZL21AFHDS2A_Rx_data_readyv
                0x08014060       0x14 C:\Users\ALESSD~1\AppData\Local\Temp\arduino-sketch-DC995295C647EFD0C46A66B334A57BE7\sketch\Multiprotocol.ino.cpp.o
 .text._Z19AFHDS2A_Rx_callbackv
                0x08014074      0x38c C:\Users\ALESSD~1\AppData\Local\Temp\arduino-sketch-DC995295C647EFD0C46A66B334A57BE7\sketch\Multiprotocol.ino.cpp.o
                0x08014074                AFHDS2A_Rx_callback()
 .text._Z11ReadAFHDS2Av
                0x08014400      0x4b0 C:\Users\ALESSD~1\AppData\Local\Temp\arduino-sketch-DC995295C647EFD0C46A66B334A57BE7\sketch\Multiprotocol.ino.cpp.o
                0x08014400                ReadAFHDS2A()
 .text._Z8ReadBUGSv
                0x080148b0      0x250 C:\Users\ALESSD~1\AppData\Local\Temp\arduino-sketch-DC995295C647EFD0C46A66B334A57BE7\sketch\Multiprotocol.ino.cpp.o
                0x080148b0                ReadBUGS()
 .text._Z10ReadHubsanv
                0x08014b00      0x680 C:\Users\ALESSD~1\AppData\Local\Temp\arduino-sketch-DC995295C647EFD0C46A66B334A57BE7\sketch\Multiprotocol.ino.cpp.o
                0x08014b00                ReadHubsan()
 .text._Z15SX1276_WriteReghh
                0x08015180       0x2a C:\Users\ALESSD~1\AppData\Local\Temp\arduino-sketch-DC995295C647EFD0C46A66B334A57BE7\sketch\Multiprotocol.ino.cpp.o
                0x08015180                SX1276_WriteReg(unsigned char, unsigned char)
 .text._Z14SX1276_ReadRegh
                0x080151aa       0x26 C:\Users\ALESSD~1\AppData\Local\Temp\arduino-sketch-DC995295C647EFD0C46A66B334A57BE7\sketch\Multiprotocol.ino.cpp.o
                0x080151aa                SX1276_ReadReg(unsigned char)
 .text._Z25SX1276_WriteRegisterMultihPKhh
                0x080151d0       0x36 C:\Users\ALESSD~1\AppData\Local\Temp\arduino-sketch-DC995295C647EFD0C46A66B334A57BE7\sketch\Multiprotocol.ino.cpp.o
                0x080151d0                SX1276_WriteRegisterMulti(unsigned char, unsigned char const*, unsigned char)
 .text._Z17SX1276_DetectChipv
                0x08015206       0x1e C:\Users\ALESSD~1\AppData\Local\Temp\arduino-sketch-DC995295C647EFD0C46A66B334A57BE7\sketch\Multiprotocol.ino.cpp.o
                0x08015206                SX1276_DetectChip()
 .text._Z14initExpressLRSv
                0x08015224       0x38 C:\Users\ALESSD~1\AppData\Local\Temp\arduino-sketch-DC995295C647EFD0C46A66B334A57BE7\sketch\Multiprotocol.ino.cpp.o
                0x08015224                initExpressLRS()
 .text._Z19SX1276_SetFrequencym
                0x0801525c       0x28 C:\Users\ALESSD~1\AppData\Local\Temp\arduino-sketch-DC995295C647EFD0C46A66B334A57BE7\sketch\Multiprotocol.ino.cpp.o
                0x0801525c                SX1276_SetFrequency(unsigned long)
 .text._Z24SX1276_SetDetectOptimizebh
                0x08015284       0x24 C:\Users\ALESSD~1\AppData\Local\Temp\arduino-sketch-DC995295C647EFD0C46A66B334A57BE7\sketch\Multiprotocol.ino.cpp.o
                0x08015284                SX1276_SetDetectOptimize(bool, unsigned char)
 .text._Z19SX1276_ConfigModem1hhb
                0x080152a8       0x32 C:\Users\ALESSD~1\AppData\Local\Temp\arduino-sketch-DC995295C647EFD0C46A66B334A57BE7\sketch\Multiprotocol.ino.cpp.o
                0x080152a8                SX1276_ConfigModem1(unsigned char, unsigned char, bool)
 .text._Z19SX1276_ConfigModem2hbb
                0x080152da       0x2c C:\Users\ALESSD~1\AppData\Local\Temp\arduino-sketch-DC995295C647EFD0C46A66B334A57BE7\sketch\Multiprotocol.ino.cpp.o
                0x080152da                SX1276_ConfigModem2(unsigned char, bool, bool)
 .text._Z19SX1276_ConfigModem3bb
                0x08015306       0x26 C:\Users\ALESSD~1\AppData\Local\Temp\arduino-sketch-DC995295C647EFD0C46A66B334A57BE7\sketch\Multiprotocol.ino.cpp.o
                0x08015306                SX1276_ConfigModem3(bool, bool)
 .text._Z24SX1276_SetPreambleLengtht
                0x0801532c       0x1c C:\Users\ALESSD~1\AppData\Local\Temp\arduino-sketch-DC995295C647EFD0C46A66B334A57BE7\sketch\Multiprotocol.ino.cpp.o
                0x0801532c                SX1276_SetPreambleLength(unsigned short)
 .text._Z28SX1276_SetDetectionThresholdh
                0x08015348        0x8 C:\Users\ALESSD~1\AppData\Local\Temp\arduino-sketch-DC995295C647EFD0C46A66B334A57BE7\sketch\Multiprotocol.ino.cpp.o
                0x08015348                SX1276_SetDetectionThreshold(unsigned char)
 .text._Z13SX1276_SetLnahb
                0x08015350       0x28 C:\Users\ALESSD~1\AppData\Local\Temp\arduino-sketch-DC995295C647EFD0C46A66B334A57BE7\sketch\Multiprotocol.ino.cpp.o
                0x08015350                SX1276_SetLna(unsigned char, bool)
 .text._Z19SX1276_SetHopPeriodh
                0x08015378        0x8 C:\Users\ALESSD~1\AppData\Local\Temp\arduino-sketch-DC995295C647EFD0C46A66B334A57BE7\sketch\Multiprotocol.ino.cpp.o
                0x08015378                SX1276_SetHopPeriod(unsigned char)
 .text._Z15SX1276_SetPaDacb
                0x08015380       0x24 C:\Users\ALESSD~1\AppData\Local\Temp\arduino-sketch-DC995295C647EFD0C46A66B334A57BE7\sketch\Multiprotocol.ino.cpp.o
                0x08015380                SX1276_SetPaDac(bool)
 .text._Z11initFrSkyR9v
                0x080153a4       0xf4 C:\Users\ALESSD~1\AppData\Local\Temp\arduino-sketch-DC995295C647EFD0C46A66B334A57BE7\sketch\Multiprotocol.ino.cpp.o
                0x080153a4                initFrSkyR9()
 .text._Z25SX1276_WritePayloadToFifoPhh
                0x08015498       0x2a C:\Users\ALESSD~1\AppData\Local\Temp\arduino-sketch-DC995295C647EFD0C46A66B334A57BE7\sketch\Multiprotocol.ino.cpp.o
                0x08015498                SX1276_WritePayloadToFifo(unsigned char*, unsigned char)
 *fill*         0x080154c2        0x2 
 .text._Z25ExpressLRS_SendRCdataToRFv
                0x080154c4       0x74 C:\Users\ALESSD~1\AppData\Local\Temp\arduino-sketch-DC995295C647EFD0C46A66B334A57BE7\sketch\Multiprotocol.ino.cpp.o
                0x080154c4                ExpressLRS_SendRCdataToRF()
 .text._Z19ExpressLRS_callbackv
                0x08015538       0x18 C:\Users\ALESSD~1\AppData\Local\Temp\arduino-sketch-DC995295C647EFD0C46A66B334A57BE7\sketch\Multiprotocol.ino.cpp.o
                0x08015538                ExpressLRS_callback()
 .text._Z16FrSkyR9_callbackv
                0x08015550       0xc4 C:\Users\ALESSD~1\AppData\Local\Temp\arduino-sketch-DC995295C647EFD0C46A66B334A57BE7\sketch\Multiprotocol.ino.cpp.o
                0x08015550                FrSkyR9_callback()
 .text._Z11initScannerv
                0x08015614      0x11c C:\Users\ALESSD~1\AppData\Local\Temp\arduino-sketch-DC995295C647EFD0C46A66B334A57BE7\sketch\Multiprotocol.ino.cpp.o
                0x08015614                initScanner()
 .text._Z12initSKYARTECv
                0x08015730       0x9c C:\Users\ALESSD~1\AppData\Local\Temp\arduino-sketch-DC995295C647EFD0C46A66B334A57BE7\sketch\Multiprotocol.ino.cpp.o
                0x08015730                initSKYARTEC()
 .text._Z9initSymaxv
                0x080157cc      0x158 C:\Users\ALESSD~1\AppData\Local\Temp\arduino-sketch-DC995295C647EFD0C46A66B334A57BE7\sketch\Multiprotocol.ino.cpp.o
                0x080157cc                initSymax()
 .text._Z11initTRAXXASv
                0x08015924       0x64 C:\Users\ALESSD~1\AppData\Local\Temp\arduino-sketch-DC995295C647EFD0C46A66B334A57BE7\sketch\Multiprotocol.ino.cpp.o
                0x08015924                initTRAXXAS()
 .text._Z21frsky_check_telemetryPhh
                0x08015988      0x234 C:\Users\ALESSD~1\AppData\Local\Temp\arduino-sketch-DC995295C647EFD0C46A66B334A57BE7\sketch\Multiprotocol.ino.cpp.o
                0x08015988                frsky_check_telemetry(unsigned char*, unsigned char)
 .text._Z14ReadFrSky_2wayv
                0x08015bbc      0x2c8 C:\Users\ALESSD~1\AppData\Local\Temp\arduino-sketch-DC995295C647EFD0C46A66B334A57BE7\sketch\Multiprotocol.ino.cpp.o
                0x08015bbc                ReadFrSky_2way()
 .text._Z10ReadFrSkyXv
                0x08015e84      0x560 C:\Users\ALESSD~1\AppData\Local\Temp\arduino-sketch-DC995295C647EFD0C46A66B334A57BE7\sketch\Multiprotocol.ino.cpp.o
                0x08015e84                ReadFrSkyX()
 .text._Z26init_frskyd_link_telemetryv
                0x080163e4       0x50 C:\Users\ALESSD~1\AppData\Local\Temp\arduino-sketch-DC995295C647EFD0C46A66B334A57BE7\sketch\Multiprotocol.ino.cpp.o
                0x080163e4                init_frskyd_link_telemetry()
 .text._Z17proces_sport_datah
                0x08016434       0x98 C:\Users\ALESSD~1\AppData\Local\Temp\arduino-sketch-DC995295C647EFD0C46A66B334A57BE7\sketch\Multiprotocol.ino.cpp.o
                0x08016434                proces_sport_data(unsigned char)
 .text._Z12Serial_writeh
                0x080164cc       0x24 C:\Users\ALESSD~1\AppData\Local\Temp\arduino-sketch-DC995295C647EFD0C46A66B334A57BE7\sketch\Multiprotocol.ino.cpp.o
                0x080164cc                Serial_write(unsigned char)
 .text._ZL17multi_send_headerhh
                0x080164f0       0x22 C:\Users\ALESSD~1\AppData\Local\Temp\arduino-sketch-DC995295C647EFD0C46A66B334A57BE7\sketch\Multiprotocol.ino.cpp.o
 *fill*         0x08016512        0x2 
 .text._Z9DSM_framev
                0x08016514       0x44 C:\Users\ALESSD~1\AppData\Local\Temp\arduino-sketch-DC995295C647EFD0C46A66B334A57BE7\sketch\Multiprotocol.ino.cpp.o
                0x08016514                DSM_frame()
 .text._Z22spectrum_scanner_framev
                0x08016558       0x28 C:\Users\ALESSD~1\AppData\Local\Temp\arduino-sketch-DC995295C647EFD0C46A66B334A57BE7\sketch\Multiprotocol.ino.cpp.o
                0x08016558                spectrum_scanner_frame()
 .text._Z23receiver_channels_framev
                0x08016580       0x40 C:\Users\ALESSD~1\AppData\Local\Temp\arduino-sketch-DC995295C647EFD0C46A66B334A57BE7\sketch\Multiprotocol.ino.cpp.o
                0x08016580                receiver_channels_frame()
 .text._Z18AFHDSA_short_framev
                0x080165c0       0x2c C:\Users\ALESSD~1\AppData\Local\Temp\arduino-sketch-DC995295C647EFD0C46A66B334A57BE7\sketch\Multiprotocol.ino.cpp.o
                0x080165c0                AFHDSA_short_frame()
 .text._Z17HITEC_short_framev
                0x080165ec       0x20 C:\Users\ALESSD~1\AppData\Local\Temp\arduino-sketch-DC995295C647EFD0C46A66B334A57BE7\sketch\Multiprotocol.ino.cpp.o
                0x080165ec                HITEC_short_frame()
 .text._Z16HOTT_short_framev
                0x0801660c       0x20 C:\Users\ALESSD~1\AppData\Local\Temp\arduino-sketch-DC995295C647EFD0C46A66B334A57BE7\sketch\Multiprotocol.ino.cpp.o
                0x0801660c                HOTT_short_frame()
 .text._ZL19multi_send_frskyhubv
                0x0801662c       0x20 C:\Users\ALESSD~1\AppData\Local\Temp\arduino-sketch-DC995295C647EFD0C46A66B334A57BE7\sketch\Multiprotocol.ino.cpp.o
 .text._Z16frsky_link_framev
                0x0801664c       0x84 C:\Users\ALESSD~1\AppData\Local\Temp\arduino-sketch-DC995295C647EFD0C46A66B334A57BE7\sketch\Multiprotocol.ino.cpp.o
                0x0801664c                frsky_link_frame()
 .text._Z16frsky_user_framev
                0x080166d0       0x74 C:\Users\ALESSD~1\AppData\Local\Temp\arduino-sketch-DC995295C647EFD0C46A66B334A57BE7\sketch\Multiprotocol.ino.cpp.o
                0x080166d0                frsky_user_frame()
 .text._Z9sportSendPh