Archive member included because of file (symbol)

C:\Users\ALESSD~1\AppData\Local\Temp\arduino-sketch-B4F7DAC27F03E79D009C3F0C5CE64C1A/..\arduino-core-cache\core_multi4in1_STM32F1_multistm32f103c_debug_option_ftdi_1a4f32500f0d83b6bb8703ebc99ada50.a(exc.S.o)
                              (__exc_hardfault)
C:\Users\ALESSD~1\AppData\Local\Temp\arduino-sketch-B4F7DAC27F03E79D009C3F0C5CE64C1A/..\arduino-core-cache\core_multi4in1_STM32F1_multistm32f103c_debug_option_ftdi_1a4f32500f0d83b6bb8703ebc99ada50.a(isrs.S.o)
                              (__stm32reservedexception7)
C:\Users\ALESSD~1\AppData\Local\Temp\arduino-sketch-B4F7DAC27F03E79D009C3F0C5CE64C1A/..\arduino-core-cache\core_multi4in1_STM32F1_multistm32f103c_debug_option_ftdi_1a4f32500f0d83b6bb8703ebc99ada50.a(vector_table.S.o)
                              (__stm32_vector_table)
C:\Users\ALESSD~1\AppData\Local\Temp\arduino-sketch-B4F7DAC27F03E79D009C3F0C5CE64C1A/..\arduino-core-cache\core_multi4in1_STM32F1_multistm32f103c_debug_option_ftdi_1a4f32500f0d83b6bb8703ebc99ada50.a(adc.c.o)
                              C:\Users\ALESSD~1\AppData\Local\Temp\arduino-sketch-B4F7DAC27F03E79D009C3F0C5CE64C1A\core\wirish\boards.cpp.o (adc_set_sample_rate)
C:\Users\ALESSD~1\AppData\Local\Temp\arduino-sketch-B4F7DAC27F03E79D009C3F0C5CE64C1A/..\arduino-core-cache\core_multi4in1_STM32F1_multistm32f103c_debug_option_ftdi_1a4f32500f0d83b6bb8703ebc99ada50.a(adc_f1.c.o)
                              C:\Users\ALESSD~1\AppData\Local\Temp\arduino-sketch-B4F7DAC27F03E79D009C3F0C5CE64C1A\core\wirish\boards.cpp.o (adc_set_prescaler)
C:\Users\ALESSD~1\AppData\Local\Temp\arduino-sketch-B4F7DAC27F03E79D009C3F0C5CE64C1A/..\arduino-core-cache\core_multi4in1_STM32F1_multistm32f103c_debug_option_ftdi_1a4f32500f0d83b6bb8703ebc99ada50.a(dma.c.o)
                              C:\Users\ALESSD~1\AppData\Local\Temp\arduino-sketch-B4F7DAC27F03E79D009C3F0C5CE64C1A\libraries\SPI\SPI.cpp.o (dma_init)
C:\Users\ALESSD~1\AppData\Local\Temp\arduino-sketch-B4F7DAC27F03E79D009C3F0C5CE64C1A/..\arduino-core-cache\core_multi4in1_STM32F1_multistm32f103c_debug_option_ftdi_1a4f32500f0d83b6bb8703ebc99ada50.a(dma_f1.c.o)
                              C:\Users\ALESSD~1\AppData\Local\Temp\arduino-sketch-B4F7DAC27F03E79D009C3F0C5CE64C1A\libraries\SPI\SPI.cpp.o (dma_set_priority)
C:\Users\ALESSD~1\AppData\Local\Temp\arduino-sketch-B4F7DAC27F03E79D009C3F0C5CE64C1A/..\arduino-core-cache\core_multi4in1_STM32F1_multistm32f103c_debug_option_ftdi_1a4f32500f0d83b6bb8703ebc99ada50.a(flash.c.o)
                              C:\Users\ALESSD~1\AppData\Local\Temp\arduino-sketch-B4F7DAC27F03E79D009C3F0C5CE64C1A\core\wirish\boards.cpp.o (flash_set_latency)
C:\Users\ALESSD~1\AppData\Local\Temp\arduino-sketch-B4F7DAC27F03E79D009C3F0C5CE64C1A/..\arduino-core-cache\core_multi4in1_STM32F1_multistm32f103c_debug_option_ftdi_1a4f32500f0d83b6bb8703ebc99ada50.a(gpio_f1.c.o)
                              C:\Users\ALESSD~1\AppData\Local\Temp\arduino-sketch-B4F7DAC27F03E79D009C3F0C5CE64C1A\core\wirish\boards_setup.cpp.o (gpio_init_all)
C:\Users\ALESSD~1\AppData\Local\Temp\arduino-sketch-B4F7DAC27F03E79D009C3F0C5CE64C1A/..\arduino-core-cache\core_multi4in1_STM32F1_multistm32f103c_debug_option_ftdi_1a4f32500f0d83b6bb8703ebc99ada50.a(nvic.c.o)
                              C:\Users\ALESSD~1\AppData\Local\Temp\arduino-sketch-B4F7DAC27F03E79D009C3F0C5CE64C1A\core\wirish\boards.cpp.o (nvic_init)
C:\Users\ALESSD~1\AppData\Local\Temp\arduino-sketch-B4F7DAC27F03E79D009C3F0C5CE64C1A/..\arduino-core-cache\core_multi4in1_STM32F1_multistm32f103c_debug_option_ftdi_1a4f32500f0d83b6bb8703ebc99ada50.a(rcc.c.o)
                              C:\Users\ALESSD~1\AppData\Local\Temp\arduino-sketch-B4F7DAC27F03E79D009C3F0C5CE64C1A\libraries\SPI\SPI.cpp.o (rcc_dev_clk)
C:\Users\ALESSD~1\AppData\Local\Temp\arduino-sketch-B4F7DAC27F03E79D009C3F0C5CE64C1A/..\arduino-core-cache\core_multi4in1_STM32F1_multistm32f103c_debug_option_ftdi_1a4f32500f0d83b6bb8703ebc99ada50.a(rcc_f1.c.o)
                              C:\Users\ALESSD~1\AppData\Local\Temp\arduino-sketch-B4F7DAC27F03E79D009C3F0C5CE64C1A\core\wirish\boards.cpp.o (rcc_configure_pll)
C:\Users\ALESSD~1\AppData\Local\Temp\arduino-sketch-B4F7DAC27F03E79D009C3F0C5CE64C1A/..\arduino-core-cache\core_multi4in1_STM32F1_multistm32f103c_debug_option_ftdi_1a4f32500f0d83b6bb8703ebc99ada50.a(spi.c.o)
                              C:\Users\ALESSD~1\AppData\Local\Temp\arduino-sketch-B4F7DAC27F03E79D009C3F0C5CE64C1A\libraries\SPI\SPI.cpp.o (spi_init)
C:\Users\ALESSD~1\AppData\Local\Temp\arduino-sketch-B4F7DAC27F03E79D009C3F0C5CE64C1A/..\arduino-core-cache\core_multi4in1_STM32F1_multistm32f103c_debug_option_ftdi_1a4f32500f0d83b6bb8703ebc99ada50.a(spi_f1.c.o)
                              C:\Users\ALESSD~1\AppData\Local\Temp\arduino-sketch-B4F7DAC27F03E79D009C3F0C5CE64C1A\libraries\SPI\SPI.cpp.o (spi_config_gpios)
[...]
Memory Configuration

Name             Origin             Length             Attributes
ram              0x20000000         0x00005000         xrw
rom              0x08000000         0x00020000         xr
*default*        0x00000000         0xffffffff

Linker script and memory map

LOAD c:/users/alessdesktop/appdata/local/arduino15/packages/arduino/tools/arm-none-eabi-gcc/4.8.3-2014q1/bin/../lib/gcc/arm-none-eabi/4.8.3/armv7-m/crti.o
LOAD c:/users/alessdesktop/appdata/local/arduino15/packages/arduino/tools/arm-none-eabi-gcc/4.8.3-2014q1/bin/../lib/gcc/arm-none-eabi/4.8.3/armv7-m/crtbegin.o
LOAD c:/users/alessdesktop/appdata/local/arduino15/packages/arduino/tools/arm-none-eabi-gcc/4.8.3-2014q1/bin/../lib/gcc/arm-none-eabi/4.8.3/../../../../arm-none-eabi/lib/armv7-m/crt0.o
LOAD c:/users/alessdesktop/appdata/local/arduino15/packages/arduino/tools/arm-none-eabi-gcc/4.8.3-2014q1/bin/../lib/gcc/arm-none-eabi/4.8.3/armv7-m\libgcc.a
START GROUP
LOAD C:\Users\ALESSD~1\AppData\Local\Temp\arduino-sketch-B4F7DAC27F03E79D009C3F0C5CE64C1A\sketch\Multiprotocol.ino.cpp.o
LOAD C:\Users\ALESSD~1\AppData\Local\Temp\arduino-sketch-B4F7DAC27F03E79D009C3F0C5CE64C1A\libraries\SPI\SPI.cpp.o
LOAD C:\Users\ALESSD~1\AppData\Local\Temp\arduino-sketch-B4F7DAC27F03E79D009C3F0C5CE64C1A\libraries\EEPROM\flash_stm32.c.o
LOAD C:\Users\ALESSD~1\AppData\Local\Temp\arduino-sketch-B4F7DAC27F03E79D009C3F0C5CE64C1A\libraries\EEPROM\EEPROM.cpp.o
LOAD C:\Users\ALESSD~1\AppData\Local\Temp\arduino-sketch-B4F7DAC27F03E79D009C3F0C5CE64C1A\core\wirish\start.S.o
LOAD C:\Users\ALESSD~1\AppData\Local\Temp\arduino-sketch-B4F7DAC27F03E79D009C3F0C5CE64C1A\core\wirish\start_c.c.o
LOAD C:\Users\ALESSD~1\AppData\Local\Temp\arduino-sketch-B4F7DAC27F03E79D009C3F0C5CE64C1A\core\wirish\syscalls.c.o
LOAD C:\Users\ALESSD~1\AppData\Local\Temp\arduino-sketch-B4F7DAC27F03E79D009C3F0C5CE64C1A\core\board.cpp.o
LOAD C:\Users\ALESSD~1\AppData\Local\Temp\arduino-sketch-B4F7DAC27F03E79D009C3F0C5CE64C1A\core\wirish\boards.cpp.o
LOAD C:\Users\ALESSD~1\AppData\Local\Temp\arduino-sketch-B4F7DAC27F03E79D009C3F0C5CE64C1A\core\wirish\boards_setup.cpp.o
LOAD C:\Users\ALESSD~1\AppData\Local\Temp\arduino-sketch-B4F7DAC27F03E79D009C3F0C5CE64C1A/..\arduino-core-cache\core_multi4in1_STM32F1_multistm32f103c_debug_option_ftdi_1a4f32500f0d83b6bb8703ebc99ada50.a
END GROUP
LOAD c:/users/alessdesktop/appdata/local/arduino15/packages/arduino/tools/arm-none-eabi-gcc/4.8.3-2014q1/bin/../lib/gcc/arm-none-eabi/4.8.3/../../../../arm-none-eabi/lib/armv7-m\libstdc++.a
LOAD c:/users/alessdesktop/appdata/local/arduino15/packages/arduino/tools/arm-none-eabi-gcc/4.8.3-2014q1/bin/../lib/gcc/arm-none-eabi/4.8.3/../../../../arm-none-eabi/lib/armv7-m\libm.a
START GROUP
LOAD c:/users/alessdesktop/appdata/local/arduino15/packages/arduino/tools/arm-none-eabi-gcc/4.8.3-2014q1/bin/../lib/gcc/arm-none-eabi/4.8.3/armv7-m\libgcc.a
LOAD c:/users/alessdesktop/appdata/local/arduino15/packages/arduino/tools/arm-none-eabi-gcc/4.8.3-2014q1/bin/../lib/gcc/arm-none-eabi/4.8.3/../../../../arm-none-eabi/lib/armv7-m\libc.a
END GROUP
LOAD c:/users/alessdesktop/appdata/local/arduino15/packages/arduino/tools/arm-none-eabi-gcc/4.8.3-2014q1/bin/../lib/gcc/arm-none-eabi/4.8.3/armv7-m/crtend.o
LOAD c:/users/alessdesktop/appdata/local/arduino15/packages/arduino/tools/arm-none-eabi-gcc/4.8.3-2014q1/bin/../lib/gcc/arm-none-eabi/4.8.3/armv7-m/crtn.o
START GROUP
LOAD c:/users/alessdesktop/appdata/local/arduino15/packages/arduino/tools/arm-none-eabi-gcc/4.8.3-2014q1/bin/../lib/gcc/arm-none-eabi/4.8.3/armv7-m\libgcc.a
LOAD c:/users/alessdesktop/appdata/local/arduino15/packages/arduino/tools/arm-none-eabi-gcc/4.8.3-2014q1/bin/../lib/gcc/arm-none-eabi/4.8.3/../../../../arm-none-eabi/lib/armv7-m\libc.a
LOAD c:/users/alessdesktop/appdata/local/arduino15/packages/arduino/tools/arm-none-eabi-gcc/4.8.3-2014q1/bin/../lib/gcc/arm-none-eabi/4.8.3/../../../../arm-none-eabi/lib/armv7-m\libm.a
END GROUP
START GROUP
LOAD c:/users/alessdesktop/appdata/local/arduino15/packages/arduino/tools/arm-none-eabi-gcc/4.8.3-2014q1/bin/../lib/gcc/arm-none-eabi/4.8.3/../../../../arm-none-eabi/lib/armv7-m\libnosys.a
END GROUP
                0x20005000                PROVIDE (__msp_init, (ORIGIN (ram) + 0x5000))
                0x080052f0                PROVIDE (__exc_reset, __start__)

.text           0x08000000     0xb69c
                0x08000000                __text_start__ = .
 *(.stm32.interrupt_vector)
 .stm32.interrupt_vector
                0x08000000       0xec C:\Users\ALESSD~1\AppData\Local\Temp\arduino-sketch-B4F7DAC27F03E79D009C3F0C5CE64C1A/..\arduino-core-cache\core_multi4in1_STM32F1_multistm32f103c_debug_option_ftdi_1a4f32500f0d83b6bb8703ebc99ada50.a(vector_table.S.o)
                0x08000000                __stm32_vector_table
 *(.text .text.* .gnu.linkonce.t.*)
 .text          0x080000ec       0x54 c:/users/alessdesktop/appdata/local/arduino15/packages/arduino/tools/arm-none-eabi-gcc/4.8.3-2014q1/bin/../lib/gcc/arm-none-eabi/4.8.3/armv7-m/crtbegin.o
 .text._ZL14set_rx_tx_addrm
                0x08000140       0x24 C:\Users\ALESSD~1\AppData\Local\Temp\arduino-sketch-B4F7DAC27F03E79D009C3F0C5CE64C1A\sketch\Multiprotocol.ino.cpp.o
 .text._ZL21FrSkyX_scaleForPXX_FSh
                0x08000164       0x2c C:\Users\ALESSD~1\AppData\Local\Temp\arduino-sketch-B4F7DAC27F03E79D009C3F0C5CE64C1A\sketch\Multiprotocol.ino.cpp.o
 .text._ZL17FrSkyX_telem_initv
                0x08000190       0x50 C:\Users\ALESSD~1\AppData\Local\Temp\arduino-sketch-B4F7DAC27F03E79D009C3F0C5CE64C1A\sketch\Multiprotocol.ino.cpp.o
 .text._ZL11bit_reverseh
                0x080001e0       0x1e C:\Users\ALESSD~1\AppData\Local\Temp\arduino-sketch-B4F7DAC27F03E79D009C3F0C5CE64C1A\sketch\Multiprotocol.ino.cpp.o
 .text._ZL12crc16_updatethh
                0x080001fe       0x24 C:\Users\ALESSD~1\AppData\Local\Temp\arduino-sketch-B4F7DAC27F03E79D009C3F0C5CE64C1A\sketch\Multiprotocol.ino.cpp.o
 *fill*         0x08000222        0x2 
 .text._ZL24XN297Dump_process_packetv
                0x08000224      0x2d4 C:\Users\ALESSD~1\AppData\Local\Temp\arduino-sketch-B4F7DAC27F03E79D009C3F0C5CE64C1A\sketch\Multiprotocol.ino.cpp.o
 .text._Z9ISR_COMPBv
                0x080004f8       0x90 C:\Users\ALESSD~1\AppData\Local\Temp\arduino-sketch-B4F7DAC27F03E79D009C3F0C5CE64C1A\sketch\Multiprotocol.ino.cpp.o
                0x080004f8                ISR_COMPB()
 .text._ZL18XN297Dump_overflowv
                0x08000588       0x20 C:\Users\ALESSD~1\AppData\Local\Temp\arduino-sketch-B4F7DAC27F03E79D009C3F0C5CE64C1A\sketch\Multiprotocol.ino.cpp.o
 .text._Z18SX1276_SetTxRxModeh.part.6
                0x080005a8        0x8 C:\Users\ALESSD~1\AppData\Local\Temp\arduino-sketch-B4F7DAC27F03E79D009C3F0C5CE64C1A\sketch\Multiprotocol.ino.cpp.o
 .text._Z8tx_pausev
                0x080005b0       0x10 C:\Users\ALESSD~1\AppData\Local\Temp\arduino-sketch-B4F7DAC27F03E79D009C3F0C5CE64C1A\sketch\Multiprotocol.ino.cpp.o
                0x080005b0                tx_pause()
 .text._Z9tx_resumev
                0x080005c0       0x20 C:\Users\ALESSD~1\AppData\Local\Temp\arduino-sketch-B4F7DAC27F03E79D009C3F0C5CE64C1A\sketch\Multiprotocol.ino.cpp.o
                0x080005c0                tx_resume()
 .text._Z18update_serial_datav
                0x080005e0      0x554 C:\Users\ALESSD~1\AppData\Local\Temp\arduino-sketch-B4F7DAC27F03E79D009C3F0C5CE64C1A\sketch\Multiprotocol.ino.cpp.o
                0x080005e0                update_serial_data()
 .text._Z12usart2_beginmm
                0x08000b34       0x58 C:\Users\ALESSD~1\AppData\Local\Temp\arduino-sketch-B4F7DAC27F03E79D009C3F0C5CE64C1A\sketch\Multiprotocol.ino.cpp.o
                0x08000b34                usart2_begin(unsigned long, unsigned long)
 .text._Z12usart3_beginmm
                0x08000b8c       0x50 C:\Users\ALESSD~1\AppData\Local\Temp\arduino-sketch-B4F7DAC27F03E79D009C3F0C5CE64C1A\sketch\Multiprotocol.ino.cpp.o
                0x08000b8c                usart3_begin(unsigned long, unsigned long)
 .text._Z21Mprotocol_serial_inith
                0x08000bdc       0x5c C:\Users\ALESSD~1\AppData\Local\Temp\arduino-sketch-B4F7DAC27F03E79D009C3F0C5CE64C1A\sketch\Multiprotocol.ino.cpp.o
                0x08000bdc                Mprotocol_serial_init(unsigned char)
 .text._Z12init_HWTimerv
                0x08000c38       0x90 C:\Users\ALESSD~1\AppData\Local\Temp\arduino-sketch-B4F7DAC27F03E79D009C3F0C5CE64C1A\sketch\Multiprotocol.ino.cpp.o
                0x08000c38                init_HWTimer()
 .text._Z8pollBootv
                0x08000cc8       0x94 C:\Users\ALESSD~1\AppData\Local\Temp\arduino-sketch-B4F7DAC27F03E79D009C3F0C5CE64C1A\sketch\Multiprotocol.ino.cpp.o
                0x08000cc8                pollBoot()
 .text.__irq_usart2
                0x08000d5c       0xf4 C:\Users\ALESSD~1\AppData\Local\Temp\arduino-sketch-B4F7DAC27F03E79D009C3F0C5CE64C1A\sketch\Multiprotocol.ino.cpp.o
                0x08000d5c                __irq_usart2
 .text._Z21convert_channel_frskyh
                0x08000e50       0x18 C:\Users\ALESSD~1\AppData\Local\Temp\arduino-sketch-B4F7DAC27F03E79D009C3F0C5CE64C1A\sketch\Multiprotocol.ino.cpp.o
                0x08000e50                convert_channel_frsky(unsigned char)
 .text._Z22get_elrs_airRateConfiga
                0x08000e68       0x24 C:\Users\ALESSD~1\AppData\Local\Temp\arduino-sketch-B4F7DAC27F03E79D009C3F0C5CE64C1A\sketch\Multiprotocol.ino.cpp.o
                0x08000e68                get_elrs_airRateConfig(signed char)
 .text._Z29expresslrs_switch_update_valsv
                0x08000e8c       0x28 C:\Users\ALESSD~1\AppData\Local\Temp\arduino-sketch-B4F7DAC27F03E79D009C3F0C5CE64C1A\sketch\Multiprotocol.ino.cpp.o
                0x08000e8c                expresslrs_switch_update_vals()
 .text._Z28expresslrs_switch_next_indexv
                0x08000eb4       0x38 C:\Users\ALESSD~1\AppData\Local\Temp\arduino-sketch-B4F7DAC27F03E79D009C3F0C5CE64C1A\sketch\Multiprotocol.ino.cpp.o
                0x08000eb4                expresslrs_switch_next_index()
 .text._Z36expresslrs_build_ota_hybrid_switchesPhh
                0x08000eec       0x88 C:\Users\ALESSD~1\AppData\Local\Temp\arduino-sketch-B4F7DAC27F03E79D009C3F0C5CE64C1A\sketch\Multiprotocol.ino.cpp.o
                0x08000eec                expresslrs_build_ota_hybrid_switches(unsigned char*, unsigned char)
 .text._Z33ExpressLRS_GenerateSyncPacketDatav
                0x08000f74       0x4c C:\Users\ALESSD~1\AppData\Local\Temp\arduino-sketch-B4F7DAC27F03E79D009C3F0C5CE64C1A\sketch\Multiprotocol.ino.cpp.o
                0x08000f74                ExpressLRS_GenerateSyncPacketData()
 .text._Z14expresslrs_rngv
                0x08000fc0       0x24 C:\Users\ALESSD~1\AppData\Local\Temp\arduino-sketch-B4F7DAC27F03E79D009C3F0C5CE64C1A\sketch\Multiprotocol.ino.cpp.o
                0x08000fc0                expresslrs_rng()
 .text._Z15expresslrs_rngNj
                0x08000fe4       0x14 C:\Users\ALESSD~1\AppData\Local\Temp\arduino-sketch-B4F7DAC27F03E79D009C3F0C5CE64C1A\sketch\Multiprotocol.ino.cpp.o
                0x08000fe4                expresslrs_rngN(unsigned int)
 .text._Z29expresslrs_fhss_get_array_valh
                0x08000ff8       0x18 C:\Users\ALESSD~1\AppData\Local\Temp\arduino-sketch-B4F7DAC27F03E79D009C3F0C5CE64C1A\sketch\Multiprotocol.ino.cpp.o
                0x08000ff8                expresslrs_fhss_get_array_val(unsigned char)
 .text._Z29expresslrs_fhss_get_curr_freqv
                0x08001010       0x14 C:\Users\ALESSD~1\AppData\Local\Temp\arduino-sketch-B4F7DAC27F03E79D009C3F0C5CE64C1A\sketch\Multiprotocol.ino.cpp.o
                0x08001010                expresslrs_fhss_get_curr_freq()
 .text._Z29expresslrs_fhss_get_next_freqv
                0x08001024       0x10 C:\Users\ALESSD~1\AppData\Local\Temp\arduino-sketch-B4F7DAC27F03E79D009C3F0C5CE64C1A\sketch\Multiprotocol.ino.cpp.o
                0x08001024                expresslrs_fhss_get_next_freq()
 .text._Z36expresslrs_fhss_calc_reset_availablePh
                0x08001034       0x1c C:\Users\ALESSD~1\AppData\Local\Temp\arduino-sketch-B4F7DAC27F03E79D009C3F0C5CE64C1A\sketch\Multiprotocol.ino.cpp.o
                0x08001034                expresslrs_fhss_calc_reset_available(unsigned char*)
 .text._Z33expresslrs_fhss_generate_sequencev
                0x08001050      0x1fc C:\Users\ALESSD~1\AppData\Local\Temp\arduino-sketch-B4F7DAC27F03E79D009C3F0C5CE64C1A\sketch\Multiprotocol.ino.cpp.o
                0x08001050                expresslrs_fhss_generate_sequence()
 .text._Z25expresslrs_fhss_init_freqh
                0x0800124c       0x9c C:\Users\ALESSD~1\AppData\Local\Temp\arduino-sketch-B4F7DAC27F03E79D009C3F0C5CE64C1A\sketch\Multiprotocol.ino.cpp.o
                0x0800124c                expresslrs_fhss_init_freq(unsigned char)
 .text._Z14expresslrs_crcPhi
                0x080012e8       0x24 C:\Users\ALESSD~1\AppData\Local\Temp\arduino-sketch-B4F7DAC27F03E79D009C3F0C5CE64C1A\sketch\Multiprotocol.ino.cpp.o
                0x080012e8                expresslrs_crc(unsigned char*, int)
 .text._Z10FrSkyX_crcPhht
                0x0800130c       0x38 C:\Users\ALESSD~1\AppData\Local\Temp\arduino-sketch-B4F7DAC27F03E79D009C3F0C5CE64C1A\sketch\Multiprotocol.ino.cpp.o
                0x0800130c                FrSkyX_crc(unsigned char*, unsigned char, unsigned short)
 .text._Z19NRF24L01_Initializev
                0x08001344       0x20 C:\Users\ALESSD~1\AppData\Local\Temp\arduino-sketch-B4F7DAC27F03E79D009C3F0C5CE64C1A\sketch\Multiprotocol.ino.cpp.o
                0x08001344                NRF24L01_Initialize()
 .text._Z8initSPI2v
                0x08001364       0x40 C:\Users\ALESSD~1\AppData\Local\Temp\arduino-sketch-B4F7DAC27F03E79D009C3F0C5CE64C1A\sketch\Multiprotocol.ino.cpp.o
                0x08001364                initSPI2()
 .text._Z9SPI_Writeh
                0x080013a4       0x14 C:\Users\ALESSD~1\AppData\Local\Temp\arduino-sketch-B4F7DAC27F03E79D009C3F0C5CE64C1A\sketch\Multiprotocol.ino.cpp.o
                0x080013a4                SPI_Write(unsigned char)
 .text._Z14A7105_WriteReghh
                0x080013b8       0x28 C:\Users\ALESSD~1\AppData\Local\Temp\arduino-sketch-B4F7DAC27F03E79D009C3F0C5CE64C1A\sketch\Multiprotocol.ino.cpp.o
                0x080013b8                A7105_WriteReg(unsigned char, unsigned char)
 .text._Z17A7105_SetTxRxModeh.part.3
                0x080013e0       0x16 C:\Users\ALESSD~1\AppData\Local\Temp\arduino-sketch-B4F7DAC27F03E79D009C3F0C5CE64C1A\sketch\Multiprotocol.ino.cpp.o
 .text._Z17A7105_SetTxRxModeh
                0x080013f6       0x2c C:\Users\ALESSD~1\AppData\Local\Temp\arduino-sketch-B4F7DAC27F03E79D009C3F0C5CE64C1A\sketch\Multiprotocol.ino.cpp.o
                0x080013f6                A7105_SetTxRxMode(unsigned char)
 .text._Z12A7105_Strobeh
                0x08001422       0x1e C:\Users\ALESSD~1\AppData\Local\Temp\arduino-sketch-B4F7DAC27F03E79D009C3F0C5CE64C1A\sketch\Multiprotocol.ino.cpp.o
                0x08001422                A7105_Strobe(unsigned char)
 .text._Z15CC2500_WriteReghh
                0x08001440       0x28 C:\Users\ALESSD~1\AppData\Local\Temp\arduino-sketch-B4F7DAC27F03E79D009C3F0C5CE64C1A\sketch\Multiprotocol.ino.cpp.o
                0x08001440                CC2500_WriteReg(unsigned char, unsigned char)
 .text._Z18CC2500_SetTxRxModeh
                0x08001468       0x36 C:\Users\ALESSD~1\AppData\Local\Temp\arduino-sketch-B4F7DAC27F03E79D009C3F0C5CE64C1A\sketch\Multiprotocol.ino.cpp.o
                0x08001468                CC2500_SetTxRxMode(unsigned char)
 .text._Z13CC2500_Strobeh
                0x0800149e       0x1e C:\Users\ALESSD~1\AppData\Local\Temp\arduino-sketch-B4F7DAC27F03E79D009C3F0C5CE64C1A\sketch\Multiprotocol.ino.cpp.o
                0x0800149e                CC2500_Strobe(unsigned char)
 .text._Z18CYRF_WriteRegisterhh
                0x080014bc       0x28 C:\Users\ALESSD~1\AppData\Local\Temp\arduino-sketch-B4F7DAC27F03E79D009C3F0C5CE64C1A\sketch\Multiprotocol.ino.cpp.o
                0x080014bc                CYRF_WriteRegister(unsigned char, unsigned char)
 .text._Z16CYRF_SetTxRxModeh
                0x080014e4       0x48 C:\Users\ALESSD~1\AppData\Local\Temp\arduino-sketch-B4F7DAC27F03E79D009C3F0C5CE64C1A\sketch\Multiprotocol.ino.cpp.o
                0x080014e4                CYRF_SetTxRxMode(unsigned char)
 .text._Z17NRF24L01_WriteReghh
                0x0800152c       0x2c C:\Users\ALESSD~1\AppData\Local\Temp\arduino-sketch-B4F7DAC27F03E79D009C3F0C5CE64C1A\sketch\Multiprotocol.ino.cpp.o
                0x0800152c                NRF24L01_WriteReg(unsigned char, unsigned char)
 .text._Z19NRF24L01_SetBitrateh
                0x08001558       0x30 C:\Users\ALESSD~1\AppData\Local\Temp\arduino-sketch-B4F7DAC27F03E79D009C3F0C5CE64C1A\sketch\Multiprotocol.ino.cpp.o
                0x08001558                NRF24L01_SetBitrate(unsigned char)
 .text._Z17NRF24L01_SetPowerv
                0x08001588       0x60 C:\Users\ALESSD~1\AppData\Local\Temp\arduino-sketch-B4F7DAC27F03E79D009C3F0C5CE64C1A\sketch\Multiprotocol.ino.cpp.o
                0x08001588                NRF24L01_SetPower()
 .text._Z20NRF24L01_SetTxRxMode10TXRX_State.part.5
                0x080015e8       0x1c C:\Users\ALESSD~1\AppData\Local\Temp\arduino-sketch-B4F7DAC27F03E79D009C3F0C5CE64C1A\sketch\Multiprotocol.ino.cpp.o
 .text._Z20NRF24L01_SetTxRxMode10TXRX_State
                0x08001604       0x38 C:\Users\ALESSD~1\AppData\Local\Temp\arduino-sketch-B4F7DAC27F03E79D009C3F0C5CE64C1A\sketch\Multiprotocol.ino.cpp.o
                0x08001604                NRF24L01_SetTxRxMode(TXRX_State)
 .text._Z15XN297_Configureh
                0x0800163c       0x18 C:\Users\ALESSD~1\AppData\Local\Temp\arduino-sketch-B4F7DAC27F03E79D009C3F0C5CE64C1A\sketch\Multiprotocol.ino.cpp.o
                0x0800163c                XN297_Configure(unsigned char)
 .text._Z27NRF24L01_WriteRegisterMultihPhh
                0x08001654       0x3a C:\Users\ALESSD~1\AppData\Local\Temp\arduino-sketch-B4F7DAC27F03E79D009C3F0C5CE64C1A\sketch\Multiprotocol.ino.cpp.o
                0x08001654                NRF24L01_WriteRegisterMulti(unsigned char, unsigned char*, unsigned char)
 *fill*         0x0800168e        0x2 
 .text._Z15XN297_SetTXAddrPKhh
                0x08001690       0x78 C:\Users\ALESSD~1\AppData\Local\Temp\arduino-sketch-B4F7DAC27F03E79D009C3F0C5CE64C1A\sketch\Multiprotocol.ino.cpp.o
                0x08001690                XN297_SetTXAddr(unsigned char const*, unsigned char)
 .text._Z15XN297_SetRXAddrPKhh
                0x08001708       0x88 C:\Users\ALESSD~1\AppData\Local\Temp\arduino-sketch-B4F7DAC27F03E79D009C3F0C5CE64C1A\sketch\Multiprotocol.ino.cpp.o
                0x08001708                XN297_SetRXAddr(unsigned char const*, unsigned char)
 .text._ZL15NRF24L01_Strobeh
                0x08001790       0x1e C:\Users\ALESSD~1\AppData\Local\Temp\arduino-sketch-B4F7DAC27F03E79D009C3F0C5CE64C1A\sketch\Multiprotocol.ino.cpp.o
 .text._Z16NRF24L01_FlushTxv
                0x080017ae        0x6 C:\Users\ALESSD~1\AppData\Local\Temp\arduino-sketch-B4F7DAC27F03E79D009C3F0C5CE64C1A\sketch\Multiprotocol.ino.cpp.o
                0x080017ae                NRF24L01_FlushTx()
 .text._Z16NRF24L01_FlushRxv
                0x080017b4        0x6 C:\Users\ALESSD~1\AppData\Local\Temp\arduino-sketch-B4F7DAC27F03E79D009C3F0C5CE64C1A\sketch\Multiprotocol.ino.cpp.o
                0x080017b4                NRF24L01_FlushRx()
 .text._Z17NRF24L01_Activateh
                0x080017ba       0x24 C:\Users\ALESSD~1\AppData\Local\Temp\arduino-sketch-B4F7DAC27F03E79D009C3F0C5CE64C1A\sketch\Multiprotocol.ino.cpp.o
                0x080017ba                NRF24L01_Activate(unsigned char)
 *fill*         0x080017de        0x2 
 .text._ZL14XN297Dump_initv
                0x080017e0       0xe0 C:\Users\ALESSD~1\AppData\Local\Temp\arduino-sketch-B4F7DAC27F03E79D009C3F0C5CE64C1A\sketch\Multiprotocol.ino.cpp.o
 .text._Z8SPI_Readv
                0x080018c0       0x14 C:\Users\ALESSD~1\AppData\Local\Temp\arduino-sketch-B4F7DAC27F03E79D009C3F0C5CE64C1A\sketch\Multiprotocol.ino.cpp.o
                0x080018c0                SPI_Read()
 .text._ZL20NRF24L01_ReadPayloadPhh
                0x080018d4       0x32 C:\Users\ALESSD~1\AppData\Local\Temp\arduino-sketch-B4F7DAC27F03E79D009C3F0C5CE64C1A\sketch\Multiprotocol.ino.cpp.o
 *fill*         0x08001906        0x2 
 .text._Z17XN297_ReadPayloadPhh
                0x08001908       0xe8 C:\Users\ALESSD~1\AppData\Local\Temp\arduino-sketch-B4F7DAC27F03E79D009C3F0C5CE64C1A\sketch\Multiprotocol.ino.cpp.o
                0x08001908                XN297_ReadPayload(unsigned char*, unsigned char)
 .text._Z25XN297_ReadEnhancedPayloadPhh
                0x080019f0      0x148 C:\Users\ALESSD~1\AppData\Local\Temp\arduino-sketch-B4F7DAC27F03E79D009C3F0C5CE64C1A\sketch\Multiprotocol.ino.cpp.o
                0x080019f0                XN297_ReadEnhancedPayload(unsigned char*, unsigned char)
 .text._Z17CYRF_ReadRegisterh
                0x08001b38       0x24 C:\Users\ALESSD~1\AppData\Local\Temp\arduino-sketch-B4F7DAC27F03E79D009C3F0C5CE64C1A\sketch\Multiprotocol.ino.cpp.o
                0x08001b38                CYRF_ReadRegister(unsigned char)
 .text._Z10CYRF_Resetv
                0x08001b5c       0x52 C:\Users\ALESSD~1\AppData\Local\Temp\arduino-sketch-B4F7DAC27F03E79D009C3F0C5CE64C1A\sketch\Multiprotocol.ino.cpp.o
                0x08001b5c                CYRF_Reset()
 .text._Z16NRF24L01_ReadRegh
                0x08001bae       0x26 C:\Users\ALESSD~1\AppData\Local\Temp\arduino-sketch-B4F7DAC27F03E79D009C3F0C5CE64C1A\sketch\Multiprotocol.ino.cpp.o
                0x08001bae                NRF24L01_ReadReg(unsigned char)
 .text._Z14NRF24L01_Resetv
                0x08001bd4       0x42 C:\Users\ALESSD~1\AppData\Local\Temp\arduino-sketch-B4F7DAC27F03E79D009C3F0C5CE64C1A\sketch\Multiprotocol.ino.cpp.o
                0x08001bd4                NRF24L01_Reset()
 .text._Z12CC2500_Resetv
                0x08001c16       0x3a C:\Users\ALESSD~1\AppData\Local\Temp\arduino-sketch-B4F7DAC27F03E79D009C3F0C5CE64C1A\sketch\Multiprotocol.ino.cpp.o
                0x08001c16                CC2500_Reset()
 .text._Z10SPI_ENABLEv
                0x08001c50       0x10 C:\Users\ALESSD~1\AppData\Local\Temp\arduino-sketch-B4F7DAC27F03E79D009C3F0C5CE64C1A\sketch\Multiprotocol.ino.cpp.o
                0x08001c50                SPI_ENABLE()
 .text._Z11SPI_DISABLEv
                0x08001c60       0x10 C:\Users\ALESSD~1\AppData\Local\Temp\arduino-sketch-B4F7DAC27F03E79D009C3F0C5CE64C1A\sketch\Multiprotocol.ino.cpp.o
                0x08001c60                SPI_DISABLE()
 .text._Z21SPI_SET_BIDIRECTIONALv
                0x08001c70       0x18 C:\Users\ALESSD~1\AppData\Local\Temp\arduino-sketch-B4F7DAC27F03E79D009C3F0C5CE64C1A\sketch\Multiprotocol.ino.cpp.o
                0x08001c70                SPI_SET_BIDIRECTIONAL()
 .text._Z22SPI_SET_UNIDIRECTIONALv
                0x08001c88       0x10 C:\Users\ALESSD~1\AppData\Local\Temp\arduino-sketch-B4F7DAC27F03E79D009C3F0C5CE64C1A\sketch\Multiprotocol.ino.cpp.o
                0x08001c88                SPI_SET_UNIDIRECTIONAL()
 .text._Z12SPI_SDI_Readv
                0x08001c98       0x50 C:\Users\ALESSD~1\AppData\Local\Temp\arduino-sketch-B4F7DAC27F03E79D009C3F0C5CE64C1A\sketch\Multiprotocol.ino.cpp.o
                0x08001c98                SPI_SDI_Read()
 .text._Z13A7105_ReadRegh
                0x08001ce8       0x26 C:\Users\ALESSD~1\AppData\Local\Temp\arduino-sketch-B4F7DAC27F03E79D009C3F0C5CE64C1A\sketch\Multiprotocol.ino.cpp.o
                0x08001ce8                A7105_ReadReg(unsigned char)
 .text._Z11A7105_Resetv
                0x08001d0e       0x2e C:\Users\ALESSD~1\AppData\Local\Temp\arduino-sketch-B4F7DAC27F03E79D009C3F0C5CE64C1A\sketch\Multiprotocol.ino.cpp.o
                0x08001d0e                A7105_Reset()
 .text._Z15SX1276_WriteReghh
                0x08001d3c       0x2a C:\Users\ALESSD~1\AppData\Local\Temp\arduino-sketch-B4F7DAC27F03E79D009C3F0C5CE64C1A\sketch\Multiprotocol.ino.cpp.o
                0x08001d3c                SX1276_WriteReg(unsigned char, unsigned char)
 .text._Z19SX1276_ConfigModem1hhb.part.7
                0x08001d66       0x16 C:\Users\ALESSD~1\AppData\Local\Temp\arduino-sketch-B4F7DAC27F03E79D009C3F0C5CE64C1A\sketch\Multiprotocol.ino.cpp.o
 .text._Z14SX1276_ReadRegh
                0x08001d7c       0x26 C:\Users\ALESSD~1\AppData\Local\Temp\arduino-sketch-B4F7DAC27F03E79D009C3F0C5CE64C1A\sketch\Multiprotocol.ino.cpp.o
                0x08001d7c                SX1276_ReadReg(unsigned char)
 .text._Z25SX1276_WriteRegisterMultihPKhh
                0x08001da2       0x36 C:\Users\ALESSD~1\AppData\Local\Temp\arduino-sketch-B4F7DAC27F03E79D009C3F0C5CE64C1A\sketch\Multiprotocol.ino.cpp.o
                0x08001da2                SX1276_WriteRegisterMulti(unsigned char, unsigned char const*, unsigned char)
 .text._Z21FrSkyR9_set_frequencyv
                0x08001dd8      0x10c C:\Users\ALESSD~1\AppData\Local\Temp\arduino-sketch-B4F7DAC27F03E79D009C3F0C5CE64C1A\sketch\Multiprotocol.ino.cpp.o
                0x08001dd8                FrSkyR9_set_frequency()
 .text._Z24SX1276_ReadRegisterMultihPhh
                0x08001ee4       0x36 C:\Users\ALESSD~1\AppData\Local\Temp\arduino-sketch-B4F7DAC27F03E79D009C3F0C5CE64C1A\sketch\Multiprotocol.ino.cpp.o
                0x08001ee4                SX1276_ReadRegisterMulti(unsigned char, unsigned char*, unsigned char)
 .text._Z12SX1276_Resetv
                0x08001f1a       0x26 C:\Users\ALESSD~1\AppData\Local\Temp\arduino-sketch-B4F7DAC27F03E79D009C3F0C5CE64C1A\sketch\Multiprotocol.ino.cpp.o
                0x08001f1a                SX1276_Reset()
 .text._Z13modules_resetv
                0x08001f40       0x28 C:\Users\ALESSD~1\AppData\Local\Temp\arduino-sketch-B4F7DAC27F03E79D009C3F0C5CE64C1A\sketch\Multiprotocol.ino.cpp.o
                0x08001f40                modules_reset()
 .text.setup    0x08001f68      0x2c4 C:\Users\ALESSD~1\AppData\Local\Temp\arduino-sketch-B4F7DAC27F03E79D009C3F0C5CE64C1A\sketch\Multiprotocol.ino.cpp.o
                0x08001f68                setup
 .text._Z18SX1276_SetTxRxModeh
                0x0800222c       0x10 C:\Users\ALESSD~1\AppData\Local\Temp\arduino-sketch-B4F7DAC27F03E79D009C3F0C5CE64C1A\sketch\Multiprotocol.ino.cpp.o
                0x0800222c                SX1276_SetTxRxMode(unsigned char)
 *fill*         0x0800223c        0x4 
 .text._Z30SX1276_SetFrequency_expresslrsm
                0x08002240       0x40 C:\Users\ALESSD~1\AppData\Local\Temp\arduino-sketch-B4F7DAC27F03E79D009C3F0C5CE64C1A\sketch\Multiprotocol.ino.cpp.o
                0x08002240                SX1276_SetFrequency_expresslrs(unsigned long)
 .text._Z22expresslrs_fhss_handlev
                0x08002280       0x30 C:\Users\ALESSD~1\AppData\Local\Temp\arduino-sketch-B4F7DAC27F03E79D009C3F0C5CE64C1A\sketch\Multiprotocol.ino.cpp.o
                0x08002280                expresslrs_fhss_handle()
 .text._Z24SX1276_SetDetectOptimizebh
                0x080022b0       0x24 C:\Users\ALESSD~1\AppData\Local\Temp\arduino-sketch-B4F7DAC27F03E79D009C3F0C5CE64C1A\sketch\Multiprotocol.ino.cpp.o
                0x080022b0                SX1276_SetDetectOptimize(bool, unsigned char)
 .text._Z19SX1276_ConfigModem1hhb
                0x080022d4       0x2c C:\Users\ALESSD~1\AppData\Local\Temp\arduino-sketch-B4F7DAC27F03E79D009C3F0C5CE64C1A\sketch\Multiprotocol.ino.cpp.o
                0x080022d4                SX1276_ConfigModem1(unsigned char, unsigned char, bool)
 .text._Z19SX1276_ConfigModem2hbb
                0x08002300       0x2c C:\Users\ALESSD~1\AppData\Local\Temp\arduino-sketch-B4F7DAC27F03E79D009C3F0C5CE64C1A\sketch\Multiprotocol.ino.cpp.o
                0x08002300                SX1276_ConfigModem2(unsigned char, bool, bool)
 .text._Z19SX1276_ConfigModem3bb
                0x0800232c       0x26 C:\Users\ALESSD~1\AppData\Local\Temp\arduino-sketch-B4F7DAC27F03E79D009C3F0C5CE64C1A\sketch\Multiprotocol.ino.cpp.o
                0x0800232c                SX1276_ConfigModem3(bool, bool)
 .text._Z24SX1276_SetPreambleLengtht
                0x08002352       0x1c C:\Users\ALESSD~1\AppData\Local\Temp\arduino-sketch-B4F7DAC27F03E79D009C3F0C5CE64C1A\sketch\Multiprotocol.ino.cpp.o
                0x08002352                SX1276_SetPreambleLength(unsigned short)
 *fill*         0x0800236e        0x2 
 .text._Z18SX1276_SetSyncWordh
                0x08002370       0x34 C:\Users\ALESSD~1\AppData\Local\Temp\arduino-sketch-B4F7DAC27F03E79D009C3F0C5CE64C1A\sketch\Multiprotocol.ino.cpp.o
                0x08002370                SX1276_SetSyncWord(unsigned char)
 .text._Z28SX1276_SetDetectionThresholdh
                0x080023a4        0x8 C:\Users\ALESSD~1\AppData\Local\Temp\arduino-sketch-B4F7DAC27F03E79D009C3F0C5CE64C1A\sketch\Multiprotocol.ino.cpp.o
                0x080023a4                SX1276_SetDetectionThreshold(unsigned char)
 .text._Z25expresslrs_ota_set_rfrateh
                0x080023ac       0x58 C:\Users\ALESSD~1\AppData\Local\Temp\arduino-sketch-B4F7DAC27F03E79D009C3F0C5CE64C1A\sketch\Multiprotocol.ino.cpp.o
                0x080023ac                expresslrs_ota_set_rfrate(unsigned char)
 .text._Z13SX1276_SetLnahb
                0x08002404       0x28 C:\Users\ALESSD~1\AppData\Local\Temp\arduino-sketch-B4F7DAC27F03E79D009C3F0C5CE64C1A\sketch\Multiprotocol.ino.cpp.o
                0x08002404                SX1276_SetLna(unsigned char, bool)
 .text._Z19SX1276_SetHopPeriodh
                0x0800242c        0x8 C:\Users\ALESSD~1\AppData\Local\Temp\arduino-sketch-B4F7DAC27F03E79D009C3F0C5CE64C1A\sketch\Multiprotocol.ino.cpp.o
                0x0800242c                SX1276_SetHopPeriod(unsigned char)
 .text._Z15SX1276_SetPaDacb
                0x08002434       0x24 C:\Users\ALESSD~1\AppData\Local\Temp\arduino-sketch-B4F7DAC27F03E79D009C3F0C5CE64C1A\sketch\Multiprotocol.ino.cpp.o
                0x08002434                SX1276_SetPaDac(bool)
 .text._Z11initFrSkyR9v
                0x08002458      0x124 C:\Users\ALESSD~1\AppData\Local\Temp\arduino-sketch-B4F7DAC27F03E79D009C3F0C5CE64C1A\sketch\Multiprotocol.ino.cpp.o
                0x08002458                initFrSkyR9()
 .text._Z14initExpressLRSv
                0x0800257c      0x11c C:\Users\ALESSD~1\AppData\Local\Temp\arduino-sketch-B4F7DAC27F03E79D009C3F0C5CE64C1A\sketch\Multiprotocol.ino.cpp.o
                0x0800257c                initExpressLRS()
 .text._Z25SX1276_WritePayloadToFifoPhh
                0x08002698       0x2a C:\Users\ALESSD~1\AppData\Local\Temp\arduino-sketch-B4F7DAC27F03E79D009C3F0C5CE64C1A\sketch\Multiprotocol.ino.cpp.o
                0x08002698                SX1276_WritePayloadToFifo(unsigned char*, unsigned char)
 *fill*         0x080026c2        0x2 
 .text._Z24expresslrs_build_ota_pktv
                0x080026c4       0x98 C:\Users\ALESSD~1\AppData\Local\Temp\arduino-sketch-B4F7DAC27F03E79D009C3F0C5CE64C1A\sketch\Multiprotocol.ino.cpp.o
                0x080026c4                expresslrs_build_ota_pkt()
 .text._Z19ExpressLRS_callbackv
                0x0800275c       0x18 C:\Users\ALESSD~1\AppData\Local\Temp\arduino-sketch-B4F7DAC27F03E79D009C3F0C5CE64C1A\sketch\Multiprotocol.ino.cpp.o
                0x0800275c                ExpressLRS_callback()
 .text._Z20SX1276_ClearIRQFlagsv
                0x08002774        0x8 C:\Users\ALESSD~1\AppData\Local\Temp\arduino-sketch-B4F7DAC27F03E79D009C3F0C5CE64C1A\sketch\Multiprotocol.ino.cpp.o
                0x08002774                SX1276_ClearIRQFlags()
 .text._Z19expresslrs_dio0_isrv
                0x0800277c       0x1c C:\Users\ALESSD~1\AppData\Local\Temp\arduino-sketch-B4F7DAC27F03E79D009C3F0C5CE64C1A\sketch\Multiprotocol.ino.cpp.o
                0x0800277c                expresslrs_dio0_isr()
 .text._Z23frsky_process_telemetryPhh
                0x08002798      0x1ac C:\Users\ALESSD~1\AppData\Local\Temp\arduino-sketch-B4F7DAC27F03E79D009C3F0C5CE64C1A\sketch\Multiprotocol.ino.cpp.o
                0x08002798                frsky_process_telemetry(unsigned char*, unsigned char)
 .text._Z16FrSkyR9_callbackv
                0x08002944      0x5b8 C:\Users\ALESSD~1\AppData\Local\Temp\arduino-sketch-B4F7DAC27F03E79D009C3F0C5CE64C1A\sketch\Multiprotocol.ino.cpp.o
                0x08002944                FrSkyR9_callback()
 .text._Z26init_frskyd_link_telemetryv
                0x08002efc       0x50 C:\Users\ALESSD~1\AppData\Local\Temp\arduino-sketch-B4F7DAC27F03E79D009C3F0C5CE64C1A\sketch\Multiprotocol.ino.cpp.o
                0x08002efc                init_frskyd_link_telemetry()
 .text._Z17proces_sport_datah
                0x08002f4c       0x98 C:\Users\ALESSD~1\AppData\Local\Temp\arduino-sketch-B4F7DAC27F03E79D009C3F0C5CE64C1A\sketch\Multiprotocol.ino.cpp.o
                0x08002f4c                proces_sport_data(unsigned char)
 .text._Z12Serial_writeh
                0x08002fe4       0x24 C:\Users\ALESSD~1\AppData\Local\Temp\arduino-sketch-B4F7DAC27F03E79D009C3F0C5CE64C1A\sketch\Multiprotocol.ino.cpp.o
                0x08002fe4                Serial_write(unsigned char)
 .text._ZL17multi_send_headerhh
                0x08003008       0x22 C:\Users\ALESSD~1\AppData\Local\Temp\arduino-sketch-B4F7DAC27F03E79D009C3F0C5CE64C1A\sketch\Multiprotocol.ino.cpp.o
 *fill*         0x0800302a        0x2 
 .text._Z16frsky_link_framev
                0x0800302c       0x98 C:\Users\ALESSD~1\AppData\Local\Temp\arduino-sketch-B4F7DAC27F03E79D009C3F0C5CE64C1A\sketch\Multiprotocol.ino.cpp.o
                0x0800302c                frsky_link_frame()
 .text._Z9sportSendPh
                0x080030c4       0x4c C:\Users\ALESSD~1\AppData\Local\Temp\arduino-sketch-B4F7DAC27F03E79D009C3F0C5CE64C1A\sketch\Multiprotocol.ino.cpp.o
                0x080030c4                sportSend(unsigned char*)
 .text._Z14sportSendFramev
                0x08003110       0xf0 C:\Users\ALESSD~1\AppData\Local\Temp\arduino-sketch-B4F7DAC27F03E79D009C3F0C5CE64C1A\sketch\Multiprotocol.ino.cpp.o
                0x08003110                sportSendFrame()
 .text._Z15TelemetryUpdatev
                0x08003200      0x330 C:\Users\ALESSD~1\AppData\Local\Temp\arduino-sketch-B4F7DAC27F03E79D009C3F0C5CE64C1A\sketch\Multiprotocol.ino.cpp.o
                0x08003200                TelemetryUpdate()
 .text.__irq_usart3
                0x08003530       0x54 C:\Users\ALESSD~1\AppData\Local\Temp\arduino-sketch-B4F7DAC27F03E79D009C3F0C5CE64C1A\sketch\Multiprotocol.ino.cpp.o
                0x08003530                __irq_usart3
 .text._Z13initXN297Dumpv
                0x08003584       0x78 C:\Users\ALESSD~1\AppData\Local\Temp\arduino-sketch-B4F7DAC27F03E79D009C3F0C5CE64C1A\sketch\Multiprotocol.ino.cpp.o
                0x08003584                initXN297Dump()
 .text._ZL13protocol_initv
                0x080035fc      0x2e0 C:\Users\ALESSD~1\AppData\Local\Temp\arduino-sketch-B4F7DAC27F03E79D009C3F0C5CE64C1A\sketch\Multiprotocol.ino.cpp.o
 .text._Z10Update_Allv
                0x080038dc      0x1e4 C:\Users\ALESSD~1\AppData\Local\Temp\arduino-sketch-B4F7DAC27F03E79D009C3F0C5CE64C1A\sketch\Multiprotocol.ino.cpp.o
                0x080038dc                Update_All()
 .text.loop     0x08003ac0      0x12c C:\Users\ALESSD~1\AppData\Local\Temp\arduino-sketch-B4F7DAC27F03E79D009C3F0C5CE64C1A\sketch\Multiprotocol.ino.cpp.o
                0x08003ac0                loop
 .text._ZL18XN297Dump_callbackv
                0x08003bec      0xf38 C:\Users\ALESSD~1\AppData\Local\Temp\arduino-sketch-B4F7DAC27F03E79D009C3F0C5CE64C1A\sketch\Multiprotocol.ino.cpp.o
 .text.startup._GLOBAL__sub_I_debug_time
                0x08004b24       0x48 C:\Users\ALESSD~1\AppData\Local\Temp\arduino-sketch-B4F7DAC27F03E79D009C3F0C5CE64C1A\sketch\Multiprotocol.ino.cpp.o
 .text._ZL11disable_pwmPK14stm32_pin_info
                0x08004b6c       0x10 C:\Users\ALESSD~1\AppData\Local\Temp\arduino-sketch-B4F7DAC27F03E79D009C3F0C5CE64C1A\libraries\SPI\SPI.cpp.o
 .text._ZL15dev_to_spi_pinsP7spi_dev.isra.8
                0x08004b7c       0x1c C:\Users\ALESSD~1\AppData\Local\Temp\arduino-sketch-B4F7DAC27F03E79D009C3F0C5CE64C1A\libraries\SPI\SPI.cpp.o
 .text._ZL15configure_gpiosP7spi_devb
                0x08004b98       0x84 C:\Users\ALESSD~1\AppData\Local\Temp\arduino-sketch-B4F7DAC27F03E79D009C3F0C5CE64C1A\libraries\SPI\SPI.cpp.o
 .text._ZL19determine_baud_rateP7spi_devm.isra.9
                0x08004c1c       0x3c C:\Users\ALESSD~1\AppData\Local\Temp\arduino-sketch-B4F7DAC27F03E79D009C3F0C5CE64C1A\libraries\SPI\SPI.cpp.o
 .text._ZN8SPIClassC2Em
                0x08004c58       0xa8 C:\Users\ALESSD~1\AppData\Local\Temp\arduino-sketch-B4F7DAC27F03E79D009C3F0C5CE64C1A\libraries\SPI\SPI.cpp.o
                0x08004c58                SPIClass::SPIClass(unsigned long)
                0x08004c58                SPIClass::SPIClass(unsigned long)
 .text._ZN8SPIClass14updateSettingsEv
                0x08004d00       0x24 C:\Users\ALESSD~1\AppData\Local\Temp\arduino-sketch-B4F7DAC27F03E79D009C3F0C5CE64C1A\libraries\SPI\SPI.cpp.o
                0x08004d00                SPIClass::updateSettings()
 .text._ZN8SPIClass5beginEv
                0x08004d24       0x24 C:\Users\ALESSD~1\AppData\Local\Temp\arduino-sketch-B4F7DAC27F03E79D009C3F0C5CE64C1A\libraries\SPI\SPI.cpp.o
                0x08004d24                SPIClass::begin()
 .text._ZN8SPIClass3endEv
                0x08004d48       0x40 C:\Users\ALESSD~1\AppData\Local\Temp\arduino-sketch-B4F7DAC27F03E79D009C3F0C5CE64C1A\libraries\SPI\SPI.cpp.o
                0x08004d48                SPIClass::end()
 .text.startup._GLOBAL__sub_I__ZN8SPIClassC2Em
                0x08004d88        0xc C:\Users\ALESSD~1\AppData\Local\Temp\arduino-sketch-B4F7DAC27F03E79D009C3F0C5CE64C1A\libraries\SPI\SPI.cpp.o
 .text.FLASH_GetStatus
                0x08004d94       0x34 C:\Users\ALESSD~1\AppData\Local\Temp\arduino-sketch-B4F7DAC27F03E79D009C3F0C5CE64C1A\libraries\EEPROM\flash_stm32.c.o
                0x08004d94                FLASH_GetStatus
 .text.FLASH_WaitForLastOperation
                0x08004dc8       0x36 C:\Users\ALESSD~1\AppData\Local\Temp\arduino-sketch-B4F7DAC27F03E79D009C3F0C5CE64C1A\libraries\EEPROM\flash_stm32.c.o
                0x08004dc8                FLASH_WaitForLastOperation
 *fill*         0x08004dfe        0x2 
 .text.FLASH_ErasePage
                0x08004e00       0x44 C:\Users\ALESSD~1\AppData\Local\Temp\arduino-sketch-B4F7DAC27F03E79D009C3F0C5CE64C1A\libraries\EEPROM\flash_stm32.c.o
                0x08004e00                FLASH_ErasePage
 .text.FLASH_ProgramHalfWord
                0x08004e44       0x4c C:\Users\ALESSD~1\AppData\Local\Temp\arduino-sketch-B4F7DAC27F03E79D009C3F0C5CE64C1A\libraries\EEPROM\flash_stm32.c.o
                0x08004e44                FLASH_ProgramHalfWord
 .text.FLASH_Unlock
                0x08004e90       0x18 C:\Users\ALESSD~1\AppData\Local\Temp\arduino-sketch-B4F7DAC27F03E79D009C3F0C5CE64C1A\libraries\EEPROM\flash_stm32.c.o
                0x08004e90                FLASH_Unlock
 .text._ZN11EEPROMClass12EE_CheckPageEmt
                0x08004ea8       0x32 C:\Users\ALESSD~1\AppData\Local\Temp\arduino-sketch-B4F7DAC27F03E79D009C3F0C5CE64C1A\libraries\EEPROM\EEPROM.cpp.o
                0x08004ea8                EEPROMClass::EE_CheckPage(unsigned long, unsigned short)
 .text._ZN11EEPROMClass12EE_ErasePageEm
                0x08004eda       0x3e C:\Users\ALESSD~1\AppData\Local\Temp\arduino-sketch-B4F7DAC27F03E79D009C3F0C5CE64C1A\libraries\EEPROM\EEPROM.cpp.o
                0x08004eda                EEPROMClass::EE_ErasePage(unsigned long)
 .text._ZN11EEPROMClass17EE_CheckErasePageEmt
                0x08004f18       0x2a C:\Users\ALESSD~1\AppData\Local\Temp\arduino-sketch-B4F7DAC27F03E79D009C3F0C5CE64C1A\libraries\EEPROM\EEPROM.cpp.o
                0x08004f18                EEPROMClass::EE_CheckErasePage(unsigned long, unsigned short)
 .text._ZN11EEPROMClass16EE_FindValidPageEv
                0x08004f42       0x2e C:\Users\ALESSD~1\AppData\Local\Temp\arduino-sketch-B4F7DAC27F03E79D009C3F0C5CE64C1A\libraries\EEPROM\EEPROM.cpp.o
                0x08004f42                EEPROMClass::EE_FindValidPage()
 .text._ZN11EEPROMClass20EE_GetVariablesCountEmt
                0x08004f70       0x3a C:\Users\ALESSD~1\AppData\Local\Temp\arduino-sketch-B4F7DAC27F03E79D009C3F0C5CE64C1A\libraries\EEPROM\EEPROM.cpp.o
                0x08004f70                EEPROMClass::EE_GetVariablesCount(unsigned long, unsigned short)
 .text._ZN11EEPROMClass15EE_PageTransferEmmt
                0x08004faa       0xa0 C:\Users\ALESSD~1\AppData\Local\Temp\arduino-sketch-B4F7DAC27F03E79D009C3F0C5CE64C1A\libraries\EEPROM\EEPROM.cpp.o
                0x08004faa                EEPROMClass::EE_PageTransfer(unsigned long, unsigned long, unsigned short)
 .text._ZN11EEPROMClass30EE_VerifyPageFullWriteVariableEtt
                0x0800504a       0xe4 C:\Users\ALESSD~1\AppData\Local\Temp\arduino-sketch-B4F7DAC27F03E79D009C3F0C5CE64C1A\libraries\EEPROM\EEPROM.cpp.o
                0x0800504a                EEPROMClass::EE_VerifyPageFullWriteVariable(unsigned short, unsigned short)
 .text._ZN11EEPROMClass6formatEv
                0x0800512e       0x3e C:\Users\ALESSD~1\AppData\Local\Temp\arduino-sketch-B4F7DAC27F03E79D009C3F0C5CE64C1A\libraries\EEPROM\EEPROM.cpp.o
                0x0800512e                EEPROMClass::format()
 .text._ZN11EEPROMClass4initEv
                0x0800516c       0xcc C:\Users\ALESSD~1\AppData\Local\Temp\arduino-sketch-B4F7DAC27F03E79D009C3F0C5CE64C1A\libraries\EEPROM\EEPROM.cpp.o
                0x0800516c                EEPROMClass::init()
 .text._ZN11EEPROMClass4readEtPt
                0x08005238       0x50 C:\Users\ALESSD~1\AppData\Local\Temp\arduino-sketch-B4F7DAC27F03E79D009C3F0C5CE64C1A\libraries\EEPROM\EEPROM.cpp.o
                0x08005238                EEPROMClass::read(unsigned short, unsigned short*)
 .text._ZN11EEPROMClass4readEt
                0x08005288       0x14 C:\Users\ALESSD~1\AppData\Local\Temp\arduino-sketch-B4F7DAC27F03E79D009C3F0C5CE64C1A\libraries\EEPROM\EEPROM.cpp.o
                0x08005288                EEPROMClass::read(unsigned short)
 .text._ZN11EEPROMClass5writeEtt
                0x0800529c       0x32 C:\Users\ALESSD~1\AppData\Local\Temp\arduino-sketch-B4F7DAC27F03E79D009C3F0C5CE64C1A\libraries\EEPROM\EEPROM.cpp.o
                0x0800529c                EEPROMClass::write(unsigned short, unsigned short)
 *fill*         0x080052ce        0x2 
 .text.startup._GLOBAL__sub_I__ZN11EEPROMClass12EE_CheckPageEmt
                0x080052d0       0x20 C:\Users\ALESSD~1\AppData\Local\Temp\arduino-sketch-B4F7DAC27F03E79D009C3F0C5CE64C1A\libraries\EEPROM\EEPROM.cpp.o
 .text          0x080052f0       0x10 C:\Users\ALESSD~1\AppData\Local\Temp\arduino-sketch-B4F7DAC27F03E79D009C3F0C5CE64C1A\core\wirish\start.S.o
                0x080052f0                __start__
 .text.start_c  0x08005300       0x64 C:\Users\ALESSD~1\AppData\Local\Temp\arduino-sketch-B4F7DAC27F03E79D009C3F0C5CE64C1A\core\wirish\start_c.c.o
                0x08005300                start_c
 .text._sbrk    0x08005364       0x44 C:\Users\ALESSD~1\AppData\Local\Temp\arduino-sketch-B4F7DAC27F03E79D009C3F0C5CE64C1A\core\wirish\syscalls.c.o
                0x08005364                _sbrk
 .text._exit    0x080053a8        0x2 C:\Users\ALESSD~1\AppData\Local\Temp\arduino-sketch-B4F7DAC27F03E79D009C3F0C5CE64C1A\core\wirish\syscalls.c.o
                0x080053a8                _exit
 .text._Z9boardInitv
                0x080053aa        0x2 C:\Users\ALESSD~1\AppData\Local\Temp\arduino-sketch-B4F7DAC27F03E79D009C3F0C5CE64C1A\core\board.cpp.o
                0x080053aa                boardInit()
 .text.startup._GLOBAL__sub_I__Z9boardInitv
                0x080053ac       0x48 C:\Users\ALESSD~1\AppData\Local\Temp\arduino-sketch-B4F7DAC27F03E79D009C3F0C5CE64C1A\core\board.cpp.o
 .text._ZL18adc_default_configP7adc_dev
                0x080053f4       0x1c C:\Users\ALESSD~1\AppData\Local\Temp\arduino-sketch-B4F7DAC27F03E79D009C3F0C5CE64C1A\core\wirish\boards.cpp.o
 .text._ZL20timer_default_configP9timer_dev
                0x08005410       0x9e C:\Users\ALESSD~1\AppData\Local\Temp\arduino-sketch-B4F7DAC27F03E79D009C3F0C5CE64C1A\core\wirish\boards.cpp.o
 *fill*         0x080054ae        0x2 
 .text._Z4initv
                0x080054b0       0xbc C:\Users\ALESSD~1\AppData\Local\Temp\arduino-sketch-B4F7DAC27F03E79D009C3F0C5CE64C1A\core\wirish\boards.cpp.o
                0x080054b0                init()
 .text._ZN6wirish4priv15board_reset_pllEv
                0x0800556c        0x2 C:\Users\ALESSD~1\AppData\Local\Temp\arduino-sketch-B4F7DAC27F03E79D009C3F0C5CE64C1A\core\wirish\boards_setup.cpp.o
                0x0800556c                wirish::priv::board_reset_pll()
 .text._ZN6wirish4priv28board_setup_clock_prescalersEv
                0x0800556e       0x2e C:\Users\ALESSD~1\AppData\Local\Temp\arduino-sketch-B4F7DAC27F03E79D009C3F0C5CE64C1A\core\wirish\boards_setup.cpp.o
                0x0800556e                wirish::priv::board_setup_clock_prescalers()
 .text._ZN6wirish4priv16board_setup_gpioEv
                0x0800559c        0x4 C:\Users\ALESSD~1\AppData\Local\Temp\arduino-sketch-B4F7DAC27F03E79D009C3F0C5CE64C1A\core\wirish\boards_setup.cpp.o
                0x0800559c                wirish::priv::board_setup_gpio()
 .text._ZN6wirish4priv15board_setup_usbEv
                0x080055a0        0x2 C:\Users\ALESSD~1\AppData\Local\Temp\arduino-sketch-B4F7DAC27F03E79D009C3F0C5CE64C1A\core\wirish\boards_setup.cpp.o
                0x080055a0                wirish::priv::board_setup_usb()
 .text._ZN6wirish4priv11series_initEv
                0x080055a2        0x4 C:\Users\ALESSD~1\AppData\Local\Temp\arduino-sketch-B4F7DAC27F03E79D009C3F0C5CE64C1A\core\wirish\boards_setup.cpp.o
                0x080055a2                wirish::priv::series_init()
 *fill*         0x080055a6        0xa 
 .text          0x080055b0       0x60 C:\Users\ALESSD~1\AppData\Local\Temp\arduino-sketch-B4F7DAC27F03E79D009C3F0C5CE64C1A/..\arduino-core-cache\core_multi4in1_STM32F1_multistm32f103c_debug_option_ftdi_1a4f32500f0d83b6bb8703ebc99ada50.a(exc.S.o)
                0x080055b0                __exc_nmi
                0x080055b4                __exc_hardfault
                0x080055b8                __exc_memmanage
                0x080055bc                __exc_busfault
                0x080055c0                __exc_usagefault
 .text          0x08005610        0x2 C:\Users\ALESSD~1\AppData\Local\Temp\arduino-sketch-B4F7DAC27F03E79D009C3F0C5CE64C1A/..\arduino-core-cache\core_multi4in1_STM32F1_multistm32f103c_debug_option_ftdi_1a4f32500f0d83b6bb8703ebc99ada50.a(isrs.S.o)
                0x08005610                __stm32reservedexception9
                0x08005610                __irq_i2c2_er
                0x08005610                __irq_i2c1_er
                0x08005610                __irq_usb_lp_can_rx0
                0x08005610                __exc_debug_monitor
                0x08005610                __exc_svc
                0x08005610                __irq_can_rx1
                0x08005610                __irq_spi2
                0x08005610                __irq_can_sce
                0x08005610                __irq_pvd
                0x08005610                __irq_tamper
                0x08005610                __default_handler
                0x08005610                __irq_wwdg
                0x08005610                __stm32reservedexception10
                0x08005610                __irq_flash
                0x08005610                __irq_i2c2_ev
                0x08005610                __stm32reservedexception13
                0x08005610                __irq_rtc
                0x08005610                __irq_spi1
                0x08005610                __stm32reservedexception7
                0x08005610                __irq_usb_hp_can_tx
                0x08005610                __irq_rtcalarm
                0x08005610                __stm32reservedexception8
                0x08005610                __exc_pendsv
                0x08005610                __irq_i2c1_ev
                0x08005610                __irq_usbwakeup
                0x08005610                __irq_rcc
 .text.adc_init
                0x08005612       0x14 C:\Users\ALESSD~1\AppData\Local\Temp\arduino-sketch-B4F7DAC27F03E79D009C3F0C5CE64C1A/..\arduino-core-cache\core_multi4in1_STM32F1_multistm32f103c_debug_option_ftdi_1a4f32500f0d83b6bb8703ebc99ada50.a(adc.c.o)
                0x08005612                adc_init
 .text.adc_set_extsel
                0x08005626       0x12 C:\Users\ALESSD~1\AppData\Local\Temp\arduino-sketch-B4F7DAC27F03E79D009C3F0C5CE64C1A/..\arduino-core-cache\core_multi4in1_STM32F1_multistm32f103c_debug_option_ftdi_1a4f32500f0d83b6bb8703ebc99ada50.a(adc.c.o)
                0x08005626                adc_set_extsel
 .text.adc_set_sample_rate
                0x08005638       0x30 C:\Users\ALESSD~1\AppData\Local\Temp\arduino-sketch-B4F7DAC27F03E79D009C3F0C5CE64C1A/..\arduino-core-cache\core_multi4in1_STM32F1_multistm32f103c_debug_option_ftdi_1a4f32500f0d83b6bb8703ebc99ada50.a(adc.c.o)
                0x08005638                adc_set_sample_rate
 .text.__irq_adc
                0x08005668       0x50 C:\Users\ALESSD~1\AppData\Local\Temp\arduino-sketch-B4F7DAC27F03E79D009C3F0C5CE64C1A/..\arduino-core-cache\core_multi4in1_STM32F1_multistm32f103c_debug_option_ftdi_1a4f32500f0d83b6bb8703ebc99ada50.a(adc_f1.c.o)
                0x08005668                __irq_adc
 .text.adc_calibrate
                0x080056b8       0x24 C:\Users\ALESSD~1\AppData\Local\Temp\arduino-sketch-B4F7DAC27F03E79D009C3F0C5CE64C1A/..\arduino-core-cache\core_multi4in1_STM32F1_multistm32f103c_debug_option_ftdi_1a4f32500f0d83b6bb8703ebc99ada50.a(adc_f1.c.o)
                0x080056b8                adc_calibrate
 .text.adc_set_prescaler
                0x080056dc        0x8 C:\Users\ALESSD~1\AppData\Local\Temp\arduino-sketch-B4F7DAC27F03E79D009C3F0C5CE64C1A/..\arduino-core-cache\core_multi4in1_STM32F1_multistm32f103c_debug_option_ftdi_1a4f32500f0d83b6bb8703ebc99ada50.a(adc_f1.c.o)
                0x080056dc                adc_set_prescaler
 .text.adc_foreach
                0x080056e4       0x1c C:\Users\ALESSD~1\AppData\Local\Temp\arduino-sketch-B4F7DAC27F03E79D009C3F0C5CE64C1A/..\arduino-core-cache\core_multi4in1_STM32F1_multistm32f103c_debug_option_ftdi_1a4f32500f0d83b6bb8703ebc99ada50.a(adc_f1.c.o)
                0x080056e4                adc_foreach
 .text.adc_enable_single_swstart
                0x08005700       0x36 C:\Users\ALESSD~1\AppData\Local\Temp\arduino-sketch-B4F7DAC27F03E79D009C3F0C5CE64C1A/..\arduino-core-cache\core_multi4in1_STM32F1_multistm32f103c_debug_option_ftdi_1a4f32500f0d83b6bb8703ebc99ada50.a(adc_f1.c.o)
                0x08005700                adc_enable_single_swstart
 *fill*         0x08005736        0x2 
 .text.__irq_dma1_channel1
                0x08005738       0x18 C:\Users\ALESSD~1\AppData\Local\Temp\arduino-sketch-B4F7DAC27F03E79D009C3F0C5CE64C1A/..\arduino-core-cache\core_multi4in1_STM32F1_multistm32f103c_debug_option_ftdi_1a4f32500f0d83b6bb8703ebc99ada50.a(dma_f1.c.o)
                0x08005738                __irq_dma1_channel1
 .text.__irq_dma1_channel2
                0x08005750       0x18 C:\Users\ALESSD~1\AppData\Local\Temp\arduino-sketch-B4F7DAC27F03E79D009C3F0C5CE64C1A/..\arduino-core-cache\core_multi4in1_STM32F1_multistm32f103c_debug_option_ftdi_1a4f32500f0d83b6bb8703ebc99ada50.a(dma_f1.c.o)
                0x08005750                __irq_dma1_channel2
 .text.__irq_dma1_channel3
                0x08005768       0x1c C:\Users\ALESSD~1\AppData\Local\Temp\arduino-sketch-B4F7DAC27F03E79D009C3F0C5CE64C1A/..\arduino-core-cache\core_multi4in1_STM32F1_multistm32f103c_debug_option_ftdi_1a4f32500f0d83b6bb8703ebc99ada50.a(dma_f1.c.o)
                0x08005768                __irq_dma1_channel3
 .text.__irq_dma1_channel4
                0x08005784       0x1c C:\Users\ALESSD~1\AppData\Local\Temp\arduino-sketch-B4F7DAC27F03E79D009C3F0C5CE64C1A/..\arduino-core-cache\core_multi4in1_STM32F1_multistm32f103c_debug_option_ftdi_1a4f32500f0d83b6bb8703ebc99ada50.a(dma_f1.c.o)
                0x08005784                __irq_dma1_channel4
 .text.__irq_dma1_channel5
                0x080057a0       0x1c C:\Users\ALESSD~1\AppData\Local\Temp\arduino-sketch-B4F7DAC27F03E79D009C3F0C5CE64C1A/..\arduino-core-cache\core_multi4in1_STM32F1_multistm32f103c_debug_option_ftdi_1a4f32500f0d83b6bb8703ebc99ada50.a(dma_f1.c.o)
                0x080057a0                __irq_dma1_channel5
 .text.__irq_dma1_channel6
                0x080057bc       0x1c C:\Users\ALESSD~1\AppData\Local\Temp\arduino-sketch-B4F7DAC27F03E79D009C3F0C5CE64C1A/..\arduino-core-cache\core_multi4in1_STM32F1_multistm32f103c_debug_option_ftdi_1a4f32500f0d83b6bb8703ebc99ada50.a(dma_f1.c.o)
                0x080057bc                __irq_dma1_channel6
 .text.__irq_dma1_channel7
                0x080057d8       0x1c C:\Users\ALESSD~1\AppData\Local\Temp\arduino-sketch-B4F7DAC27F03E79D009C3F0C5CE64C1A/..\arduino-core-cache\core_multi4in1_STM32F1_multistm32f103c_debug_option_ftdi_1a4f32500f0d83b6bb8703ebc99ada50.a(dma_f1.c.o)
                0x080057d8                __irq_dma1_channel7
 .text.flash_set_latency
                0x080057f4       0x14 C:\Users\ALESSD~1\AppData\Local\Temp\arduino-sketch-B4F7DAC27F03E79D009C3F0C5CE64C1A/..\arduino-core-cache\core_multi4in1_STM32F1_multistm32f103c_debug_option_ftdi_1a4f32500f0d83b6bb8703ebc99ada50.a(flash.c.o)
                0x080057f4                flash_set_latency
 .text.gpio_init_all
                0x08005808       0x30 C:\Users\ALESSD~1\AppData\Local\Temp\arduino-sketch-B4F7DAC27F03E79D009C3F0C5CE64C1A/..\arduino-core-cache\core_multi4in1_STM32F1_multistm32f103c_debug_option_ftdi_1a4f32500f0d83b6bb8703ebc99ada50.a(gpio_f1.c.o)
                0x08005808                gpio_init_all
 .text.gpio_set_mode
                0x08005838       0x50 C:\Users\ALESSD~1\AppData\Local\Temp\arduino-sketch-B4F7DAC27F03E79D009C3F0C5CE64C1A/..\arduino-core-cache\core_multi4in1_STM32F1_multistm32f103c_debug_option_ftdi_1a4f32500f0d83b6bb8703ebc99ada50.a(gpio_f1.c.o)
                0x08005838                gpio_set_mode
 .text.afio_init
                0x08005888       0x12 C:\Users\ALESSD~1\AppData\Local\Temp\arduino-sketch-B4F7DAC27F03E79D009C3F0C5CE64C1A/..\arduino-core-cache\core_multi4in1_STM32F1_multistm32f103c_debug_option_ftdi_1a4f32500f0d83b6bb8703ebc99ada50.a(gpio_f1.c.o)
                0x08005888                afio_init
 *fill*         0x0800589a        0x2 
 .text.nvic_irq_set_priority
                0x0800589c       0x28 C:\Users\ALESSD~1\AppData\Local\Temp\arduino-sketch-B4F7DAC27F03E79D009C3F0C5CE64C1A/..\arduino-core-cache\core_multi4in1_STM32F1_multistm32f103c_debug_option_ftdi_1a4f32500f0d83b6bb8703ebc99ada50.a(nvic.c.o)
                0x0800589c                nvic_irq_set_priority
 .text.nvic_init
                0x080058c4       0x30 C:\Users\ALESSD~1\AppData\Local\Temp\arduino-sketch-B4F7DAC27F03E79D009C3F0C5CE64C1A/..\arduino-core-cache\core_multi4in1_STM32F1_multistm32f103c_debug_option_ftdi_1a4f32500f0d83b6bb8703ebc99ada50.a(nvic.c.o)
                0x080058c4                nvic_init
 .text.nvic_sys_reset
                0x080058f4       0x1c C:\Users\ALESSD~1\AppData\Local\Temp\arduino-sketch-B4F7DAC27F03E79D009C3F0C5CE64C1A/..\arduino-core-cache\core_multi4in1_STM32F1_multistm32f103c_debug_option_ftdi_1a4f32500f0d83b6bb8703ebc99ada50.a(nvic.c.o)
                0x080058f4                nvic_sys_reset
 .text.rcc_dev_clk
                0x08005910        0xc C:\Users\ALESSD~1\AppData\Local\Temp\arduino-sketch-B4F7DAC27F03E79D009C3F0C5CE64C1A/..\arduino-core-cache\core_multi4in1_STM32F1_multistm32f103c_debug_option_ftdi_1a4f32500f0d83b6bb8703ebc99ada50.a(rcc.c.o)
                0x08005910                rcc_dev_clk
 .text.rcc_switch_sysclk
                0x0800591c       0x20 C:\Users\ALESSD~1\AppData\Local\Temp\arduino-sketch-B4F7DAC27F03E79D009C3F0C5CE64C1A/..\arduino-core-cache\core_multi4in1_STM32F1_multistm32f103c_debug_option_ftdi_1a4f32500f0d83b6bb8703ebc99ada50.a(rcc.c.o)
                0x0800591c                rcc_switch_sysclk
 .text.rcc_turn_on_clk
                0x0800593c       0x1a C:\Users\ALESSD~1\AppData\Local\Temp\arduino-sketch-B4F7DAC27F03E79D009C3F0C5CE64C1A/..\arduino-core-cache\core_multi4in1_STM32F1_multistm32f103c_debug_option_ftdi_1a4f32500f0d83b6bb8703ebc99ada50.a(rcc.c.o)
                0x0800593c                rcc_turn_on_clk
 .text.rcc_turn_off_clk
                0x08005956       0x1c C:\Users\ALESSD~1\AppData\Local\Temp\arduino-sketch-B4F7DAC27F03E79D009C3F0C5CE64C1A/..\arduino-core-cache\core_multi4in1_STM32F1_multistm32f103c_debug_option_ftdi_1a4f32500f0d83b6bb8703ebc99ada50.a(rcc.c.o)
                0x08005956                rcc_turn_off_clk
 .text.rcc_is_clk_ready
                0x08005972       0x18 C:\Users\ALESSD~1\AppData\Local\Temp\arduino-sketch-B4F7DAC27F03E79D009C3F0C5CE64C1A/..\arduino-core-cache\core_multi4in1_STM32F1_multistm32f103c_debug_option_ftdi_1a4f32500f0d83b6bb8703ebc99ada50.a(rcc.c.o)
                0x08005972                rcc_is_clk_ready
 *fill*         0x0800598a        0x2 
 .text.rcc_configure_pll
                0x0800598c       0x18 C:\Users\ALESSD~1\AppData\Local\Temp\arduino-sketch-B4F7DAC27F03E79D009C3F0C5CE64C1A/..\arduino-core-cache\core_multi4in1_STM32F1_multistm32f103c_debug_option_ftdi_1a4f32500f0d83b6bb8703ebc99ada50.a(rcc_f1.c.o)
                0x0800598c                rcc_configure_pll
 .text.rcc_clk_enable
                0x080059a4       0x30 C:\Users\ALESSD~1\AppData\Local\Temp\arduino-sketch-B4F7DAC27F03E79D009C3F0C5CE64C1A/..\arduino-core-cache\core_multi4in1_STM32F1_multistm32f103c_debug_option_ftdi_1a4f32500f0d83b6bb8703ebc99ada50.a(rcc_f1.c.o)
                0x080059a4                rcc_clk_enable
 .text.rcc_reset_dev
                0x080059d4       0x34 C:\Users\ALESSD~1\AppData\Local\Temp\arduino-sketch-B4F7DAC27F03E79D009C3F0C5CE64C1A/..\arduino-core-cache\core_multi4in1_STM32F1_multistm32f103c_debug_option_ftdi_1a4f32500f0d83b6bb8703ebc99ada50.a(rcc_f1.c.o)
                0x080059d4                rcc_reset_dev
 .text.rcc_set_prescaler
                0x08005a08       0x20 C:\Users\ALESSD~1\AppData\Local\Temp\arduino-sketch-B4F7DAC27F03E79D009C3F0C5CE64C1A/..\arduino-core-cache\core_multi4in1_STM32F1_multistm32f103c_debug_option_ftdi_1a4f32500f0d83b6bb8703ebc99ada50.a(rcc_f1.c.o)
                0x08005a08                rcc_set_prescaler
 .text.rcc_clk_disable
                0x08005a28       0x30 C:\Users\ALESSD~1\AppData\Local\Temp\arduino-sketch-B4F7DAC27F03E79D009C3F0C5CE64C1A/..\arduino-core-cache\core_multi4in1_STM32F1_multistm32f103c_debug_option_ftdi_1a4f32500f0d83b6bb8703ebc99ada50.a(rcc_f1.c.o)
                0x08005a28                rcc_clk_disable
 .text.bb_peri_set_bit
                0x08005a58        0xe C:\Users\ALESSD~1\AppData\Local\Temp\arduino-sketch-B4F7DAC27F03E79D009C3F0C5CE64C1A/..\arduino-core-cache\core_multi4in1_STM32F1_multistm32f103c_debug_option_ftdi_1a4f32500f0d83b6bb8703ebc99ada50.a(spi.c.o)
 .text.spi_init
                0x08005a66       0x14 C:\Users\ALESSD~1\AppData\Local\Temp\arduino-sketch-B4F7DAC27F03E79D009C3F0C5CE64C1A/..\arduino-core-cache\core_multi4in1_STM32F1_multistm32f103c_debug_option_ftdi_1a4f32500f0d83b6bb8703ebc99ada50.a(spi.c.o)
                0x08005a66                spi_init
 .text.spi_peripheral_enable
                0x08005a7a        0xa C:\Users\ALESSD~1\AppData\Local\Temp\arduino-sketch-B4F7DAC27F03E79D009C3F0C5CE64C1A/..\arduino-core-cache\core_multi4in1_STM32F1_multistm32f103c_debug_option_ftdi_1a4f32500f0d83b6bb8703ebc99ada50.a(spi.c.o)
                0x08005a7a                spi_peripheral_enable
 .text.spi_peripheral_disable
                0x08005a84        0xa C:\Users\ALESSD~1\AppData\Local\Temp\arduino-sketch-B4F7DAC27F03E79D009C3F0C5CE64C1A/..\arduino-core-cache\core_multi4in1_STM32F1_multistm32f103c_debug_option_ftdi_1a4f32500f0d83b6bb8703ebc99ada50.a(spi.c.o)
                0x08005a84                spi_peripheral_disable
 .text.spi_reconfigure
                0x08005a8e       0x2c C:\Users\ALESSD~1\AppData\Local\Temp\arduino-sketch-B4F7DAC27F03E79D009C3F0C5CE64C1A/..\arduino-core-cache\core_multi4in1_STM32F1_multistm32f103c_debug_option_ftdi_1a4f32500f0d83b6bb8703ebc99ada50.a(spi.c.o)
 .text.spi_master_enable
                0x08005aba        0xc C:\Users\ALESSD~1\AppData\Local\Temp\arduino-sketch-B4F7DAC27F03E79D009C3F0C5CE64C1A/..\arduino-core-cache\core_multi4in1_STM32F1_multistm32f103c_debug_option_ftdi_1a4f32500f0d83b6bb8703ebc99ada50.a(spi.c.o)
                0x08005aba                spi_master_enable
 .text.spi_config_gpios
                0x08005ac6       0x5a C:\Users\ALESSD~1\AppData\Local\Temp\arduino-sketch-B4F7DAC27F03E79D009C3F0C5CE64C1A/..\arduino-core-cache\core_multi4in1_STM32F1_multistm32f103c_debug_option_ftdi_1a4f32500f0d83b6bb8703ebc99ada50.a(spi_f1.c.o)
                0x08005ac6                spi_config_gpios
 .text.systick_init
                0x08005b20       0x10 C:\Users\ALESSD~1\AppData\Local\Temp\arduino-sketch-B4F7DAC27F03E79D009C3F0C5CE64C1A/..\arduino-core-cache\core_multi4in1_STM32F1_multistm32f103c_debug_option_ftdi_1a4f32500f0d83b6bb8703ebc99ada50.a(systick.c.o)
                0x08005b20                systick_init
 .text.__exc_systick
                0x08005b30       0x1c C:\Users\ALESSD~1\AppData\Local\Temp\arduino-sketch-B4F7DAC27F03E79D009C3F0C5CE64C1A/..\arduino-core-cache\core_multi4in1_STM32F1_multistm32f103c_debug_option_ftdi_1a4f32500f0d83b6bb8703ebc99ada50.a(systick.c.o)
                0x08005b30                __exc_systick
 .text.timer_oc_set_mode
                0x08005b4c       0x3a C:\Users\ALESSD~1\AppData\Local\Temp\arduino-sketch-B4F7DAC27F03E79D009C3F0C5CE64C1A/..\arduino-core-cache\core_multi4in1_STM32F1_multistm32f103c_debug_option_ftdi_1a4f32500f0d83b6bb8703ebc99ada50.a(timer.c.o)
 *fill*         0x08005b86        0x2 
 .text.timer_foreach
                0x08005b88       0x28 C:\Users\ALESSD~1\AppData\Local\Temp\arduino-sketch-B4F7DAC27F03E79D009C3F0C5CE64C1A/..\arduino-core-cache\core_multi4in1_STM32F1_multistm32f103c_debug_option_ftdi_1a4f32500f0d83b6bb8703ebc99ada50.a(timer.c.o)
                0x08005b88                timer_foreach
 .text.timer_init
                0x08005bb0       0x14 C:\Users\ALESSD~1\AppData\Local\Temp\arduino-sketch-B4F7DAC27F03E79D009C3F0C5CE64C1A/..\arduino-core-cache\core_multi4in1_STM32F1_multistm32f103c_debug_option_ftdi_1a4f32500f0d83b6bb8703ebc99ada50.a(timer.c.o)
                0x08005bb0                timer_init
 .text.timer_has_cc_channel
                0x08005bc4       0x30 C:\Users\ALESSD~1\AppData\Local\Temp\arduino-sketch-B4F7DAC27F03E79D009C3F0C5CE64C1A/..\arduino-core-cache\core_multi4in1_STM32F1_multistm32f103c_debug_option_ftdi_1a4f32500f0d83b6bb8703ebc99ada50.a(timer.c.o)
                0x08005bc4                timer_has_cc_channel
 .text.timer_attach_interrupt
                0x08005bf4       0xd8 C:\Users\ALESSD~1\AppData\Local\Temp\arduino-sketch-B4F7DAC27F03E79D009C3F0C5CE64C1A/..\arduino-core-cache\core_multi4in1_STM32F1_multistm32f103c_debug_option_ftdi_1a4f32500f0d83b6bb8703ebc99ada50.a(timer.c.o)
                0x08005bf4                timer_attach_interrupt
 .text.timer_detach_interrupt
                0x08005ccc       0x1e C:\Users\ALESSD~1\AppData\Local\Temp\arduino-sketch-B4F7DAC27F03E79D009C3F0C5CE64C1A/..\arduino-core-cache\core_multi4in1_STM32F1_multistm32f103c_debug_option_ftdi_1a4f32500f0d83b6bb8703ebc99ada50.a(timer.c.o)
                0x08005ccc                timer_detach_interrupt
 .text.timer_set_mode
                0x08005cea       0x86 C:\Users\ALESSD~1\AppData\Local\Temp\arduino-sketch-B4F7DAC27F03E79D009C3F0C5CE64C1A/..\arduino-core-cache\core_multi4in1_STM32F1_multistm32f103c_debug_option_ftdi_1a4f32500f0d83b6bb8703ebc99ada50.a(timer.c.o)
                0x08005cea                timer_set_mode
 .text.__irq_tim1_brk
                0x08005d70       0x24 C:\Users\ALESSD~1\AppData\Local\Temp\arduino-sketch-B4F7DAC27F03E79D009C3F0C5CE64C1A/..\arduino-core-cache\core_multi4in1_STM32F1_multistm32f103c_debug_option_ftdi_1a4f32500f0d83b6bb8703ebc99ada50.a(timer.c.o)
                0x08005d70                __irq_tim1_brk
 .text.__irq_tim1_up
                0x08005d94       0x24 C:\Users\ALESSD~1\AppData\Local\Temp\arduino-sketch-B4F7DAC27F03E79D009C3F0C5CE64C1A/..\arduino-core-cache\core_multi4in1_STM32F1_multistm32f103c_debug_option_ftdi_1a4f32500f0d83b6bb8703ebc99ada50.a(timer.c.o)
                0x08005d94                __irq_tim1_up
 .text.__irq_tim1_trg_com
                0x08005db8       0x38 C:\Users\ALESSD~1\AppData\Local\Temp\arduino-sketch-B4F7DAC27F03E79D009C3F0C5CE64C1A/..\arduino-core-cache\core_multi4in1_STM32F1_multistm32f103c_debug_option_ftdi_1a4f32500f0d83b6bb8703ebc99ada50.a(timer.c.o)
                0x08005db8                __irq_tim1_trg_com
 .text.__irq_tim1_cc
                0x08005df0       0x54 C:\Users\ALESSD~1\AppData\Local\Temp\arduino-sketch-B4F7DAC27F03E79D009C3F0C5CE64C1A/..\arduino-core-cache\core_multi4in1_STM32F1_multistm32f103c_debug_option_ftdi_1a4f32500f0d83b6bb8703ebc99ada50.a(timer.c.o)
                0x08005df0                __irq_tim1_cc
 .text.__irq_tim2
                0x08005e44       0x70 C:\Users\ALESSD~1\AppData\Local\Temp\arduino-sketch-B4F7DAC27F03E79D009C3F0C5CE64C1A/..\arduino-core-cache\core_multi4in1_STM32F1_multistm32f103c_debug_option_ftdi_1a4f32500f0d83b6bb8703ebc99ada50.a(timer.c.o)
                0x08005e44                __irq_tim2
 .text.__irq_tim3
                0x08005eb4       0x70 C:\Users\ALESSD~1\AppData\Local\Temp\arduino-sketch-B4F7DAC27F03E79D009C3F0C5CE64C1A/..\arduino-core-cache\core_multi4in1_STM32F1_multistm32f103c_debug_option_ftdi_1a4f32500f0d83b6bb8703ebc99ada50.a(timer.c.o)
                0x08005eb4                __irq_tim3
 .text.__irq_tim4
                0x08005f24       0x70 C:\Users\ALESSD~1\AppData\Local\Temp\arduino-sketch-B4F7DAC27F03E79D009C3F0C5CE64C1A/..\arduino-core-cache\core_multi4in1_STM32F1_multistm32f103c_debug_option_ftdi_1a4f32500f0d83b6bb8703ebc99ada50.a(timer.c.o)
                0x08005f24                __irq_tim4
 .text.usart_init
                0x08005f94       0x4c C:\Users\ALESSD~1\AppData\Local\Temp\arduino-sketch-B4F7DAC27F03E79D009C3F0C5CE64C1A/..\arduino-core-cache\core_multi4in1_STM32F1_multistm32f103c_debug_option_ftdi_1a4f32500f0d83b6bb8703ebc99ada50.a(usart.c.o)
                0x08005f94                usart_init
 .text.usart_enable
                0x08005fe0       0x14 C:\Users\ALESSD~1\AppData\Local\Temp\arduino-sketch-B4F7DAC27F03E79D009C3F0C5CE64C1A/..\arduino-core-cache\core_multi4in1_STM32F1_multistm32f103c_debug_option_ftdi_1a4f32500f0d83b6bb8703ebc99ada50.a(usart.c.o)
                0x08005fe0                usart_enable
 .text.usart_tx
                0x08005ff4       0x9c C:\Users\ALESSD~1\AppData\Local\Temp\arduino-sketch-B4F7DAC27F03E79D009C3F0C5CE64C1A/..\arduino-core-cache\core_multi4in1_STM32F1_multistm32f103c_debug_option_ftdi_1a4f32500f0d83b6bb8703ebc99ada50.a(usart.c.o)
                0x08005ff4                usart_tx
 .text.usart_config_gpios_async
                0x08006090       0x4a C:\Users\ALESSD~1\AppData\Local\Temp\arduino-sketch-B4F7DAC27F03E79D009C3F0C5CE64C1A/..\arduino-core-cache\core_multi4in1_STM32F1_multistm32f103c_debug_option_ftdi_1a4f32500f0d83b6bb8703ebc99ada50.a(usart_f1.c.o)
                0x08006090                usart_config_gpios_async
 .text.usart_set_baud_rate
                0x080060da       0x3c C:\Users\ALESSD~1\AppData\Local\Temp\arduino-sketch-B4F7DAC27F03E79D009C3F0C5CE64C1A/..\arduino-core-cache\core_multi4in1_STM32F1_multistm32f103c_debug_option_ftdi_1a4f32500f0d83b6bb8703ebc99ada50.a(usart_f1.c.o)
                0x080060da                usart_set_baud_rate
 *fill*         0x08006116        0x2 
 .text.__irq_usart1
                0x08006118       0xd4 C:\Users\ALESSD~1\AppData\Local\Temp\arduino-sketch-B4F7DAC27F03E79D009C3F0C5CE64C1A/..\arduino-core-cache\core_multi4in1_STM32F1_multistm32f103c_debug_option_ftdi_1a4f32500f0d83b6bb8703ebc99ada50.a(usart_f1.c.o)
                0x08006118                __irq_usart1
 .text._usart_clock_freq
                0x080061ec       0x24 C:\Users\ALESSD~1\AppData\Local\Temp\arduino-sketch-B4F7DAC27F03E79D009C3F0C5CE64C1A/..\arduino-core-cache\core_multi4in1_STM32F1_multistm32f103c_debug_option_ftdi_1a4f32500f0d83b6bb8703ebc99ada50.a(usart_private.c.o)
                0x080061ec                _usart_clock_freq
 .text.throb    0x08006210       0x4c C:\Users\ALESSD~1\AppData\Local\Temp\arduino-sketch-B4F7DAC27F03E79D009C3F0C5CE64C1A/..\arduino-core-cache\core_multi4in1_STM32F1_multistm32f103c_debug_option_ftdi_1a4f32500f0d83b6bb8703ebc99ada50.a(util.c.o)
                0x08006210                throb
 .text.__error  0x0800625c       0x14 C:\Users\ALESSD~1\AppData\Local\Temp\arduino-sketch-B4F7DAC27F03E79D009C3F0C5CE64C1A/..\arduino-core-cache\core_multi4in1_STM32F1_multistm32f103c_debug_option_ftdi_1a4f32500f0d83b6bb8703ebc99ada50.a(util.c.o)
                0x0800625c                __error
 .text._ZN14HardwareSerial4readEv
                0x08006270       0x4e C:\Users\ALESSD~1\AppData\Local\Temp\arduino-sketch-B4F7DAC27F03E79D009C3F0C5CE64C1A/..\arduino-core-cache\core_multi4in1_STM32F1_multistm32f103c_debug_option_ftdi_1a4f32500f0d83b6bb8703ebc99ada50.a(HardwareSerial.cpp.o)
                0x08006270                HardwareSerial::read()
 .text._ZN14HardwareSerial4peekEv
                0x080062be       0x22 C:\Users\ALESSD~1\AppData\Local\Temp\arduino-sketch-B4F7DAC27F03E79D009C3F0C5CE64C1A/..\arduino-core-cache\core_multi4in1_STM32F1_multistm32f103c_debug_option_ftdi_1a4f32500f0d83b6bb8703ebc99ada50.a(HardwareSerial.cpp.o)
                0x080062be                HardwareSerial::peek()
 .text._ZN14HardwareSerial5flushEv
                0x080062e0       0x1a C:\Users\ALESSD~1\AppData\Local\Temp\arduino-sketch-B4F7DAC27F03E79D009C3F0C5CE64C1A/..\arduino-core-cache\core_multi4in1_STM32F1_multistm32f103c_debug_option_ftdi_1a4f32500f0d83b6bb8703ebc99ada50.a(HardwareSerial.cpp.o)
                0x080062e0                HardwareSerial::flush()
 .text._ZN14HardwareSerial5writeEh
                0x080062fa       0x1e C:\Users\ALESSD~1\AppData\Local\Temp\arduino-sketch-B4F7DAC27F03E79D009C3F0C5CE64C1A/..\arduino-core-cache\core_multi4in1_STM32F1_multistm32f103c_debug_option_ftdi_1a4f32500f0d83b6bb8703ebc99ada50.a(HardwareSerial.cpp.o)
                0x080062fa                HardwareSerial::write(unsigned char)
 .text._ZN14HardwareSerial9availableEv
                0x08006318       0x26 C:\Users\ALESSD~1\AppData\Local\Temp\arduino-sketch-B4F7DAC27F03E79D009C3F0C5CE64C1A/..\arduino-core-cache\core_multi4in1_STM32F1_multistm32f103c_debug_option_ftdi_1a4f32500f0d83b6bb8703ebc99ada50.a(HardwareSerial.cpp.o)
                0x08006318                HardwareSerial::available()
 *fill*         0x0800633e        0x2 
 .text._ZN14HardwareSerialC2EP9usart_devhh
                0x08006340       0x1c C:\Users\ALESSD~1\AppData\Local\Temp\arduino-sketch-B4F7DAC27F03E79D009C3F0C5CE64C1A/..\arduino-core-cache\core_multi4in1_STM32F1_multistm32f103c_debug_option_ftdi_1a4f32500f0d83b6bb8703ebc99ada50.a(HardwareSerial.cpp.o)
                0x08006340                HardwareSerial::HardwareSerial(usart_dev*, unsigned char, unsigned char)
                0x08006340                HardwareSerial::HardwareSerial(usart_dev*, unsigned char, unsigned char)
 .text._ZN14HardwareSerial5beginEmh
                0x0800635c       0x78 C:\Users\ALESSD~1\AppData\Local\Temp\arduino-sketch-B4F7DAC27F03E79D009C3F0C5CE64C1A/..\arduino-core-cache\core_multi4in1_STM32F1_multistm32f103c_debug_option_ftdi_1a4f32500f0d83b6bb8703ebc99ada50.a(HardwareSerial.cpp.o)
                0x0800635c                HardwareSerial::begin(unsigned long, unsigned char)
 .text.set_this_dev
                0x080063d4       0x1c C:\Users\ALESSD~1\AppData\Local\Temp\arduino-sketch-B4F7DAC27F03E79D009C3F0C5CE64C1A/..\arduino-core-cache\core_multi4in1_STM32F1_multistm32f103c_debug_option_ftdi_1a4f32500f0d83b6bb8703ebc99ada50.a(HardwareTimer.cpp.o)
 .text._ZN13HardwareTimerC2Eh
                0x080063f0       0x2c C:\Users\ALESSD~1\AppData\Local\Temp\arduino-sketch-B4F7DAC27F03E79D009C3F0C5CE64C1A/..\arduino-core-cache\core_multi4in1_STM32F1_multistm32f103c_debug_option_ftdi_1a4f32500f0d83b6bb8703ebc99ada50.a(HardwareTimer.cpp.o)
                0x080063f0                HardwareTimer::HardwareTimer(unsigned char)
                0x080063f0                HardwareTimer::HardwareTimer(unsigned char)
 .text._ZN13HardwareTimer5pauseEv
                0x0800641c       0x10 C:\Users\ALESSD~1\AppData\Local\Temp\arduino-sketch-B4F7DAC27F03E79D009C3F0C5CE64C1A/..\arduino-core-cache\core_multi4in1_STM32F1_multistm32f103c_debug_option_ftdi_1a4f32500f0d83b6bb8703ebc99ada50.a(HardwareTimer.cpp.o)
                0x0800641c                HardwareTimer::pause()
 .text._ZN13HardwareTimer6resumeEv
                0x0800642c       0x10 C:\Users\ALESSD~1\AppData\Local\Temp\arduino-sketch-B4F7DAC27F03E79D009C3F0C5CE64C1A/..\arduino-core-cache\core_multi4in1_STM32F1_multistm32f103c_debug_option_ftdi_1a4f32500f0d83b6bb8703ebc99ada50.a(HardwareTimer.cpp.o)
                0x0800642c                HardwareTimer::resume()
 .text._ZN13HardwareTimer7setModeEi10timer_mode
                0x0800643c        0x8 C:\Users\ALESSD~1\AppData\Local\Temp\arduino-sketch-B4F7DAC27F03E79D009C3F0C5CE64C1A/..\arduino-core-cache\core_multi4in1_STM32F1_multistm32f103c_debug_option_ftdi_1a4f32500f0d83b6bb8703ebc99ada50.a(HardwareTimer.cpp.o)
                0x0800643c                HardwareTimer::setMode(int, timer_mode)
 .text._ZN13HardwareTimer15attachInterruptEiPFvvE
                0x08006444        0x8 C:\Users\ALESSD~1\AppData\Local\Temp\arduino-sketch-B4F7DAC27F03E79D009C3F0C5CE64C1A/..\arduino-core-cache\core_multi4in1_STM32F1_multistm32f103c_debug_option_ftdi_1a4f32500f0d83b6bb8703ebc99ada50.a(HardwareTimer.cpp.o)
                0x08006444                HardwareTimer::attachInterrupt(int, void (*)())
 .text._ZN13HardwareTimer7refreshEv
                0x0800644c       0x12 C:\Users\ALESSD~1\AppData\Local\Temp\arduino-sketch-B4F7DAC27F03E79D009C3F0C5CE64C1A/..\arduino-core-cache\core_multi4in1_STM32F1_multistm32f103c_debug_option_ftdi_1a4f32500f0d83b6bb8703ebc99ada50.a(HardwareTimer.cpp.o)
                0x0800644c                HardwareTimer::refresh()
 *fill*         0x0800645e        0x2 
 .text.startup._GLOBAL__sub_I__ZN13HardwareTimerC2Eh
                0x08006460       0x38 C:\Users\ALESSD~1\AppData\Local\Temp\arduino-sketch-B4F7DAC27F03E79D009C3F0C5CE64C1A/..\arduino-core-cache\core_multi4in1_STM32F1_multistm32f103c_debug_option_ftdi_1a4f32500f0d83b6bb8703ebc99ada50.a(HardwareTimer.cpp.o)
 .text._ZN5Print5writeEPKc
                0x08006498       0x1c C:\Users\ALESSD~1\AppData\Local\Temp\arduino-sketch-B4F7DAC27F03E79D009C3F0C5CE64C1A/..\arduino-core-cache\core_multi4in1_STM32F1_multistm32f103c_debug_option_ftdi_1a4f32500f0d83b6bb8703ebc99ada50.a(Print.cpp.o)
                0x08006498                Print::write(char const*)
 .text._ZN5Print5writeEPKvm
                0x080064b4       0x20 C:\Users\ALESSD~1\AppData\Local\Temp\arduino-sketch-B4F7DAC27F03E79D009C3F0C5CE64C1A/..\arduino-core-cache\core_multi4in1_STM32F1_multistm32f103c_debug_option_ftdi_1a4f32500f0d83b6bb8703ebc99ada50.a(Print.cpp.o)
                0x080064b4                Print::write(void const*, unsigned long)
 .text._Z15attachInterrupthPFvvE17ExtIntTriggerMode
                0x080064d4       0x3c C:\Users\ALESSD~1\AppData\Local\Temp\arduino-sketch-B4F7DAC27F03E79D009C3F0C5CE64C1A/..\arduino-core-cache\core_multi4in1_STM32F1_multistm32f103c_debug_option_ftdi_1a4f32500f0d83b6bb8703ebc99ada50.a(ext_interrupts.cpp.o)
                0x080064d4                attachInterrupt(unsigned char, void (*)(), ExtIntTriggerMode)
 .text.startup._Z7premainv
                0x08006510        0x4 C:\Users\ALESSD~1\AppData\Local\Temp\arduino-sketch-B4F7DAC27F03E79D009C3F0C5CE64C1A/..\arduino-core-cache\core_multi4in1_STM32F1_multistm32f103c_debug_option_ftdi_1a4f32500f0d83b6bb8703ebc99ada50.a(main.cpp.o)
                0x08006510                premain()
 .text.startup.main
                0x08006514        0xc C:\Users\ALESSD~1\AppData\Local\Temp\arduino-sketch-B4F7DAC27F03E79D009C3F0C5CE64C1A/..\arduino-core-cache\core_multi4in1_STM32F1_multistm32f103c_debug_option_ftdi_1a4f32500f0d83b6bb8703ebc99ada50.a(main.cpp.o)
                0x08006514                main
 .text._Z7pinModeh13WiringPinMode
                0x08006520       0x84 C:\Users\ALESSD~1\AppData\Local\Temp\arduino-sketch-B4F7DAC27F03E79D009C3F0C5CE64C1A/..\arduino-core-cache\core_multi4in1_STM32F1_multistm32f103c_debug_option_ftdi_1a4f32500f0d83b6bb8703ebc99ada50.a(wirish_digital_f1.cpp.o)
                0x08006520                pinMode(unsigned char, WiringPinMode)
 .text._Z11digitalReadh
                0x080065a4       0x2c C:\Users\ALESSD~1\AppData\Local\Temp\arduino-sketch-B4F7DAC27F03E79D009C3F0C5CE64C1A/..\arduino-core-cache\core_multi4in1_STM32F1_multistm32f103c_debug_option_ftdi_1a4f32500f0d83b6bb8703ebc99ada50.a(wirish_digital.cpp.o)
                0x080065a4                digitalRead(unsigned char)
 .text._Z12digitalWritehh
                0x080065d0       0x2c C:\Users\ALESSD~1\AppData\Local\Temp\arduino-sketch-B4F7DAC27F03E79D009C3F0C5CE64C1A/..\arduino-core-cache\core_multi4in1_STM32F1_multistm32f103c_debug_option_ftdi_1a4f32500f0d83b6bb8703ebc99ada50.a(wirish_digital.cpp.o)
                0x080065d0                digitalWrite(unsigned char, unsigned char)
 .text._Z10randomSeedj
                0x080065fc        0x8 C:\Users\ALESSD~1\AppData\Local\Temp\arduino-sketch-B4F7DAC27F03E79D009C3F0C5CE64C1A/..\arduino-core-cache\core_multi4in1_STM32F1_multistm32f103c_debug_option_ftdi_1a4f32500f0d83b6bb8703ebc99ada50.a(wirish_math.cpp.o)
                0x080065fc                randomSeed(unsigned int)
 .text._Z6randoml
                0x08006604       0x16 C:\Users\ALESSD~1\AppData\Local\Temp\arduino-sketch-B4F7DAC27F03E79D009C3F0C5CE64C1A/..\arduino-core-cache\core_multi4in1_STM32F1_multistm32f103c_debug_option_ftdi_1a4f32500f0d83b6bb8703ebc99ada50.a(wirish_math.cpp.o)
                0x08006604                random(long)
 *fill*         0x0800661a        0x2 
 .text._Z5delaym
                0x0800661c       0x1c C:\Users\ALESSD~1\AppData\Local\Temp\arduino-sketch-B4F7DAC27F03E79D009C3F0C5CE64C1A/..\arduino-core-cache\core_multi4in1_STM32F1_multistm32f103c_debug_option_ftdi_1a4f32500f0d83b6bb8703ebc99ada50.a(wirish_time.cpp.o)
                0x0800661c                delay(unsigned long)
 .text._Z17delayMicrosecondsm
                0x08006638        0xe C:\Users\ALESSD~1\AppData\Local\Temp\arduino-sketch-B4F7DAC27F03E79D009C3F0C5CE64C1A/..\arduino-core-cache\core_multi4in1_STM32F1_multistm32f103c_debug_option_ftdi_1a4f32500f0d83b6bb8703ebc99ada50.a(wirish_time.cpp.o)
                0x08006638                delayMicroseconds(unsigned long)
 .text.__empty  0x08006646        0x2 C:\Users\ALESSD~1\AppData\Local\Temp\arduino-sketch-B4F7DAC27F03E79D009C3F0C5CE64C1A/..\arduino-core-cache\core_multi4in1_STM32F1_multistm32f103c_debug_option_ftdi_1a4f32500f0d83b6bb8703ebc99ada50.a(hooks.c.o)
                0x08006646                yield
 .text.exti_attach_callback
                0x08006648       0xac C:\Users\ALESSD~1\AppData\Local\Temp\arduino-sketch-B4F7DAC27F03E79D009C3F0C5CE64C1A/..\arduino-core-cache\core_multi4in1_STM32F1_multistm32f103c_debug_option_ftdi_1a4f32500f0d83b6bb8703ebc99ada50.a(exti.c.o)
                0x08006648                exti_attach_callback
 .text.exti_attach_interrupt
                0x080066f4       0x10 C:\Users\ALESSD~1\AppData\Local\Temp\arduino-sketch-B4F7DAC27F03E79D009C3F0C5CE64C1A/..\arduino-core-cache\core_multi4in1_STM32F1_multistm32f103c_debug_option_ftdi_1a4f32500f0d83b6bb8703ebc99ada50.a(exti.c.o)
                0x080066f4                exti_attach_interrupt
 .text.exti_do_select
                0x08006704       0x1a C:\Users\ALESSD~1\AppData\Local\Temp\arduino-sketch-B4F7DAC27F03E79D009C3F0C5CE64C1A/..\arduino-core-cache\core_multi4in1_STM32F1_multistm32f103c_debug_option_ftdi_1a4f32500f0d83b6bb8703ebc99ada50.a(exti.c.o)
                0x08006704                exti_do_select
 *fill*         0x0800671e        0x2 
 .text.__irq_exti0
                0x08006720       0x20 C:\Users\ALESSD~1\AppData\Local\Temp\arduino-sketch-B4F7DAC27F03E79D009C3F0C5CE64C1A/..\arduino-core-cache\core_multi4in1_STM32F1_multistm32f103c_debug_option_ftdi_1a4f32500f0d83b6bb8703ebc99ada50.a(exti.c.o)
                0x08006720                __irq_exti0
 .text.__irq_exti1
                0x08006740       0x20 C:\Users\ALESSD~1\AppData\Local\Temp\arduino-sketch-B4F7DAC27F03E79D009C3F0C5CE64C1A/..\arduino-core-cache\core_multi4in1_STM32F1_multistm32f103c_debug_option_ftdi_1a4f32500f0d83b6bb8703ebc99ada50.a(exti.c.o)
                0x08006740                __irq_exti1
 .text.__irq_exti2
                0x08006760       0x20 C:\Users\ALESSD~1\AppData\Local\Temp\arduino-sketch-B4F7DAC27F03E79D009C3F0C5CE64C1A/..\arduino-core-cache\core_multi4in1_STM32F1_multistm32f103c_debug_option_ftdi_1a4f32500f0d83b6bb8703ebc99ada50.a(exti.c.o)
                0x08006760                __irq_exti2
 .text.__irq_exti3
                0x08006780       0x20 C:\Users\ALESSD~1\AppData\Local\Temp\arduino-sketch-B4F7DAC27F03E79D009C3F0C5CE64C1A/..\arduino-core-cache\core_multi4in1_STM32F1_multistm32f103c_debug_option_ftdi_1a4f32500f0d83b6bb8703ebc99ada50.a(exti.c.o)
                0x08006780                __irq_exti3
 .text.__irq_exti4
                0x080067a0       0x20 C:\Users\ALESSD~1\AppData\Local\Temp\arduino-sketch-B4F7DAC27F03E79D009C3F0C5CE64C1A/..\arduino-core-cache\core_multi4in1_STM32F1_multistm32f103c_debug_option_ftdi_1a4f32500f0d83b6bb8703ebc99ada50.a(exti.c.o)
                0x080067a0                __irq_exti4
 .text.__irq_exti9_5
                0x080067c0       0x44 C:\Users\ALESSD~1\AppData\Local\Temp\arduino-sketch-B4F7DAC27F03E79D009C3F0C5CE64C1A/..\arduino-core-cache\core_multi4in1_STM32F1_multistm32f103c_debug_option_ftdi_1a4f32500f0d83b6bb8703ebc99ada50.a(exti.c.o)
                0x080067c0                __irq_exti9_5
 .text.__irq_exti15_10
                0x08006804       0x44 C:\Users\ALESSD~1\AppData\Local\Temp\arduino-sketch-B4F7DAC27F03E79D009C3F0C5CE64C1A/..\arduino-core-cache\core_multi4in1_STM32F1_multistm32f103c_debug_option_ftdi_1a4f32500f0d83b6bb8703ebc99ada50.a(exti.c.o)
                0x08006804                __irq_exti15_10
 .text.exti_select
                0x08006848       0x18 C:\Users\ALESSD~1\AppData\Local\Temp\arduino-sketch-B4F7DAC27F03E79D009C3F0C5CE64C1A/..\arduino-core-cache\core_multi4in1_STM32F1_multistm32f103c_debug_option_ftdi_1a4f32500f0d83b6bb8703ebc99ada50.a(exti_f1.c.o)
                0x08006848                exti_select
 .text.gpio_init
                0x08006860       0x14 C:\Users\ALESSD~1\AppData\Local\Temp\arduino-sketch-B4F7DAC27F03E79D009C3F0C5CE64C1A/..\arduino-core-cache\core_multi4in1_STM32F1_multistm32f103c_debug_option_ftdi_1a4f32500f0d83b6bb8703ebc99ada50.a(gpio.c.o)
                0x08006860                gpio_init
 .text          0x08006874      0x370 c:/users/alessdesktop/appdata/local/arduino15/packages/arduino/tools/arm-none-eabi-gcc/4.8.3-2014q1/bin/../lib/gcc/arm-none-eabi/4.8.3/armv7-m\libgcc.a(_arm_addsubdf3.o)
                0x08006874                __aeabi_drsub
                0x0800687c                __aeabi_dsub
                0x0800687c                __subdf3
                0x08006880                __aeabi_dadd
                0x08006880                __adddf3
                0x08006af8                __floatunsidf
                0x08006af8                __aeabi_ui2d
                0x08006b18                __floatsidf
                0x08006b18                __aeabi_i2d
                0x08006b3c                __aeabi_f2d
                0x08006b3c                __extendsfdf2
                0x08006b78                __floatundidf
                0x08006b78                __aeabi_ul2d
                0x08006b88                __floatdidf
                0x08006b88                __aeabi_l2d
 .text          0x08006be4      0x424 c:/users/alessdesktop/appdata/local/arduino15/packages/arduino/tools/arm-none-eabi-gcc/4.8.3-2014q1/bin/../lib/gcc/arm-none-eabi/4.8.3/armv7-m\libgcc.a(_arm_muldivdf3.o)
                0x08006be4                __aeabi_dmul
                0x08006be4                __muldf3
                0x08006e38                __divdf3
                0x08006e38                __aeabi_ddiv
 .text          0x08007008      0x110 c:/users/alessdesktop/appdata/local/arduino15/packages/arduino/tools/arm-none-eabi-gcc/4.8.3-2014q1/bin/../lib/gcc/arm-none-eabi/4.8.3/armv7-m\libgcc.a(_arm_cmpdf2.o)
                0x08007008                __gtdf2
                0x08007008                __gedf2
                0x08007010                __ltdf2
                0x08007010                __ledf2
                0x08007018                __nedf2
                0x08007018                __eqdf2
                0x08007018                __cmpdf2
                0x08007094                __aeabi_cdrcmple
                0x080070a4                __aeabi_cdcmpeq
                0x080070a4                __aeabi_cdcmple
                0x080070b4                __aeabi_dcmpeq
                0x080070c8                __aeabi_dcmplt
                0x080070dc                __aeabi_dcmple
                0x080070f0                __aeabi_dcmpge
                0x08007104                __aeabi_dcmpgt
 .text          0x08007118       0x50 c:/users/alessdesktop/appdata/local/arduino15/packages/arduino/tools/arm-none-eabi-gcc/4.8.3-2014q1/bin/../lib/gcc/arm-none-eabi/4.8.3/armv7-m\libgcc.a(_arm_fixdfsi.o)
                0x08007118                __aeabi_d2iz
                0x08007118                __fixdfsi
 .text          0x08007168       0x40 c:/users/alessdesktop/appdata/local/arduino15/packages/arduino/tools/arm-none-eabi-gcc/4.8.3-2014q1/bin/../lib/gcc/arm-none-eabi/4.8.3/armv7-m\libgcc.a(_arm_fixunsdfsi.o)
                0x08007168                __aeabi_d2uiz
                0x08007168                __fixunsdfsi
 .text          0x080071a8       0x2c c:/users/alessdesktop/appdata/local/arduino15/packages/arduino/tools/arm-none-eabi-gcc/4.8.3-2014q1/bin/../lib/gcc/arm-none-eabi/4.8.3/armv7-m\libgcc.a(_aeabi_uldivmod.o)
                0x080071a8                __aeabi_uldivmod
 .text          0x080071d4       0x60 c:/users/alessdesktop/appdata/local/arduino15/packages/arduino/tools/arm-none-eabi-gcc/4.8.3-2014q1/bin/../lib/gcc/arm-none-eabi/4.8.3/armv7-m\libgcc.a(bpabi.o)
                0x080071d4                __gnu_ldivmod_helper
                0x08007204                __gnu_uldivmod_helper
 .text          0x08007234        0x4 c:/users/alessdesktop/appdata/local/arduino15/packages/arduino/tools/arm-none-eabi-gcc/4.8.3-2014q1/bin/../lib/gcc/arm-none-eabi/4.8.3/armv7-m\libgcc.a(_dvmd_tls.o)
                0x08007234                __aeabi_idiv0
                0x08007234                __aeabi_ldiv0
 .text          0x08007238      0x2a0 c:/users/alessdesktop/appdata/local/arduino15/packages/arduino/tools/arm-none-eabi-gcc/4.8.3-2014q1/bin/../lib/gcc/arm-none-eabi/4.8.3/armv7-m\libgcc.a(_divdi3.o)
                0x08007238                __divdi3
 .text          0x080074d8      0x290 c:/users/alessdesktop/appdata/local/arduino15/packages/arduino/tools/arm-none-eabi-gcc/4.8.3-2014q1/bin/../lib/gcc/arm-none-eabi/4.8.3/armv7-m\libgcc.a(_udivdi3.o)
                0x080074d8                __udivdi3
 .text.__errno  0x08007768        0xc c:/users/alessdesktop/appdata/local/arduino15/packages/arduino/tools/arm-none-eabi-gcc/4.8.3-2014q1/bin/../lib/gcc/arm-none-eabi/4.8.3/../../../../arm-none-eabi/lib/armv7-m\libc.a(lib_a-errno.o)
                0x08007768                __errno
 .text.exit     0x08007774       0x20 c:/users/alessdesktop/appdata/local/arduino15/packages/arduino/tools/arm-none-eabi-gcc/4.8.3-2014q1/bin/../lib/gcc/arm-none-eabi/4.8.3/../../../../arm-none-eabi/lib/armv7-m\libc.a(lib_a-exit.o)
                0x08007774                exit
 .text.__libc_init_array
                0x08007794       0x50 c:/users/alessdesktop/appdata/local/arduino15/packages/arduino/tools/arm-none-eabi-gcc/4.8.3-2014q1/bin/../lib/gcc/arm-none-eabi/4.8.3/../../../../arm-none-eabi/lib/armv7-m\libc.a(lib_a-init.o)
                0x08007794                __libc_init_array
 .text.malloc   0x080077e4       0x10 c:/users/alessdesktop/appdata/local/arduino15/packages/arduino/tools/arm-none-eabi-gcc/4.8.3-2014q1/bin/../lib/gcc/arm-none-eabi/4.8.3/../../../../arm-none-eabi/lib/armv7-m\libc.a(lib_a-malloc.o)
                0x080077e4                malloc
 .text.free     0x080077f4       0x10 c:/users/alessdesktop/appdata/local/arduino15/packages/arduino/tools/arm-none-eabi-gcc/4.8.3-2014q1/bin/../lib/gcc/arm-none-eabi/4.8.3/../../../../arm-none-eabi/lib/armv7-m\libc.a(lib_a-malloc.o)
                0x080077f4                free
 .text._malloc_r
                0x08007804      0x538 c:/users/alessdesktop/appdata/local/arduino15/packages/arduino/tools/arm-none-eabi-gcc/4.8.3-2014q1/bin/../lib/gcc/arm-none-eabi/4.8.3/../../../../arm-none-eabi/lib/armv7-m\libc.a(lib_a-mallocr.o)
                0x08007804                _malloc_r
 .text.memcmp   0x08007d3c       0x68 c:/users/alessdesktop/appdata/local/arduino15/packages/arduino/tools/arm-none-eabi-gcc/4.8.3-2014q1/bin/../lib/gcc/arm-none-eabi/4.8.3/../../../../arm-none-eabi/lib/armv7-m\libc.a(lib_a-memcmp.o)
                0x08007d3c                memcmp
 .text          0x08007da4       0xec c:/users/alessdesktop/appdata/local/arduino15/packages/arduino/tools/arm-none-eabi-gcc/4.8.3-2014q1/bin/../lib/gcc/arm-none-eabi/4.8.3/../../../../arm-none-eabi/lib/armv7-m\libc.a(lib_a-memcpy.o)
                0x08007da4                memcpy
 .text.memset   0x08007e90       0x94 c:/users/alessdesktop/appdata/local/arduino15/packages/arduino/tools/arm-none-eabi-gcc/4.8.3-2014q1/bin/../lib/gcc/arm-none-eabi/4.8.3/../../../../arm-none-eabi/lib/armv7-m\libc.a(lib_a-memset.o)
                0x08007e90                memset
 .text.__malloc_lock
                0x08007f24        0x4 c:/users/alessdesktop/appdata/local/arduino15/packages/arduino/tools/arm-none-eabi-gcc/4.8.3-2014q1/bin/../lib/gcc/arm-none-eabi/4.8.3/../../../../arm-none-eabi/lib/armv7-m\libc.a(lib_a-mlock.o)
                0x08007f24                __malloc_lock
 .text.__malloc_unlock
                0x08007f28        0x4 c:/users/alessdesktop/appdata/local/arduino15/packages/arduino/tools/arm-none-eabi-gcc/4.8.3-2014q1/bin/../lib/gcc/arm-none-eabi/4.8.3/../../../../arm-none-eabi/lib/armv7-m\libc.a(lib_a-mlock.o)
                0x08007f28                __malloc_unlock
 .text.srand    0x08007f2c       0x10 c:/users/alessdesktop/appdata/local/arduino15/packages/arduino/tools/arm-none-eabi-gcc/4.8.3-2014q1/bin/../lib/gcc/arm-none-eabi/4.8.3/../../../../arm-none-eabi/lib/armv7-m\libc.a(lib_a-rand.o)
                0x08007f2c                srand
 .text.rand     0x08007f3c       0x40 c:/users/alessdesktop/appdata/local/arduino15/packages/arduino/tools/arm-none-eabi-gcc/4.8.3-2014q1/bin/../lib/gcc/arm-none-eabi/4.8.3/../../../../arm-none-eabi/lib/armv7-m\libc.a(lib_a-rand.o)
                0x08007f3c                rand
 .text._sbrk_r  0x08007f7c       0x24 c:/users/alessdesktop/appdata/local/arduino15/packages/arduino/tools/arm-none-eabi-gcc/4.8.3-2014q1/bin/../lib/gcc/arm-none-eabi/4.8.3/../../../../arm-none-eabi/lib/armv7-m\libc.a(lib_a-sbrkr.o)
                0x08007f7c                _sbrk_r
 .text.sprintf  0x08007fa0       0x4c c:/users/alessdesktop/appdata/local/arduino15/packages/arduino/tools/arm-none-eabi-gcc/4.8.3-2014q1/bin/../lib/gcc/arm-none-eabi/4.8.3/../../../../arm-none-eabi/lib/armv7-m\libc.a(lib_a-sprintf.o)
                0x08007fa0                sprintf
 .text.strcpy   0x08007fec       0xbc c:/users/alessdesktop/appdata/local/arduino15/packages/arduino/tools/arm-none-eabi-gcc/4.8.3-2014q1/bin/../lib/gcc/arm-none-eabi/4.8.3/../../../../arm-none-eabi/lib/armv7-m\libc.a(lib_a-strcpy.o)
                0x08007fec                strcpy
 .text._svfprintf_r
                0x080080a8     0x14e0 c:/users/alessdesktop/appdata/local/arduino15/packages/arduino/tools/arm-none-eabi-gcc/4.8.3-2014q1/bin/../lib/gcc/arm-none-eabi/4.8.3/../../../../arm-none-eabi/lib/armv7-m\libc.a(lib_a-svfprintf.o)
                0x080080a8                _svfprintf_r
 .text.startup.register_fini
                0x08009588       0x14 c:/users/alessdesktop/appdata/local/arduino15/packages/arduino/tools/arm-none-eabi-gcc/4.8.3-2014q1/bin/../lib/gcc/arm-none-eabi/4.8.3/../../../../arm-none-eabi/lib/armv7-m\libc.a(lib_a-__call_atexit.o)
 .text.__call_exitprocs
                0x0800959c       0xf0 c:/users/alessdesktop/appdata/local/arduino15/packages/arduino/tools/arm-none-eabi-gcc/4.8.3-2014q1/bin/../lib/gcc/arm-none-eabi/4.8.3/../../../../arm-none-eabi/lib/armv7-m\libc.a(lib_a-__call_atexit.o)
                0x0800959c                __call_exitprocs
 .text.atexit   0x0800968c        0xc c:/users/alessdesktop/appdata/local/arduino15/packages/arduino/tools/arm-none-eabi-gcc/4.8.3-2014q1/bin/../lib/gcc/arm-none-eabi/4.8.3/../../../../arm-none-eabi/lib/armv7-m\libc.a(lib_a-atexit.o)
                0x0800968c                atexit
 .text.quorem   0x08009698      0x134 c:/users/alessdesktop/appdata/local/arduino15/packages/arduino/tools/arm-none-eabi-gcc/4.8.3-2014q1/bin/../lib/gcc/arm-none-eabi/4.8.3/../../../../arm-none-eabi/lib/armv7-m\libc.a(lib_a-dtoa.o)
 *fill*         0x080097cc        0x4 
 .text._dtoa_r  0x080097d0      0xe38 c:/users/alessdesktop/appdata/local/arduino15/packages/arduino/tools/arm-none-eabi-gcc/4.8.3-2014q1/bin/../lib/gcc/arm-none-eabi/4.8.3/../../../../arm-none-eabi/lib/armv7-m\libc.a(lib_a-dtoa.o)
                0x080097d0                _dtoa_r
 .text.__libc_fini_array
                0x0800a608       0x30 c:/users/alessdesktop/appdata/local/arduino15/packages/arduino/tools/arm-none-eabi-gcc/4.8.3-2014q1/bin/../lib/gcc/arm-none-eabi/4.8.3/../../../../arm-none-eabi/lib/armv7-m\libc.a(lib_a-fini.o)
                0x0800a608                __libc_fini_array
 .text._malloc_trim_r
                0x0800a638       0x9c c:/users/alessdesktop/appdata/local/arduino15/packages/arduino/tools/arm-none-eabi-gcc/4.8.3-2014q1/bin/../lib/gcc/arm-none-eabi/4.8.3/../../../../arm-none-eabi/lib/armv7-m\libc.a(lib_a-freer.o)